Archive member included to satisfy reference by file (symbol)

j:/intelfpga/16.1/nios2eds/bin/gnu/h-x86_64-mingw32/bin/../lib/gcc/nios2-elf/5.3.0/../../../../../H-x86_64-mingw32/nios2-elf/lib\libstdc++.a(del_op.o)
                              obj/default/VIP_ctrl/vip_wrapper_for_c_func.o (operator delete(void*))
j:/intelfpga/16.1/nios2eds/bin/gnu/h-x86_64-mingw32/bin/../lib/gcc/nios2-elf/5.3.0/../../../../../H-x86_64-mingw32/nios2-elf/lib\libstdc++.a(eh_personality.o)
                              obj/default/VIP_ctrl/vip_wrapper_for_c_func.o (__gxx_personality_sj0)
j:/intelfpga/16.1/nios2eds/bin/gnu/h-x86_64-mingw32/bin/../lib/gcc/nios2-elf/5.3.0/../../../../../H-x86_64-mingw32/nios2-elf/lib\libstdc++.a(eh_catch.o)
                              j:/intelfpga/16.1/nios2eds/bin/gnu/h-x86_64-mingw32/bin/../lib/gcc/nios2-elf/5.3.0/../../../../../H-x86_64-mingw32/nios2-elf/lib\libstdc++.a(eh_personality.o) (__cxa_begin_catch)
j:/intelfpga/16.1/nios2eds/bin/gnu/h-x86_64-mingw32/bin/../lib/gcc/nios2-elf/5.3.0/../../../../../H-x86_64-mingw32/nios2-elf/lib\libstdc++.a(eh_terminate.o)
                              j:/intelfpga/16.1/nios2eds/bin/gnu/h-x86_64-mingw32/bin/../lib/gcc/nios2-elf/5.3.0/../../../../../H-x86_64-mingw32/nios2-elf/lib\libstdc++.a(eh_personality.o) (__cxxabiv1::__terminate(void (*)()))
j:/intelfpga/16.1/nios2eds/bin/gnu/h-x86_64-mingw32/bin/../lib/gcc/nios2-elf/5.3.0/../../../../../H-x86_64-mingw32/nios2-elf/lib\libstdc++.a(new_op.o)
                              obj/default/VIP_ctrl/vip_wrapper_for_c_func.o (operator new(unsigned int))
j:/intelfpga/16.1/nios2eds/bin/gnu/h-x86_64-mingw32/bin/../lib/gcc/nios2-elf/5.3.0/../../../../../H-x86_64-mingw32/nios2-elf/lib\libstdc++.a(eh_globals.o)
                              j:/intelfpga/16.1/nios2eds/bin/gnu/h-x86_64-mingw32/bin/../lib/gcc/nios2-elf/5.3.0/../../../../../H-x86_64-mingw32/nios2-elf/lib\libstdc++.a(eh_personality.o) (__cxa_get_globals_fast)
j:/intelfpga/16.1/nios2eds/bin/gnu/h-x86_64-mingw32/bin/../lib/gcc/nios2-elf/5.3.0/../../../../../H-x86_64-mingw32/nios2-elf/lib\libstdc++.a(eh_alloc.o)
                              j:/intelfpga/16.1/nios2eds/bin/gnu/h-x86_64-mingw32/bin/../lib/gcc/nios2-elf/5.3.0/../../../../../H-x86_64-mingw32/nios2-elf/lib\libstdc++.a(eh_personality.o) (__cxa_allocate_exception)
j:/intelfpga/16.1/nios2eds/bin/gnu/h-x86_64-mingw32/bin/../lib/gcc/nios2-elf/5.3.0/../../../../../H-x86_64-mingw32/nios2-elf/lib\libstdc++.a(eh_exception.o)
                              j:/intelfpga/16.1/nios2eds/bin/gnu/h-x86_64-mingw32/bin/../lib/gcc/nios2-elf/5.3.0/../../../../../H-x86_64-mingw32/nios2-elf/lib\libstdc++.a(eh_personality.o) (std::bad_exception::~bad_exception())
j:/intelfpga/16.1/nios2eds/bin/gnu/h-x86_64-mingw32/bin/../lib/gcc/nios2-elf/5.3.0/../../../../../H-x86_64-mingw32/nios2-elf/lib\libstdc++.a(eh_throw.o)
                              j:/intelfpga/16.1/nios2eds/bin/gnu/h-x86_64-mingw32/bin/../lib/gcc/nios2-elf/5.3.0/../../../../../H-x86_64-mingw32/nios2-elf/lib\libstdc++.a(eh_personality.o) (__cxa_throw)
j:/intelfpga/16.1/nios2eds/bin/gnu/h-x86_64-mingw32/bin/../lib/gcc/nios2-elf/5.3.0/../../../../../H-x86_64-mingw32/nios2-elf/lib\libstdc++.a(eh_call.o)
                              j:/intelfpga/16.1/nios2eds/bin/gnu/h-x86_64-mingw32/bin/../lib/gcc/nios2-elf/5.3.0/../../../../../H-x86_64-mingw32/nios2-elf/lib\libstdc++.a(eh_personality.o) (__cxa_call_terminate)
j:/intelfpga/16.1/nios2eds/bin/gnu/h-x86_64-mingw32/bin/../lib/gcc/nios2-elf/5.3.0/../../../../../H-x86_64-mingw32/nios2-elf/lib\libstdc++.a(si_class_type_info.o)
                              j:/intelfpga/16.1/nios2eds/bin/gnu/h-x86_64-mingw32/bin/../lib/gcc/nios2-elf/5.3.0/../../../../../H-x86_64-mingw32/nios2-elf/lib\libstdc++.a(eh_exception.o) (vtable for __cxxabiv1::__si_class_type_info)
j:/intelfpga/16.1/nios2eds/bin/gnu/h-x86_64-mingw32/bin/../lib/gcc/nios2-elf/5.3.0/../../../../../H-x86_64-mingw32/nios2-elf/lib\libstdc++.a(tinfo.o)
                              j:/intelfpga/16.1/nios2eds/bin/gnu/h-x86_64-mingw32/bin/../lib/gcc/nios2-elf/5.3.0/../../../../../H-x86_64-mingw32/nios2-elf/lib\libstdc++.a(si_class_type_info.o) (std::type_info::__is_function_p() const)
j:/intelfpga/16.1/nios2eds/bin/gnu/h-x86_64-mingw32/bin/../lib/gcc/nios2-elf/5.3.0/../../../../../H-x86_64-mingw32/nios2-elf/lib\libstdc++.a(eh_term_handler.o)
                              j:/intelfpga/16.1/nios2eds/bin/gnu/h-x86_64-mingw32/bin/../lib/gcc/nios2-elf/5.3.0/../../../../../H-x86_64-mingw32/nios2-elf/lib\libstdc++.a(eh_terminate.o) (__cxxabiv1::__terminate_handler)
j:/intelfpga/16.1/nios2eds/bin/gnu/h-x86_64-mingw32/bin/../lib/gcc/nios2-elf/5.3.0/../../../../../H-x86_64-mingw32/nios2-elf/lib\libstdc++.a(eh_unex_handler.o)
                              j:/intelfpga/16.1/nios2eds/bin/gnu/h-x86_64-mingw32/bin/../lib/gcc/nios2-elf/5.3.0/../../../../../H-x86_64-mingw32/nios2-elf/lib\libstdc++.a(eh_terminate.o) (__cxxabiv1::__unexpected_handler)
[...]
Memory Configuration

Name             Origin             Length             Attributes
reset            0x0000000000000000 0x0000000000000020
sdram            0x0000000000000020 0x0000000000ffffe0
*default*        0x0000000000000000 0xffffffffffffffff

Linker script and memory map

LOAD ../vip_bsp//obj/HAL/src/crt0.o
LOAD obj/default/alt_touchscreen/I2C_core.o
LOAD obj/default/alt_touchscreen/debug.o
LOAD obj/default/alt_touchscreen/multi_touch2.o
LOAD obj/default/alt_touchscreen/queue.o
LOAD obj/default/alt_tpo_lcd/alt_tpo_lcd.o
LOAD obj/default/alt_tpo_lcd/alt_tpo_lcd_console.o
LOAD obj/default/alt_video_display/alt_video_display.o
LOAD obj/default/audio.o
LOAD obj/default/audio_tvdecoder/audio_ctrl.o
LOAD obj/default/audio_tvdecoder/i2c.o
LOAD obj/default/audio_tvdecoder/tvdecoder_ctrl.o
LOAD obj/default/fonts/tahomabold_20.o
LOAD obj/default/fonts/tahomabold_32.o
LOAD obj/default/gimp_bmp/gimp_bmp.o
LOAD obj/default/graphics_lib/simple_graphics.o
LOAD obj/default/graphics_lib/simple_text.o
LOAD obj/default/main.o
LOAD obj/default/move_image.o
LOAD obj/default/my_app.o
LOAD obj/default/my_graphics_lib/my_text.o
LOAD obj/default/VIP_ctrl/VFR_Graphics.o
LOAD obj/default/VIP_ctrl/vip_wrapper_for_c_func.o
LOAD j:/intelfpga/16.1/nios2eds/bin/gnu/h-x86_64-mingw32/bin/../lib/gcc/nios2-elf/5.3.0/../../../../../H-x86_64-mingw32/nios2-elf/lib\libstdc++.a
LOAD j:/intelfpga/16.1/nios2eds/bin/gnu/h-x86_64-mingw32/bin/../lib/gcc/nios2-elf/5.3.0/../../../../../H-x86_64-mingw32/nios2-elf/lib\libm.a
LOAD j:/intelfpga/16.1/nios2eds/bin/gnu/h-x86_64-mingw32/bin/../lib/gcc/nios2-elf/5.3.0\libgcc.a
START GROUP
LOAD j:/intelfpga/16.1/nios2eds/bin/gnu/h-x86_64-mingw32/bin/../lib/gcc/nios2-elf/5.3.0/../../../../../H-x86_64-mingw32/nios2-elf/lib\libc.a
LOAD j:/intelfpga/16.1/nios2eds/bin/gnu/h-x86_64-mingw32/bin/../lib/gcc/nios2-elf/5.3.0\libgcc.a
LOAD ../vip_bsp/\libhal_bsp.a
LOAD j:/intelfpga/16.1/nios2eds/bin/gnu/h-x86_64-mingw32/bin/../lib/gcc/nios2-elf/5.3.0/../../../../../H-x86_64-mingw32/nios2-elf/lib\libm.a
END GROUP
LOAD j:/intelfpga/16.1/nios2eds/bin/gnu/h-x86_64-mingw32/bin/../lib/gcc/nios2-elf/5.3.0\libgcc.a
                0x0000000000000000                __alt_mem_sdram = 0x0
                0x0000000008000000                __alt_mem_onchip_memory2_0 = 0x8000000

.entry          0x0000000000000000       0x20
 *(.entry)
 .entry         0x0000000000000000       0x20 ../vip_bsp//obj/HAL/src/crt0.o
                0x0000000000000000                __reset

.exceptions     0x0000000000000020      0x224
                0x0000000000000020                PROVIDE (__ram_exceptions_start, ABSOLUTE (.))
                0x0000000000000020                . = ALIGN (0x20)
 *(.irq)
 *(.exceptions.entry.label)
 .exceptions.entry.label
                0x0000000000000020        0x0 ../vip_bsp/\libhal_bsp.a(alt_irq_entry.o)
                0x0000000000000020                alt_irq_entry
 .exceptions.entry.label
                0x0000000000000020        0x0 ../vip_bsp/\libhal_bsp.a(alt_exception_entry.o)
                0x0000000000000020                alt_exception
 *(.exceptions.entry.user)
 *(.exceptions.entry.ecc_fatal)
 *(.exceptions.entry)
 .exceptions.entry
                0x0000000000000020       0x54 ../vip_bsp/\libhal_bsp.a(alt_exception_entry.o)
 *(.exceptions.irqtest.user)
 *(.exceptions.irqtest)
 .exceptions.irqtest
                0x0000000000000074       0x10 ../vip_bsp/\libhal_bsp.a(alt_irq_entry.o)
 *(.exceptions.irqhandler.user)
 *(.exceptions.irqhandler)
 .exceptions.irqhandler
                0x0000000000000084        0x4 ../vip_bsp/\libhal_bsp.a(alt_irq_entry.o)
 *(.exceptions.irqreturn.user)
 *(.exceptions.irqreturn)
 .exceptions.irqreturn
                0x0000000000000088        0x4 ../vip_bsp/\libhal_bsp.a(alt_irq_entry.o)
 *(.exceptions.notirq.label)
 .exceptions.notirq.label
                0x000000000000008c        0x0 ../vip_bsp/\libhal_bsp.a(alt_irq_entry.o)
 *(.exceptions.notirq.user)
 *(.exceptions.notirq)
 .exceptions.notirq
                0x000000000000008c        0x8 ../vip_bsp/\libhal_bsp.a(alt_exception_entry.o)
 *(.exceptions.soft.user)
 *(.exceptions.soft)
 *(.exceptions.unknown.user)
 *(.exceptions.unknown)
 .exceptions.unknown
                0x0000000000000094       0x14 ../vip_bsp/\libhal_bsp.a(alt_exception_entry.o)
 *(.exceptions.exit.label)
 .exceptions.exit.label
                0x00000000000000a8        0x0 ../vip_bsp/\libhal_bsp.a(alt_irq_entry.o)
 .exceptions.exit.label
                0x00000000000000a8        0x0 ../vip_bsp/\libhal_bsp.a(alt_exception_entry.o)
 *(.exceptions.exit.user)
 *(.exceptions.exit)
 .exceptions.exit
                0x00000000000000a8       0x54 ../vip_bsp/\libhal_bsp.a(alt_exception_entry.o)
 *(.exceptions)
 .exceptions    0x00000000000000fc       0xd4 ../vip_bsp/\libhal_bsp.a(alt_irq_handler.o)
                0x00000000000000fc                alt_irq_handler
 .exceptions    0x00000000000001d0       0x74 ../vip_bsp/\libhal_bsp.a(alt_instruction_exception_entry.o)
                0x00000000000001d0                alt_instruction_exception_entry
                0x0000000000000244                PROVIDE (__ram_exceptions_end, ABSOLUTE (.))
                0x0000000000000020                PROVIDE (__flash_exceptions_start, LOADADDR (.exceptions))

.text           0x0000000000000244    0x2af48
                [!provide]                        PROVIDE (stext, ABSOLUTE (.))
 *(.interp)
 *(.hash)
 *(.dynsym)
 *(.dynstr)
 *(.gnu.version)
 *(.gnu.version_d)
 *(.gnu.version_r)
 *(.rel.init)
 *(.rela.init)
 *(.rel.text .rel.text.* .rel.gnu.linkonce.t.*)
 *(.rela.text .rela.text.* .rela.gnu.linkonce.t.*)
 *(.rel.fini)
 *(.rela.fini)
 *(.rel.rodata .rel.rodata.* .rel.gnu.linkonce.r.*)
 *(.rela.rodata .rela.rodata.* .rela.gnu.linkonce.r.*)
 *(.rel.data .rel.data.* .rel.gnu.linkonce.d.*)
 *(.rela.data .rela.data.* .rela.gnu.linkonce.d.*)
 *(.rel.tdata .rel.tdata.* .rel.gnu.linkonce.td.*)
 *(.rela.tdata .rela.tdata.* .rela.gnu.linkonce.td.*)
 *(.rel.tbss .rel.tbss.* .rel.gnu.linkonce.tb.*)
 *(.rela.tbss .rela.tbss.* .rela.gnu.linkonce.tb.*)
 *(.rel.ctors)
 *(.rela.ctors)
 *(.rel.dtors)
 *(.rela.dtors)
 *(.rel.got)
 *(.rela.got)
 *(.rel.sdata .rel.sdata.* .rel.gnu.linkonce.s.*)
 *(.rela.sdata .rela.sdata.* .rela.gnu.linkonce.s.*)
 *(.rel.sbss .rel.sbss.* .rel.gnu.linkonce.sb.*)
 *(.rela.sbss .rela.sbss.* .rela.gnu.linkonce.sb.*)
 *(.rel.sdata2 .rel.sdata2.* .rel.gnu.linkonce.s2.*)
 *(.rela.sdata2 .rela.sdata2.* .rela.gnu.linkonce.s2.*)
 *(.rel.sbss2 .rel.sbss2.* .rel.gnu.linkonce.sb2.*)
 *(.rela.sbss2 .rela.sbss2.* .rela.gnu.linkonce.sb2.*)
 *(.rel.bss .rel.bss.* .rel.gnu.linkonce.b.*)
 *(.rela.bss .rela.bss.* .rela.gnu.linkonce.b.*)
 *(.rel.plt)
 *(.rela.plt)
 *(.rel.dyn)
 *(.init)
 *(.plt)
 *(.text .stub .text.* .gnu.linkonce.t.*)
 .text          0x0000000000000244       0x3c ../vip_bsp//obj/HAL/src/crt0.o
                0x0000000000000244                _start
 .text          0x0000000000000280      0xc0c obj/default/alt_touchscreen/I2C_core.o
                0x0000000000000280                Write32_Data
                0x00000000000002d8                Read32_Data
                0x0000000000000330                oc_i2c_init
                0x0000000000000428                ACK_single_check
                0x00000000000004b4                ACK_check
                0x000000000000051c                OC_I2C_Write
                0x0000000000000768                ACK_judge_for_read
                0x00000000000007cc                OC_I2C_Read
                0x00000000000009b8                OC_I2CL_Write
                0x0000000000000bf0                OC_I2CL_Read
 .text          0x0000000000000e8c      0x1b8 obj/default/alt_touchscreen/debug.o
                0x0000000000000e8c                debug_output
                0x0000000000000ec0                myprintf
                0x0000000000000f2c                myprintf_hexarray
                0x0000000000000fb4                myprintf_dwordarray
 .text          0x0000000000001044      0x6e8 obj/default/alt_touchscreen/multi_touch2.o
                0x000000000000143c                MTC2_Init
                0x0000000000001538                MTC2_UnInit
                0x0000000000001584                MTC2_GetStatus
                0x00000000000016f0                MTC2_ClearEvent
 .text          0x000000000000172c      0x2a8 obj/default/alt_touchscreen/queue.o
                0x000000000000172c                QUEUE_New
                0x000000000000179c                QUEUE_Delete
                0x00000000000017d0                QUEUE_IsEmpty
                0x0000000000001810                QUEUE_IsFull
                0x0000000000001874                QUEUE_Push
                0x000000000000190c                QUEUE_Pop
                0x00000000000019a0                QUEUE_Empty
 .text          0x00000000000019d4      0x890 obj/default/alt_tpo_lcd/alt_tpo_lcd.o
                0x00000000000019d4                alt_tpo_lcd_prepare_serial_bus
                0x0000000000001a5c                alt_tpo_lcd_cleanup_serial_bus
                0x0000000000001ad0                alt_tpo_lcd_write_serial_bits
                0x0000000000001b78                alt_tpo_lcd_read_serial_byte
                0x0000000000001cd0                alt_tpo_lcd_read_config_register
                0x0000000000001d64                alt_tpo_lcd_write_config_register
                0x0000000000001e18                alt_tpo_lcd_init
 .text          0x0000000000002264      0x614 obj/default/alt_tpo_lcd/alt_tpo_lcd_console.o
                0x0000000000002264                alt_tpo_lcd_console_do_help
                0x0000000000002300                alt_tpo_lcd_console_get_hex_number_from_buffer_and_eat
                0x00000000000024e4                alt_tpo_lcd_console_do_command
                0x0000000000002744                alt_tpo_lcd_config_monitor
 .text          0x0000000000002878      0x37c obj/default/alt_video_display/alt_video_display.o
                0x0000000000002878                alt_video_display_only_frame_init
                0x00000000000029fc                alt_video_display_clear_screen
                0x0000000000002a70                alt_video_display_allocate_buffers_only_frame
 .text          0x0000000000002bf4      0x214 obj/default/audio.o
                0x0000000000002d3c                audio_init
                0x0000000000002dbc                audio_in_out_start
 .text          0x0000000000002e08      0x340 obj/default/audio_tvdecoder/audio_ctrl.o
                0x0000000000002e08                get_codec_sampling_code
                0x0000000000002ecc                get_codec_sampling_divisor
                0x0000000000002fc0                set_audio_sampling_freq
                0x0000000000003058                audio_codec_write
                0x00000000000030bc                audio_codec_init
 .text          0x0000000000003148      0x76c obj/default/audio_tvdecoder/i2c.o
                0x000000000000347c                i2c_write_with_err_chk
                0x0000000000003610                i2c_write
                0x000000000000366c                i2c_read
                0x0000000000003874                init_i2c
 .text          0x00000000000038b4      0x138 obj/default/audio_tvdecoder/tvdecoder_ctrl.o
                0x00000000000038b4                tv_decoder_write
                0x0000000000003904                tv_decoder_read
                0x0000000000003940                tv_decoder_init
 .text          0x00000000000039ec        0x0 obj/default/fonts/tahomabold_20.o
 .text          0x00000000000039ec        0x0 obj/default/fonts/tahomabold_32.o
 .text          0x00000000000039ec      0xb8c obj/default/gimp_bmp/gimp_bmp.o
                0x00000000000039ec                load_gimp_bmp
                0x0000000000003dcc                copy_pix_map_32_to_32
                0x0000000000003ed4                copy_pix_map_32_to_24
                0x0000000000004024                copy_pix_map_32_to_16
                0x0000000000004160                copy_pix_map_24_to_32
                0x00000000000042d0                copy_pix_map_24_to_24
                0x0000000000004418                copy_pix_map_24_to_16
 .text          0x0000000000004578     0x2f78 obj/default/graphics_lib/simple_graphics.o
                0x0000000000004578                vid_draw_line
                0x0000000000004644                vid_scroll_string_quit
                0x0000000000004688                vid_scroll_string_init
                0x00000000000047d4                vid_scroll_string
                0x0000000000004b34                vid_move_block
                0x0000000000004c50                vid_print_string
                0x0000000000004d58                vid_draw_box
                0x0000000000004eb0                vid_print_char
                0x0000000000004fa0                vid_set_pixel
                0x00000000000051e0                vid_get_pixel
                0x0000000000005268                vid_paint_block
                0x00000000000054c4                vid_draw_horiz_line
                0x0000000000005800                vid_merge_colors
                0x000000000000584c                vid_color_convert24_16
                0x00000000000058ec                vid_color_convert16_24
                0x0000000000005958                vid_copy_line_to_frame_buffer
                0x0000000000005c14                vid_draw_sloped_line
                0x0000000000005e88                vid_draw_circle
                0x0000000000005fd0                vid_draw_round_corner_box
                0x000000000000638c                vid_round_corner_points
                0x0000000000006ac8                max3
                0x0000000000006b1c                min3
                0x0000000000006b70                max_diff3
                0x0000000000006bd4                vid_put_pixel_in_span_map
                0x0000000000006cd8                vid_bres_scan_edges
                0x0000000000006f1c                vid_draw_triangle
                0x00000000000072d0                CopyImage16
                0x00000000000073bc                CropImage16
 .text          0x00000000000074f0      0xca8 obj/default/graphics_lib/simple_text.o
                0x00000000000074f0                vid_print_string_alpha
                0x0000000000007754                seperate_color_channels
                0x00000000000078a8                merge_color_channels
                0x00000000000079c0                read_from_frame
                0x0000000000007c4c                alpha_blending
                0x0000000000007ec8                vid_print_char_alpha
                0x00000000000080b0                vid_string_pixel_length_alpha
 .text          0x0000000000008198      0xf2c obj/default/main.o
                0x0000000000008198                time_alarm_callback
                0x0000000000008240                pen_alarm_callback
                0x000000000000826c                set_frame_color
                0x00000000000082d8                update_grapics
                0x00000000000087e8                touchscreen_event_handling
                0x000000000000891c                pio_write
                0x0000000000008958                pio_bit_set
                0x000000000000899c                pio_bit_clr
                0x00000000000089e4                video_intr_task
                0x0000000000008b28                main
 .text          0x00000000000090c4     0x3c70 obj/default/move_image.o
                0x00000000000090c4                pen_down
                0x000000000000910c                pen_move
                0x00000000000091a0                pen_up
                0x00000000000092e4                select_pen_command_image
                0x00000000000097fc                bounce_image_reset
                0x00000000000098a8                pen_command_image
                0x000000000000a760                bounce_image
                0x000000000000a968                set_hw
                0x000000000000aa7c                free_fall_image
                0x000000000000ac9c                move_image
                0x000000000000b050                move_image_center
                0x000000000000b1c8                move_image_top_center
                0x000000000000b32c                zoom_image
                0x000000000000b904                pan_and_scroll_image
                0x000000000000c304                zoom_and_scroll_image
 .text          0x000000000000cd34       0x24 obj/default/my_app.o
                0x000000000000cd34                AsInitTpoLcd
 .text          0x000000000000cd58      0x93c obj/default/my_graphics_lib/my_text.o
                0x000000000000cd58                my_vid_print_char
                0x000000000000ce94                my_vid_print_string_fast
                0x000000000000d0f8                my_alpha_blending
                0x000000000000d208                my_vid_print_char_alpha
                0x000000000000d430                my_vid_print_string_alpha
 .text          0x000000000000d694     0x1114 obj/default/VIP_ctrl/VFR_Graphics.o
                0x000000000000d694                VFRScreen::delay(unsigned int)
                0x000000000000d6dc                VFRScreen::setPixel(int, int, int, int, int)
                0x000000000000d9a8                VFRScreen::drawLine(int, int, int, int, int, int, int)
                0x000000000000dbc8                VFRScreen::clearScreen()
                0x000000000000dc58                VFRScreen::drawBorder()
                0x000000000000de98                VFRScreen::drawTestPattern()
                0x000000000000e088                VFRScreen::getPixelColor(int, int)
                0x000000000000e2a0                VFRScreen::drawMandel()
                0x000000000000e6a0                VFRScreen::colorCycle()
 .text._ZN9VFRScreen14getXresolutionEv
                0x000000000000e7a8       0x28 obj/default/VIP_ctrl/VFR_Graphics.o
                0x000000000000e7a8                VFRScreen::getXresolution()
 .text._ZN9VFRScreen14getYresolutionEv
                0x000000000000e7d0       0x28 obj/default/VIP_ctrl/VFR_Graphics.o
                0x000000000000e7d0                VFRScreen::getYresolution()
 .text._ZN9VFRScreen14getBaseAddressEv
                0x000000000000e7f8       0x28 obj/default/VIP_ctrl/VFR_Graphics.o
                0x000000000000e7f8                VFRScreen::getBaseAddress()
 .text          0x000000000000e820      0xcf0 obj/default/VIP_ctrl/vip_wrapper_for_c_func.o
                0x000000000000e820                Mixer_init
                0x000000000000e9c4                Mixer_frame_on_off
                0x000000000000ea44                Mixer_set_layer_position
                0x000000000000eaa4                Mixer_is_running
                0x000000000000ead8                Mixer_start
                0x000000000000eb0c                Mixer_stop
                0x000000000000eb54                Scaler_init
                0x000000000000ec8c                Scaler_set_output_size
                0x000000000000ecd0                Scaler_is_running
                0x000000000000ed04                Scaler_start
                0x000000000000ed38                Scaler_stop
                0x000000000000ed80                Clipper_init
                0x000000000000eee0                Clipper_set_xywh
                0x000000000000ef58                Clipper_is_running
                0x000000000000ef8c                Clipper_start
                0x000000000000efc0                Clipper_stop
                0x000000000000f008                Frame_Reader_init
                0x000000000000f110                Frame_Reader_set_frame_0_properties
                0x000000000000f178                Frame_Reader_switch_to_pb0
                0x000000000000f1ac                Frame_Reader_start
                0x000000000000f1e0                Control_Synchronizer_init
                0x000000000000f318                Control_Synchronizer_set_number_of_writes
                0x000000000000f354                Control_Synchronizer_setup_write
                0x000000000000f3a0                Control_Synchronizer_event_is_empty
                0x000000000000f3d0                Control_Synchronizer_event_clear
                0x000000000000f424                Control_Synchronizer_enable_trigger
                0x000000000000f458                Control_Synchronizer_clear_interrupt
 .text._ZN10EventQueueC2Ev
                0x000000000000f510       0x34 obj/default/VIP_ctrl/vip_wrapper_for_c_func.o
                0x000000000000f510                EventQueue::EventQueue()
                0x000000000000f510                EventQueue::EventQueue()
 .text._ZNV10EventQueue4pushEP7Vipcorei
                0x000000000000f544       0x88 obj/default/VIP_ctrl/vip_wrapper_for_c_func.o
                0x000000000000f544                EventQueue::push(Vipcore*, int) volatile
 .text._ZNV10EventQueue3popEv
                0x000000000000f5cc       0x48 obj/default/VIP_ctrl/vip_wrapper_for_c_func.o
                0x000000000000f5cc                EventQueue::pop() volatile
 .text._ZNV10EventQueue8is_emptyEv
                0x000000000000f614       0x3c obj/default/VIP_ctrl/vip_wrapper_for_c_func.o
                0x000000000000f614                EventQueue::is_empty() volatile
 .text._ZN7VipcoreC2EllPV10EventQueue
                0x000000000000f650       0x90 obj/default/VIP_ctrl/vip_wrapper_for_c_func.o
                0x000000000000f650                Vipcore::Vipcore(long, long, EventQueue volatile*)
                0x000000000000f650                Vipcore::Vipcore(long, long, EventQueue volatile*)
 .text._ZN7Vipcore4stopEv
                0x000000000000f6e0       0x5c obj/default/VIP_ctrl/vip_wrapper_for_c_func.o
                0x000000000000f6e0                Vipcore::stop()
 .text._ZN7Vipcore4stopEb
                0x000000000000f73c       0x5c obj/default/VIP_ctrl/vip_wrapper_for_c_func.o
                0x000000000000f73c                Vipcore::stop(bool)
 .text._ZN7Vipcore5startEv
                0x000000000000f798       0x58 obj/default/VIP_ctrl/vip_wrapper_for_c_func.o
                0x000000000000f798                Vipcore::start()
 .text._ZN7Vipcore16enable_interruptEi
                0x000000000000f7f0       0x6c obj/default/VIP_ctrl/vip_wrapper_for_c_func.o
                0x000000000000f7f0                Vipcore::enable_interrupt(int)
 .text._ZN7Vipcore10is_runningEv
                0x000000000000f85c       0x3c obj/default/VIP_ctrl/vip_wrapper_for_c_func.o
                0x000000000000f85c                Vipcore::is_running()
 .text._ZN7Vipcore10genericISREPv
                0x000000000000f898       0x6c obj/default/VIP_ctrl/vip_wrapper_for_c_func.o
                0x000000000000f898                Vipcore::genericISR(void*)
 .text._ZN7Vipcore8do_writeEii
                0x000000000000f904       0x54 obj/default/VIP_ctrl/vip_wrapper_for_c_func.o
                0x000000000000f904                Vipcore::do_write(int, int)
 .text._ZN7Vipcore7do_readEi
                0x000000000000f958       0x44 obj/default/VIP_ctrl/vip_wrapper_for_c_func.o
                0x000000000000f958                Vipcore::do_read(int)
 .text._ZN5Mixer25get_layer_x_offset_offsetEi
                0x000000000000f99c       0x2c obj/default/VIP_ctrl/vip_wrapper_for_c_func.o
                0x000000000000f99c                Mixer::get_layer_x_offset_offset(int)
 .text._ZN5Mixer25get_layer_y_offset_offsetEi
                0x000000000000f9c8       0x34 obj/default/VIP_ctrl/vip_wrapper_for_c_func.o
                0x000000000000f9c8                Mixer::get_layer_y_offset_offset(int)
 .text._ZN5Mixer24get_layer_enabled_offsetEi
                0x000000000000f9fc       0x34 obj/default/VIP_ctrl/vip_wrapper_for_c_func.o
                0x000000000000f9fc                Mixer::get_layer_enabled_offset(int)
 .text._ZN5MixerC2El
                0x000000000000fa30       0x48 obj/default/VIP_ctrl/vip_wrapper_for_c_func.o
                0x000000000000fa30                Mixer::Mixer(long)
                0x000000000000fa30                Mixer::Mixer(long)
 .text._ZN5Mixer18set_backgroud_sizeEii
                0x000000000000fa78       0x5c obj/default/VIP_ctrl/vip_wrapper_for_c_func.o
                0x000000000000fa78                Mixer::set_backgroud_size(int, int)
 .text._ZN5Mixer19set_backgroud_colorEttt
                0x000000000000fad4       0x8c obj/default/VIP_ctrl/vip_wrapper_for_c_func.o
                0x000000000000fad4                Mixer::set_backgroud_color(unsigned short, unsigned short, unsigned short)
 .text._ZN5Mixer17set_layer_enabledEib
                0x000000000000fb60       0x64 obj/default/VIP_ctrl/vip_wrapper_for_c_func.o
                0x000000000000fb60                Mixer::set_layer_enabled(int, bool)
 .text._ZN5Mixer18set_layer_positionEiii
                0x000000000000fbc4       0x78 obj/default/VIP_ctrl/vip_wrapper_for_c_func.o
                0x000000000000fbc4                Mixer::set_layer_position(int, int, int)
 .text._ZN22Clipper_Rectangle_TypeC2El
                0x000000000000fc3c       0x48 obj/default/VIP_ctrl/vip_wrapper_for_c_func.o
                0x000000000000fc3c                Clipper_Rectangle_Type::Clipper_Rectangle_Type(long)
                0x000000000000fc3c                Clipper_Rectangle_Type::Clipper_Rectangle_Type(long)
 .text._ZN22Clipper_Rectangle_Type15set_left_offsetEi
                0x000000000000fc84       0x44 obj/default/VIP_ctrl/vip_wrapper_for_c_func.o
                0x000000000000fc84                Clipper_Rectangle_Type::set_left_offset(int)
 .text._ZN22Clipper_Rectangle_Type9set_widthEi
                0x000000000000fcc8       0x44 obj/default/VIP_ctrl/vip_wrapper_for_c_func.o
                0x000000000000fcc8                Clipper_Rectangle_Type::set_width(int)
 .text._ZN22Clipper_Rectangle_Type14set_top_offsetEi
                0x000000000000fd0c       0x44 obj/default/VIP_ctrl/vip_wrapper_for_c_func.o
                0x000000000000fd0c                Clipper_Rectangle_Type::set_top_offset(int)
 .text._ZN22Clipper_Rectangle_Type10set_heightEi
                0x000000000000fd50       0x44 obj/default/VIP_ctrl/vip_wrapper_for_c_func.o
                0x000000000000fd50                Clipper_Rectangle_Type::set_height(int)
 .text._ZN12Frame_ReaderC2El
                0x000000000000fd94       0x48 obj/default/VIP_ctrl/vip_wrapper_for_c_func.o
                0x000000000000fd94                Frame_Reader::Frame_Reader(long)
                0x000000000000fd94                Frame_Reader::Frame_Reader(long)
 .text._ZN12Frame_Reader22set_frame_0_propertiesEiiiiii
                0x000000000000fddc       0xb0 obj/default/VIP_ctrl/vip_wrapper_for_c_func.o
                0x000000000000fddc                Frame_Reader::set_frame_0_properties(int, int, int, int, int, int)
 .text._ZN12Frame_Reader13switch_to_pb0Ev
                0x000000000000fe8c       0x40 obj/default/VIP_ctrl/vip_wrapper_for_c_func.o
                0x000000000000fe8c                Frame_Reader::switch_to_pb0()
 .text._ZN20Control_SynchronizerC2EllPV10EventQueue
                0x000000000000fecc       0x50 obj/default/VIP_ctrl/vip_wrapper_for_c_func.o
                0x000000000000fecc                Control_Synchronizer::Control_Synchronizer(long, long, EventQueue volatile*)
                0x000000000000fecc                Control_Synchronizer::Control_Synchronizer(long, long, EventQueue volatile*)
 .text._ZN20Control_Synchronizer20set_number_of_writesEi
                0x000000000000ff1c       0x44 obj/default/VIP_ctrl/vip_wrapper_for_c_func.o
                0x000000000000ff1c                Control_Synchronizer::set_number_of_writes(int)
 .text._ZN20Control_Synchronizer11setup_writeEiii
                0x000000000000ff60       0x78 obj/default/VIP_ctrl/vip_wrapper_for_c_func.o
                0x000000000000ff60                Control_Synchronizer::setup_write(int, int, int)
 .text._ZN20Control_Synchronizer14enable_triggerEv
                0x000000000000ffd8       0x40 obj/default/VIP_ctrl/vip_wrapper_for_c_func.o
                0x000000000000ffd8                Control_Synchronizer::enable_trigger()
 .text._ZN20Control_Synchronizer15clear_interruptEv
                0x0000000000010018       0x40 obj/default/VIP_ctrl/vip_wrapper_for_c_func.o
                0x0000000000010018                Control_Synchronizer::clear_interrupt()
 .text._ZN6ScalerILi1ELi1EEC2Elii
                0x0000000000010058       0x68 obj/default/VIP_ctrl/vip_wrapper_for_c_func.o
                0x0000000000010058                Scaler<1, 1>::Scaler(long, int, int)
                0x0000000000010058                Scaler<1, 1>::Scaler(long, int, int)
 .text._ZN6ScalerILi1ELi1EE15set_output_sizeEii
                0x00000000000100c0       0x74 obj/default/VIP_ctrl/vip_wrapper_for_c_func.o
                0x00000000000100c0                Scaler<1, 1>::set_output_size(int, int)
 .text          0x0000000000010134        0x0 j:/intelfpga/16.1/nios2eds/bin/gnu/h-x86_64-mingw32/bin/../lib/gcc/nios2-elf/5.3.0/../../../../../H-x86_64-mingw32/nios2-elf/lib\libstdc++.a(del_op.o)
 .text._ZdlPv   0x0000000000010134        0x4 j:/intelfpga/16.1/nios2eds/bin/gnu/h-x86_64-mingw32/bin/../lib/gcc/nios2-elf/5.3.0/../../../../../H-x86_64-mingw32/nios2-elf/lib\libstdc++.a(del_op.o)
                0x0000000000010134                operator delete(void*)
 .text          0x0000000000010138        0x0 j:/intelfpga/16.1/nios2eds/bin/gnu/h-x86_64-mingw32/bin/../lib/gcc/nios2-elf/5.3.0/../../../../../H-x86_64-mingw32/nios2-elf/lib\libstdc++.a(eh_personality.o)
 .text._ZL21size_of_encoded_valueh
                0x0000000000010138       0xa4 j:/intelfpga/16.1/nios2eds/bin/gnu/h-x86_64-mingw32/bin/../lib/gcc/nios2-elf/5.3.0/../../../../../H-x86_64-mingw32/nios2-elf/lib\libstdc++.a(eh_personality.o)
 .text._ZL28read_encoded_value_with_basehjPKhPj
                0x00000000000101dc      0x20c j:/intelfpga/16.1/nios2eds/bin/gnu/h-x86_64-mingw32/bin/../lib/gcc/nios2-elf/5.3.0/../../../../../H-x86_64-mingw32/nios2-elf/lib\libstdc++.a(eh_personality.o)
 .text._ZL15get_ttype_entryP16lsda_header_infom
                0x00000000000103e8       0x54 j:/intelfpga/16.1/nios2eds/bin/gnu/h-x86_64-mingw32/bin/../lib/gcc/nios2-elf/5.3.0/../../../../../H-x86_64-mingw32/nios2-elf/lib\libstdc++.a(eh_personality.o)
 .text._ZL21base_of_encoded_valuehP15_Unwind_Context
                0x000000000001043c       0x8c j:/intelfpga/16.1/nios2eds/bin/gnu/h-x86_64-mingw32/bin/../lib/gcc/nios2-elf/5.3.0/../../../../../H-x86_64-mingw32/nios2-elf/lib\libstdc++.a(eh_personality.o)
 .text._ZL17parse_lsda_headerP15_Unwind_ContextPKhP16lsda_header_info
                0x00000000000104c8      0x134 j:/intelfpga/16.1/nios2eds/bin/gnu/h-x86_64-mingw32/bin/../lib/gcc/nios2-elf/5.3.0/../../../../../H-x86_64-mingw32/nios2-elf/lib\libstdc++.a(eh_personality.o)
 .text._ZL16get_adjusted_ptrPKSt9type_infoS1_PPv.constprop.3
                0x00000000000105fc       0x88 j:/intelfpga/16.1/nios2eds/bin/gnu/h-x86_64-mingw32/bin/../lib/gcc/nios2-elf/5.3.0/../../../../../H-x86_64-mingw32/nios2-elf/lib\libstdc++.a(eh_personality.o)
 .text.unlikely._ZL28check_compact_exception_specPKSt9type_infoPvPKhij
                0x0000000000010684      0x1c0 j:/intelfpga/16.1/nios2eds/bin/gnu/h-x86_64-mingw32/bin/../lib/gcc/nios2-elf/5.3.0/../../../../../H-x86_64-mingw32/nios2-elf/lib\libstdc++.a(eh_personality.o)
 .text._ZL20check_exception_specP16lsda_header_infoPKSt9type_infoPvl
                0x0000000000010844       0xa8 j:/intelfpga/16.1/nios2eds/bin/gnu/h-x86_64-mingw32/bin/../lib/gcc/nios2-elf/5.3.0/../../../../../H-x86_64-mingw32/nios2-elf/lib\libstdc++.a(eh_personality.o)
 .text.__gxx_personality_sj0
                0x00000000000108ec      0x600 j:/intelfpga/16.1/nios2eds/bin/gnu/h-x86_64-mingw32/bin/../lib/gcc/nios2-elf/5.3.0/../../../../../H-x86_64-mingw32/nios2-elf/lib\libstdc++.a(eh_personality.o)
                0x00000000000108ec                __gxx_personality_sj0
 .text.__cxa_call_unexpected
                0x0000000000010eec      0x230 j:/intelfpga/16.1/nios2eds/bin/gnu/h-x86_64-mingw32/bin/../lib/gcc/nios2-elf/5.3.0/../../../../../H-x86_64-mingw32/nios2-elf/lib\libstdc++.a(eh_personality.o)
                0x0000000000010eec                __cxa_call_unexpected
 .text          0x000000000001111c        0x0 j:/intelfpga/16.1/nios2eds/bin/gnu/h-x86_64-mingw32/bin/../lib/gcc/nios2-elf/5.3.0/../../../../../H-x86_64-mingw32/nios2-elf/lib\libstdc++.a(eh_catch.o)
 .text.__cxa_get_exception_ptr
                0x000000000001111c        0x8 j:/intelfpga/16.1/nios2eds/bin/gnu/h-x86_64-mingw32/bin/../lib/gcc/nios2-elf/5.3.0/../../../../../H-x86_64-mingw32/nios2-elf/lib\libstdc++.a(eh_catch.o)
                0x000000000001111c                __cxa_get_exception_ptr
 .text.__cxa_begin_catch
                0x0000000000011124       0xb4 j:/intelfpga/16.1/nios2eds/bin/gnu/h-x86_64-mingw32/bin/../lib/gcc/nios2-elf/5.3.0/../../../../../H-x86_64-mingw32/nios2-elf/lib\libstdc++.a(eh_catch.o)
                0x0000000000011124                __cxa_begin_catch
 .text.__cxa_end_catch
                0x00000000000111d8       0xb4 j:/intelfpga/16.1/nios2eds/bin/gnu/h-x86_64-mingw32/bin/../lib/gcc/nios2-elf/5.3.0/../../../../../H-x86_64-mingw32/nios2-elf/lib\libstdc++.a(eh_catch.o)
                0x00000000000111d8                __cxa_end_catch
 .text._ZSt18uncaught_exceptionv
                0x000000000001128c       0x20 j:/intelfpga/16.1/nios2eds/bin/gnu/h-x86_64-mingw32/bin/../lib/gcc/nios2-elf/5.3.0/../../../../../H-x86_64-mingw32/nios2-elf/lib\libstdc++.a(eh_catch.o)
                0x000000000001128c                std::uncaught_exception()
 .text          0x00000000000112ac        0x0 j:/intelfpga/16.1/nios2eds/bin/gnu/h-x86_64-mingw32/bin/../lib/gcc/nios2-elf/5.3.0/../../../../../H-x86_64-mingw32/nios2-elf/lib\libstdc++.a(eh_terminate.o)
 .text._ZN10__cxxabiv111__terminateEPFvvE
                0x00000000000112ac       0xc0 j:/intelfpga/16.1/nios2eds/bin/gnu/h-x86_64-mingw32/bin/../lib/gcc/nios2-elf/5.3.0/../../../../../H-x86_64-mingw32/nios2-elf/lib\libstdc++.a(eh_terminate.o)
                0x00000000000112ac                __cxxabiv1::__terminate(void (*)())
 .text._ZSt9terminatev
                0x000000000001136c       0x18 j:/intelfpga/16.1/nios2eds/bin/gnu/h-x86_64-mingw32/bin/../lib/gcc/nios2-elf/5.3.0/../../../../../H-x86_64-mingw32/nios2-elf/lib\libstdc++.a(eh_terminate.o)
                0x000000000001136c                std::terminate()
 .text._ZN10__cxxabiv112__unexpectedEPFvvE
                0x0000000000011384       0x10 j:/intelfpga/16.1/nios2eds/bin/gnu/h-x86_64-mingw32/bin/../lib/gcc/nios2-elf/5.3.0/../../../../../H-x86_64-mingw32/nios2-elf/lib\libstdc++.a(eh_terminate.o)
                0x0000000000011384                __cxxabiv1::__unexpected(void (*)())
 .text._ZSt10unexpectedv
                0x0000000000011394       0x18 j:/intelfpga/16.1/nios2eds/bin/gnu/h-x86_64-mingw32/bin/../lib/gcc/nios2-elf/5.3.0/../../../../../H-x86_64-mingw32/nios2-elf/lib\libstdc++.a(eh_terminate.o)
                0x0000000000011394                std::unexpected()
 .text._ZSt13set_terminatePFvvE
                0x00000000000113ac       0x14 j:/intelfpga/16.1/nios2eds/bin/gnu/h-x86_64-mingw32/bin/../lib/gcc/nios2-elf/5.3.0/../../../../../H-x86_64-mingw32/nios2-elf/lib\libstdc++.a(eh_terminate.o)
                0x00000000000113ac                std::set_terminate(void (*)())
 .text._ZSt13get_terminatev
                0x00000000000113c0       0x10 j:/intelfpga/16.1/nios2eds/bin/gnu/h-x86_64-mingw32/bin/../lib/gcc/nios2-elf/5.3.0/../../../../../H-x86_64-mingw32/nios2-elf/lib\libstdc++.a(eh_terminate.o)
                0x00000000000113c0                std::get_terminate()
 .text._ZSt14set_unexpectedPFvvE
                0x00000000000113d0       0x14 j:/intelfpga/16.1/nios2eds/bin/gnu/h-x86_64-mingw32/bin/../lib/gcc/nios2-elf/5.3.0/../../../../../H-x86_64-mingw32/nios2-elf/lib\libstdc++.a(eh_terminate.o)
                0x00000000000113d0                std::set_unexpected(void (*)())
 .text._ZSt14get_unexpectedv
                0x00000000000113e4       0x10 j:/intelfpga/16.1/nios2eds/bin/gnu/h-x86_64-mingw32/bin/../lib/gcc/nios2-elf/5.3.0/../../../../../H-x86_64-mingw32/nios2-elf/lib\libstdc++.a(eh_terminate.o)
                0x00000000000113e4                std::get_unexpected()
 .text          0x00000000000113f4        0x0 j:/intelfpga/16.1/nios2eds/bin/gnu/h-x86_64-mingw32/bin/../lib/gcc/nios2-elf/5.3.0/../../../../../H-x86_64-mingw32/nios2-elf/lib\libstdc++.a(new_op.o)
 .text._Znwj    0x00000000000113f4       0x70 j:/intelfpga/16.1/nios2eds/bin/gnu/h-x86_64-mingw32/bin/../lib/gcc/nios2-elf/5.3.0/../../../../../H-x86_64-mingw32/nios2-elf/lib\libstdc++.a(new_op.o)
                0x00000000000113f4                operator new(unsigned int)
 .text          0x0000000000011464        0x0 j:/intelfpga/16.1/nios2eds/bin/gnu/h-x86_64-mingw32/bin/../lib/gcc/nios2-elf/5.3.0/../../../../../H-x86_64-mingw32/nios2-elf/lib\libstdc++.a(eh_globals.o)
 .text.__cxa_get_globals_fast
                0x0000000000011464        0xc j:/intelfpga/16.1/nios2eds/bin/gnu/h-x86_64-mingw32/bin/../lib/gcc/nios2-elf/5.3.0/../../../../../H-x86_64-mingw32/nios2-elf/lib\libstdc++.a(eh_globals.o)
                0x0000000000011464                __cxa_get_globals_fast
 .text.__cxa_get_globals
                0x0000000000011470        0xc j:/intelfpga/16.1/nios2eds/bin/gnu/h-x86_64-mingw32/bin/../lib/gcc/nios2-elf/5.3.0/../../../../../H-x86_64-mingw32/nios2-elf/lib\libstdc++.a(eh_globals.o)
                0x0000000000011470                __cxa_get_globals
 .text          0x000000000001147c        0x0 j:/intelfpga/16.1/nios2eds/bin/gnu/h-x86_64-mingw32/bin/../lib/gcc/nios2-elf/5.3.0/../../../../../H-x86_64-mingw32/nios2-elf/lib\libstdc++.a(eh_alloc.o)
 .text._ZN12_GLOBAL__N_14pool4freeEPv.constprop.4
                0x000000000001147c       0xb8 j:/intelfpga/16.1/nios2eds/bin/gnu/h-x86_64-mingw32/bin/../lib/gcc/nios2-elf/5.3.0/../../../../../H-x86_64-mingw32/nios2-elf/lib\libstdc++.a(eh_alloc.o)
 .text._ZN12_GLOBAL__N_14pool8allocateEj.constprop.5
                0x0000000000011534       0xa8 j:/intelfpga/16.1/nios2eds/bin/gnu/h-x86_64-mingw32/bin/../lib/gcc/nios2-elf/5.3.0/../../../../../H-x86_64-mingw32/nios2-elf/lib\libstdc++.a(eh_alloc.o)
 .text.__cxa_allocate_exception
                0x00000000000115dc       0x60 j:/intelfpga/16.1/nios2eds/bin/gnu/h-x86_64-mingw32/bin/../lib/gcc/nios2-elf/5.3.0/../../../../../H-x86_64-mingw32/nios2-elf/lib\libstdc++.a(eh_alloc.o)
                0x00000000000115dc                __cxa_allocate_exception
 .text.__cxa_free_exception
                0x000000000001163c       0x28 j:/intelfpga/16.1/nios2eds/bin/gnu/h-x86_64-mingw32/bin/../lib/gcc/nios2-elf/5.3.0/../../../../../H-x86_64-mingw32/nios2-elf/lib\libstdc++.a(eh_alloc.o)
                0x000000000001163c                __cxa_free_exception
 .text.__cxa_allocate_dependent_exception
                0x0000000000011664       0x54 j:/intelfpga/16.1/nios2eds/bin/gnu/h-x86_64-mingw32/bin/../lib/gcc/nios2-elf/5.3.0/../../../../../H-x86_64-mingw32/nios2-elf/lib\libstdc++.a(eh_alloc.o)
                0x0000000000011664                __cxa_allocate_dependent_exception
 .text.__cxa_free_dependent_exception
                0x00000000000116b8       0x2c j:/intelfpga/16.1/nios2eds/bin/gnu/h-x86_64-mingw32/bin/../lib/gcc/nios2-elf/5.3.0/../../../../../H-x86_64-mingw32/nios2-elf/lib\libstdc++.a(eh_alloc.o)
                0x00000000000116b8                __cxa_free_dependent_exception
 .text.startup._GLOBAL__sub_I___cxa_allocate_exception
                0x00000000000116e4       0x5c j:/intelfpga/16.1/nios2eds/bin/gnu/h-x86_64-mingw32/bin/../lib/gcc/nios2-elf/5.3.0/../../../../../H-x86_64-mingw32/nios2-elf/lib\libstdc++.a(eh_alloc.o)
 .text          0x0000000000011740        0x0 j:/intelfpga/16.1/nios2eds/bin/gnu/h-x86_64-mingw32/bin/../lib/gcc/nios2-elf/5.3.0/../../../../../H-x86_64-mingw32/nios2-elf/lib\libstdc++.a(eh_exception.o)
 .text._ZNSt9exceptionD2Ev
                0x0000000000011740        0x4 j:/intelfpga/16.1/nios2eds/bin/gnu/h-x86_64-mingw32/bin/../lib/gcc/nios2-elf/5.3.0/../../../../../H-x86_64-mingw32/nios2-elf/lib\libstdc++.a(eh_exception.o)
                0x0000000000011740                std::exception::~exception()
                0x0000000000011740                std::exception::~exception()
 .text._ZNSt13bad_exceptionD2Ev
                0x0000000000011744        0x4 j:/intelfpga/16.1/nios2eds/bin/gnu/h-x86_64-mingw32/bin/../lib/gcc/nios2-elf/5.3.0/../../../../../H-x86_64-mingw32/nios2-elf/lib\libstdc++.a(eh_exception.o)
                0x0000000000011744                std::bad_exception::~bad_exception()
                0x0000000000011744                std::bad_exception::~bad_exception()
 .text._ZNKSt9exception4whatEv
                0x0000000000011748        0xc j:/intelfpga/16.1/nios2eds/bin/gnu/h-x86_64-mingw32/bin/../lib/gcc/nios2-elf/5.3.0/../../../../../H-x86_64-mingw32/nios2-elf/lib\libstdc++.a(eh_exception.o)
                0x0000000000011748                std::exception::what() const
 .text._ZNKSt13bad_exception4whatEv
                0x0000000000011754        0xc j:/intelfpga/16.1/nios2eds/bin/gnu/h-x86_64-mingw32/bin/../lib/gcc/nios2-elf/5.3.0/../../../../../H-x86_64-mingw32/nios2-elf/lib\libstdc++.a(eh_exception.o)
                0x0000000000011754                std::bad_exception::what() const
 .text._ZNSt9exceptionD0Ev
                0x0000000000011760        0x4 j:/intelfpga/16.1/nios2eds/bin/gnu/h-x86_64-mingw32/bin/../lib/gcc/nios2-elf/5.3.0/../../../../../H-x86_64-mingw32/nios2-elf/lib\libstdc++.a(eh_exception.o)
                0x0000000000011760                std::exception::~exception()
 .text._ZNSt13bad_exceptionD0Ev
                0x0000000000011764        0x4 j:/intelfpga/16.1/nios2eds/bin/gnu/h-x86_64-mingw32/bin/../lib/gcc/nios2-elf/5.3.0/../../../../../H-x86_64-mingw32/nios2-elf/lib\libstdc++.a(eh_exception.o)
                0x0000000000011764                std::bad_exception::~bad_exception()
 .text._ZN10__cxxabiv115__forced_unwindD2Ev
                0x0000000000011768        0x4 j:/intelfpga/16.1/nios2eds/bin/gnu/h-x86_64-mingw32/bin/../lib/gcc/nios2-elf/5.3.0/../../../../../H-x86_64-mingw32/nios2-elf/lib\libstdc++.a(eh_exception.o)
                0x0000000000011768                __cxxabiv1::__forced_unwind::~__forced_unwind()
                0x0000000000011768                __cxxabiv1::__forced_unwind::~__forced_unwind()
 .text._ZN10__cxxabiv115__forced_unwindD0Ev
                0x000000000001176c        0x4 j:/intelfpga/16.1/nios2eds/bin/gnu/h-x86_64-mingw32/bin/../lib/gcc/nios2-elf/5.3.0/../../../../../H-x86_64-mingw32/nios2-elf/lib\libstdc++.a(eh_exception.o)
                0x000000000001176c                __cxxabiv1::__forced_unwind::~__forced_unwind()
 .text._ZN10__cxxabiv119__foreign_exceptionD2Ev
                0x0000000000011770        0x4 j:/intelfpga/16.1/nios2eds/bin/gnu/h-x86_64-mingw32/bin/../lib/gcc/nios2-elf/5.3.0/../../../../../H-x86_64-mingw32/nios2-elf/lib\libstdc++.a(eh_exception.o)
                0x0000000000011770                __cxxabiv1::__foreign_exception::~__foreign_exception()
                0x0000000000011770                __cxxabiv1::__foreign_exception::~__foreign_exception()
 .text._ZN10__cxxabiv119__foreign_exceptionD0Ev
                0x0000000000011774        0x4 j:/intelfpga/16.1/nios2eds/bin/gnu/h-x86_64-mingw32/bin/../lib/gcc/nios2-elf/5.3.0/../../../../../H-x86_64-mingw32/nios2-elf/lib\libstdc++.a(eh_exception.o)
                0x0000000000011774                __cxxabiv1::__foreign_exception::~__foreign_exception()
 .text          0x0000000000011778        0x0 j:/intelfpga/16.1/nios2eds/bin/gnu/h-x86_64-mingw32/bin/../lib/gcc/nios2-elf/5.3.0/../../../../../H-x86_64-mingw32/nios2-elf/lib\libstdc++.a(eh_throw.o)
 .text._ZL23__gxx_exception_cleanup19_Unwind_Reason_CodeP17_Unwind_Exception
                0x0000000000011778       0x44 j:/intelfpga/16.1/nios2eds/bin/gnu/h-x86_64-mingw32/bin/../lib/gcc/nios2-elf/5.3.0/../../../../../H-x86_64-mingw32/nios2-elf/lib\libstdc++.a(eh_throw.o)
 .text.__cxa_throw
                0x00000000000117bc       0x90 j:/intelfpga/16.1/nios2eds/bin/gnu/h-x86_64-mingw32/bin/../lib/gcc/nios2-elf/5.3.0/../../../../../H-x86_64-mingw32/nios2-elf/lib\libstdc++.a(eh_throw.o)
                0x00000000000117bc                __cxa_throw
 .text.__cxa_rethrow
                0x000000000001184c       0x84 j:/intelfpga/16.1/nios2eds/bin/gnu/h-x86_64-mingw32/bin/../lib/gcc/nios2-elf/5.3.0/../../../../../H-x86_64-mingw32/nios2-elf/lib\libstdc++.a(eh_throw.o)
                0x000000000001184c                __cxa_rethrow
 .text          0x00000000000118d0        0x0 j:/intelfpga/16.1/nios2eds/bin/gnu/h-x86_64-mingw32/bin/../lib/gcc/nios2-elf/5.3.0/../../../../../H-x86_64-mingw32/nios2-elf/lib\libstdc++.a(eh_call.o)
 .text.__cxa_call_terminate
                0x00000000000118d0       0x58 j:/intelfpga/16.1/nios2eds/bin/gnu/h-x86_64-mingw32/bin/../lib/gcc/nios2-elf/5.3.0/../../../../../H-x86_64-mingw32/nios2-elf/lib\libstdc++.a(eh_call.o)
                0x00000000000118d0                __cxa_call_terminate
 .text          0x0000000000011928        0x0 j:/intelfpga/16.1/nios2eds/bin/gnu/h-x86_64-mingw32/bin/../lib/gcc/nios2-elf/5.3.0/../../../../../H-x86_64-mingw32/nios2-elf/lib\libstdc++.a(si_class_type_info.o)
 .text._ZN10__cxxabiv120__si_class_type_infoD2Ev
                0x0000000000011928       0x10 j:/intelfpga/16.1/nios2eds/bin/gnu/h-x86_64-mingw32/bin/../lib/gcc/nios2-elf/5.3.0/../../../../../H-x86_64-mingw32/nios2-elf/lib\libstdc++.a(si_class_type_info.o)
                0x0000000000011928                __cxxabiv1::__si_class_type_info::~__si_class_type_info()
                0x0000000000011928                __cxxabiv1::__si_class_type_info::~__si_class_type_info()
 .text._ZN10__cxxabiv120__si_class_type_infoD0Ev
                0x0000000000011938       0x34 j:/intelfpga/16.1/nios2eds/bin/gnu/h-x86_64-mingw32/bin/../lib/gcc/nios2-elf/5.3.0/../../../../../H-x86_64-mingw32/nios2-elf/lib\libstdc++.a(si_class_type_info.o)
                0x0000000000011938                __cxxabiv1::__si_class_type_info::~__si_class_type_info()
 .text._ZNK10__cxxabiv120__si_class_type_info12__do_dyncastEiNS_17__class_type_info10__sub_kindEPKS1_PKvS4_S6_RNS1_16__dyncast_resultE
                0x000000000001196c      0x160 j:/intelfpga/16.1/nios2eds/bin/gnu/h-x86_64-mingw32/bin/../lib/gcc/nios2-elf/5.3.0/../../../../../H-x86_64-mingw32/nios2-elf/lib\libstdc++.a(si_class_type_info.o)
                0x000000000001196c                __cxxabiv1::__si_class_type_info::__do_dyncast(int, __cxxabiv1::__class_type_info::__sub_kind, __cxxabiv1::__class_type_info const*, void const*, __cxxabiv1::__class_type_info const*, void const*, __cxxabiv1::__class_type_info::__dyncast_result&) const
 .text._ZNK10__cxxabiv120__si_class_type_info20__do_find_public_srcEiPKvPKNS_17__class_type_infoES2_
                0x0000000000011acc       0x9c j:/intelfpga/16.1/nios2eds/bin/gnu/h-x86_64-mingw32/bin/../lib/gcc/nios2-elf/5.3.0/../../../../../H-x86_64-mingw32/nios2-elf/lib\libstdc++.a(si_class_type_info.o)
                0x0000000000011acc                __cxxabiv1::__si_class_type_info::__do_find_public_src(int, void const*, __cxxabiv1::__class_type_info const*, void const*) const
 .text._ZNK10__cxxabiv120__si_class_type_info11__do_upcastEPKNS_17__class_type_infoEPKvRNS1_15__upcast_resultE
                0x0000000000011b68       0x84 j:/intelfpga/16.1/nios2eds/bin/gnu/h-x86_64-mingw32/bin/../lib/gcc/nios2-elf/5.3.0/../../../../../H-x86_64-mingw32/nios2-elf/lib\libstdc++.a(si_class_type_info.o)
                0x0000000000011b68                __cxxabiv1::__si_class_type_info::__do_upcast(__cxxabiv1::__class_type_info const*, void const*, __cxxabiv1::__class_type_info::__upcast_result&) const
 .text          0x0000000000011bec        0x0 j:/intelfpga/16.1/nios2eds/bin/gnu/h-x86_64-mingw32/bin/../lib/gcc/nios2-elf/5.3.0/../../../../../H-x86_64-mingw32/nios2-elf/lib\libstdc++.a(tinfo.o)
 .text._ZNSt9type_infoD2Ev
                0x0000000000011bec        0x4 j:/intelfpga/16.1/nios2eds/bin/gnu/h-x86_64-mingw32/bin/../lib/gcc/nios2-elf/5.3.0/../../../../../H-x86_64-mingw32/nios2-elf/lib\libstdc++.a(tinfo.o)
                0x0000000000011bec                std::type_info::~type_info()
                0x0000000000011bec                std::type_info::~type_info()
 .text._ZNKSt9type_info15__is_function_pEv
                0x0000000000011bf0        0x8 j:/intelfpga/16.1/nios2eds/bin/gnu/h-x86_64-mingw32/bin/../lib/gcc/nios2-elf/5.3.0/../../../../../H-x86_64-mingw32/nios2-elf/lib\libstdc++.a(tinfo.o)
                0x0000000000011bf0                std::type_info::__is_pointer_p() const
                0x0000000000011bf0                std::type_info::__is_function_p() const
 .text._ZNKSt9type_info11__do_upcastEPKN10__cxxabiv117__class_type_infoEPPv
                0x0000000000011bf8        0x8 j:/intelfpga/16.1/nios2eds/bin/gnu/h-x86_64-mingw32/bin/../lib/gcc/nios2-elf/5.3.0/../../../../../H-x86_64-mingw32/nios2-elf/lib\libstdc++.a(tinfo.o)
                0x0000000000011bf8                std::type_info::__do_upcast(__cxxabiv1::__class_type_info const*, void**) const
 .text._ZNSt9type_infoD0Ev
                0x0000000000011c00        0x4 j:/intelfpga/16.1/nios2eds/bin/gnu/h-x86_64-mingw32/bin/../lib/gcc/nios2-elf/5.3.0/../../../../../H-x86_64-mingw32/nios2-elf/lib\libstdc++.a(tinfo.o)
                0x0000000000011c00                std::type_info::~type_info()
 .text._ZNKSt9type_info10__do_catchEPKS_PPvj
                0x0000000000011c04       0x44 j:/intelfpga/16.1/nios2eds/bin/gnu/h-x86_64-mingw32/bin/../lib/gcc/nios2-elf/5.3.0/../../../../../H-x86_64-mingw32/nios2-elf/lib\libstdc++.a(tinfo.o)
                0x0000000000011c04                std::type_info::__do_catch(std::type_info const*, void**, unsigned int) const
 .text          0x0000000000011c48        0x0 j:/intelfpga/16.1/nios2eds/bin/gnu/h-x86_64-mingw32/bin/../lib/gcc/nios2-elf/5.3.0/../../../../../H-x86_64-mingw32/nios2-elf/lib\libstdc++.a(eh_term_handler.o)
 .text          0x0000000000011c48        0x0 j:/intelfpga/16.1/nios2eds/bin/gnu/h-x86_64-mingw32/bin/../lib/gcc/nios2-elf/5.3.0/../../../../../H-x86_64-mingw32/nios2-elf/lib\libstdc++.a(eh_unex_handler.o)
 .text          0x0000000000011c48        0x0 j:/intelfpga/16.1/nios2eds/bin/gnu/h-x86_64-mingw32/bin/../lib/gcc/nios2-elf/5.3.0/../../../../../H-x86_64-mingw32/nios2-elf/lib\libstdc++.a(pure.o)
 .text.__cxa_pure_virtual
                0x0000000000011c48       0x20 j:/intelfpga/16.1/nios2eds/bin/gnu/h-x86_64-mingw32/bin/../lib/gcc/nios2-elf/5.3.0/../../../../../H-x86_64-mingw32/nios2-elf/lib\libstdc++.a(pure.o)
                0x0000000000011c48                __cxa_pure_virtual
 .text.__cxa_deleted_virtual
                0x0000000000011c68       0x20 j:/intelfpga/16.1/nios2eds/bin/gnu/h-x86_64-mingw32/bin/../lib/gcc/nios2-elf/5.3.0/../../../../../H-x86_64-mingw32/nios2-elf/lib\libstdc++.a(pure.o)
                0x0000000000011c68                __cxa_deleted_virtual
 .text          0x0000000000011c88        0x0 j:/intelfpga/16.1/nios2eds/bin/gnu/h-x86_64-mingw32/bin/../lib/gcc/nios2-elf/5.3.0/../../../../../H-x86_64-mingw32/nios2-elf/lib\libstdc++.a(bad_alloc.o)
 .text._ZNKSt9bad_alloc4whatEv
                0x0000000000011c88        0xc j:/intelfpga/16.1/nios2eds/bin/gnu/h-x86_64-mingw32/bin/../lib/gcc/nios2-elf/5.3.0/../../../../../H-x86_64-mingw32/nios2-elf/lib\libstdc++.a(bad_alloc.o)
                0x0000000000011c88                std::bad_alloc::what() const
 .text._ZNSt9bad_allocD2Ev
                0x0000000000011c94       0x10 j:/intelfpga/16.1/nios2eds/bin/gnu/h-x86_64-mingw32/bin/../lib/gcc/nios2-elf/5.3.0/../../../../../H-x86_64-mingw32/nios2-elf/lib\libstdc++.a(bad_alloc.o)
                0x0000000000011c94                std::bad_alloc::~bad_alloc()
                0x0000000000011c94                std::bad_alloc::~bad_alloc()
 .text._ZNSt9bad_allocD0Ev
                0x0000000000011ca4       0x34 j:/intelfpga/16.1/nios2eds/bin/gnu/h-x86_64-mingw32/bin/../lib/gcc/nios2-elf/5.3.0/../../../../../H-x86_64-mingw32/nios2-elf/lib\libstdc++.a(bad_alloc.o)
                0x0000000000011ca4                std::bad_alloc::~bad_alloc()
 .text          0x0000000000011cd8        0x0 j:/intelfpga/16.1/nios2eds/bin/gnu/h-x86_64-mingw32/bin/../lib/gcc/nios2-elf/5.3.0/../../../../../H-x86_64-mingw32/nios2-elf/lib\libstdc++.a(new_handler.o)
 .text._ZSt15set_new_handlerPFvvE
                0x0000000000011cd8       0x14 j:/intelfpga/16.1/nios2eds/bin/gnu/h-x86_64-mingw32/bin/../lib/gcc/nios2-elf/5.3.0/../../../../../H-x86_64-mingw32/nios2-elf/lib\libstdc++.a(new_handler.o)
                0x0000000000011cd8                std::set_new_handler(void (*)())
 .text._ZSt15get_new_handlerv
                0x0000000000011cec       0x10 j:/intelfpga/16.1/nios2eds/bin/gnu/h-x86_64-mingw32/bin/../lib/gcc/nios2-elf/5.3.0/../../../../../H-x86_64-mingw32/nios2-elf/lib\libstdc++.a(new_handler.o)
                0x0000000000011cec                std::get_new_handler()
 .text          0x0000000000011cfc        0x0 j:/intelfpga/16.1/nios2eds/bin/gnu/h-x86_64-mingw32/bin/../lib/gcc/nios2-elf/5.3.0/../../../../../H-x86_64-mingw32/nios2-elf/lib\libstdc++.a(class_type_info.o)
 .text._ZNK10__cxxabiv117__class_type_info11__do_upcastEPKS0_PPv
                0x0000000000011cfc       0x78 j:/intelfpga/16.1/nios2eds/bin/gnu/h-x86_64-mingw32/bin/../lib/gcc/nios2-elf/5.3.0/../../../../../H-x86_64-mingw32/nios2-elf/lib\libstdc++.a(class_type_info.o)
                0x0000000000011cfc                __cxxabiv1::__class_type_info::__do_upcast(__cxxabiv1::__class_type_info const*, void**) const
 .text._ZNK10__cxxabiv117__class_type_info20__do_find_public_srcEiPKvPKS0_S2_
                0x0000000000011d74       0x18 j:/intelfpga/16.1/nios2eds/bin/gnu/h-x86_64-mingw32/bin/../lib/gcc/nios2-elf/5.3.0/../../../../../H-x86_64-mingw32/nios2-elf/lib\libstdc++.a(class_type_info.o)
                0x0000000000011d74                __cxxabiv1::__class_type_info::__do_find_public_src(int, void const*, __cxxabiv1::__class_type_info const*, void const*) const
 .text._ZN10__cxxabiv117__class_type_infoD2Ev
                0x0000000000011d8c       0x10 j:/intelfpga/16.1/nios2eds/bin/gnu/h-x86_64-mingw32/bin/../lib/gcc/nios2-elf/5.3.0/../../../../../H-x86_64-mingw32/nios2-elf/lib\libstdc++.a(class_type_info.o)
                0x0000000000011d8c                __cxxabiv1::__class_type_info::~__class_type_info()
                0x0000000000011d8c                __cxxabiv1::__class_type_info::~__class_type_info()
 .text._ZN10__cxxabiv117__class_type_infoD0Ev
                0x0000000000011d9c       0x34 j:/intelfpga/16.1/nios2eds/bin/gnu/h-x86_64-mingw32/bin/../lib/gcc/nios2-elf/5.3.0/../../../../../H-x86_64-mingw32/nios2-elf/lib\libstdc++.a(class_type_info.o)
                0x0000000000011d9c                __cxxabiv1::__class_type_info::~__class_type_info()
 .text._ZNK10__cxxabiv117__class_type_info11__do_upcastEPKS0_PKvRNS0_15__upcast_resultE
                0x0000000000011dd0       0x6c j:/intelfpga/16.1/nios2eds/bin/gnu/h-x86_64-mingw32/bin/../lib/gcc/nios2-elf/5.3.0/../../../../../H-x86_64-mingw32/nios2-elf/lib\libstdc++.a(class_type_info.o)
                0x0000000000011dd0                __cxxabiv1::__class_type_info::__do_upcast(__cxxabiv1::__class_type_info const*, void const*, __cxxabiv1::__class_type_info::__upcast_result&) const
 .text._ZNK10__cxxabiv117__class_type_info12__do_dyncastEiNS0_10__sub_kindEPKS0_PKvS3_S5_RNS0_16__dyncast_resultE
                0x0000000000011e3c       0xd0 j:/intelfpga/16.1/nios2eds/bin/gnu/h-x86_64-mingw32/bin/../lib/gcc/nios2-elf/5.3.0/../../../../../H-x86_64-mingw32/nios2-elf/lib\libstdc++.a(class_type_info.o)
                0x0000000000011e3c                __cxxabiv1::__class_type_info::__do_dyncast(int, __cxxabiv1::__class_type_info::__sub_kind, __cxxabiv1::__class_type_info const*, void const*, __cxxabiv1::__class_type_info const*, void const*, __cxxabiv1::__class_type_info::__dyncast_result&) const
 .text._ZNK10__cxxabiv117__class_type_info10__do_catchEPKSt9type_infoPPvj
                0x0000000000011f0c       0xb8 j:/intelfpga/16.1/nios2eds/bin/gnu/h-x86_64-mingw32/bin/../lib/gcc/nios2-elf/5.3.0/../../../../../H-x86_64-mingw32/nios2-elf/lib\libstdc++.a(class_type_info.o)
                0x0000000000011f0c                __cxxabiv1::__class_type_info::__do_catch(std::type_info const*, void**, unsigned int) const
 .text          0x0000000000011fc4        0x0 j:/intelfpga/16.1/nios2eds/bin/gnu/h-x86_64-mingw32/bin/../lib/gcc/nios2-elf/5.3.0/../../../../../H-x86_64-mingw32/nios2-elf/lib\libm.a(lib_a-s_cos.o)
 .text.cos      0x0000000000011fc4       0xec j:/intelfpga/16.1/nios2eds/bin/gnu/h-x86_64-mingw32/bin/../lib/gcc/nios2-elf/5.3.0/../../../../../H-x86_64-mingw32/nios2-elf/lib\libm.a(lib_a-s_cos.o)
                0x0000000000011fc4                cos
 .text          0x00000000000120b0        0x0 j:/intelfpga/16.1/nios2eds/bin/gnu/h-x86_64-mingw32/bin/../lib/gcc/nios2-elf/5.3.0/../../../../../H-x86_64-mingw32/nios2-elf/lib\libm.a(lib_a-s_sin.o)
 .text.sin      0x00000000000120b0       0xf0 j:/intelfpga/16.1/nios2eds/bin/gnu/h-x86_64-mingw32/bin/../lib/gcc/nios2-elf/5.3.0/../../../../../H-x86_64-mingw32/nios2-elf/lib\libm.a(lib_a-s_sin.o)
                0x00000000000120b0                sin
 .text          0x00000000000121a0        0x0 j:/intelfpga/16.1/nios2eds/bin/gnu/h-x86_64-mingw32/bin/../lib/gcc/nios2-elf/5.3.0/../../../../../H-x86_64-mingw32/nios2-elf/lib\libm.a(lib_a-w_pow.o)
 .text.pow      0x00000000000121a0      0x4c4 j:/intelfpga/16.1/nios2eds/bin/gnu/h-x86_64-mingw32/bin/../lib/gcc/nios2-elf/5.3.0/../../../../../H-x86_64-mingw32/nios2-elf/lib\libm.a(lib_a-w_pow.o)
                0x00000000000121a0                pow
 .text          0x0000000000012664        0x0 j:/intelfpga/16.1/nios2eds/bin/gnu/h-x86_64-mingw32/bin/../lib/gcc/nios2-elf/5.3.0/../../../../../H-x86_64-mingw32/nios2-elf/lib\libm.a(lib_a-w_sqrt.o)
 .text.sqrt     0x0000000000012664      0x130 j:/intelfpga/16.1/nios2eds/bin/gnu/h-x86_64-mingw32/bin/../lib/gcc/nios2-elf/5.3.0/../../../../../H-x86_64-mingw32/nios2-elf/lib\libm.a(lib_a-w_sqrt.o)
                0x0000000000012664                sqrt
 .text          0x0000000000012794        0x0 j:/intelfpga/16.1/nios2eds/bin/gnu/h-x86_64-mingw32/bin/../lib/gcc/nios2-elf/5.3.0/../../../../../H-x86_64-mingw32/nios2-elf/lib\libm.a(lib_a-e_pow.o)
 .text.__ieee754_pow
                0x0000000000012794     0x10a4 j:/intelfpga/16.1/nios2eds/bin/gnu/h-x86_64-mingw32/bin/../lib/gcc/nios2-elf/5.3.0/../../../../../H-x86_64-mingw32/nios2-elf/lib\libm.a(lib_a-e_pow.o)
                0x0000000000012794                __ieee754_pow
 .text          0x0000000000013838        0x0 j:/intelfpga/16.1/nios2eds/bin/gnu/h-x86_64-mingw32/bin/../lib/gcc/nios2-elf/5.3.0/../../../../../H-x86_64-mingw32/nios2-elf/lib\libm.a(lib_a-e_rem_pio2.o)
 .text.__ieee754_rem_pio2
                0x0000000000013838      0x76c j:/intelfpga/16.1/nios2eds/bin/gnu/h-x86_64-mingw32/bin/../lib/gcc/nios2-elf/5.3.0/../../../../../H-x86_64-mingw32/nios2-elf/lib\libm.a(lib_a-e_rem_pio2.o)
                0x0000000000013838                __ieee754_rem_pio2
 .text          0x0000000000013fa4        0x0 j:/intelfpga/16.1/nios2eds/bin/gnu/h-x86_64-mingw32/bin/../lib/gcc/nios2-elf/5.3.0/../../../../../H-x86_64-mingw32/nios2-elf/lib\libm.a(lib_a-e_sqrt.o)
 .text.__ieee754_sqrt
                0x0000000000013fa4      0x288 j:/intelfpga/16.1/nios2eds/bin/gnu/h-x86_64-mingw32/bin/../lib/gcc/nios2-elf/5.3.0/../../../../../H-x86_64-mingw32/nios2-elf/lib\libm.a(lib_a-e_sqrt.o)
                0x0000000000013fa4                __ieee754_sqrt
 .text          0x000000000001422c        0x0 j:/intelfpga/16.1/nios2eds/bin/gnu/h-x86_64-mingw32/bin/../lib/gcc/nios2-elf/5.3.0/../../../../../H-x86_64-mingw32/nios2-elf/lib\libm.a(lib_a-k_cos.o)
 .text.__kernel_cos
                0x000000000001422c      0x4a4 j:/intelfpga/16.1/nios2eds/bin/gnu/h-x86_64-mingw32/bin/../lib/gcc/nios2-elf/5.3.0/../../../../../H-x86_64-mingw32/nios2-elf/lib\libm.a(lib_a-k_cos.o)
                0x000000000001422c                __kernel_cos
 .text          0x00000000000146d0        0x0 j:/intelfpga/16.1/nios2eds/bin/gnu/h-x86_64-mingw32/bin/../lib/gcc/nios2-elf/5.3.0/../../../../../H-x86_64-mingw32/nios2-elf/lib\libm.a(lib_a-k_rem_pio2.o)
 .text.__kernel_rem_pio2
                0x00000000000146d0      0xd90 j:/intelfpga/16.1/nios2eds/bin/gnu/h-x86_64-mingw32/bin/../lib/gcc/nios2-elf/5.3.0/../../../../../H-x86_64-mingw32/nios2-elf/lib\libm.a(lib_a-k_rem_pio2.o)
                0x00000000000146d0                __kernel_rem_pio2
 .text          0x0000000000015460        0x0 j:/intelfpga/16.1/nios2eds/bin/gnu/h-x86_64-mingw32/bin/../lib/gcc/nios2-elf/5.3.0/../../../../../H-x86_64-mingw32/nios2-elf/lib\libm.a(lib_a-k_sin.o)
 .text.__kernel_sin
                0x0000000000015460      0x2cc j:/intelfpga/16.1/nios2eds/bin/gnu/h-x86_64-mingw32/bin/../lib/gcc/nios2-elf/5.3.0/../../../../../H-x86_64-mingw32/nios2-elf/lib\libm.a(lib_a-k_sin.o)
                0x0000000000015460                __kernel_sin
 .text          0x000000000001572c        0x0 j:/intelfpga/16.1/nios2eds/bin/gnu/h-x86_64-mingw32/bin/../lib/gcc/nios2-elf/5.3.0/../../../../../H-x86_64-mingw32/nios2-elf/lib\libm.a(lib_a-s_fabs.o)
 .text.fabs     0x000000000001572c       0x14 j:/intelfpga/16.1/nios2eds/bin/gnu/h-x86_64-mingw32/bin/../lib/gcc/nios2-elf/5.3.0/../../../../../H-x86_64-mingw32/nios2-elf/lib\libm.a(lib_a-s_fabs.o)
                0x000000000001572c                fabs
 .text          0x0000000000015740        0x0 j:/intelfpga/16.1/nios2eds/bin/gnu/h-x86_64-mingw32/bin/../lib/gcc/nios2-elf/5.3.0/../../../../../H-x86_64-mingw32/nios2-elf/lib\libm.a(lib_a-s_finite.o)
 .text.finite   0x0000000000015740       0x1c j:/intelfpga/16.1/nios2eds/bin/gnu/h-x86_64-mingw32/bin/../lib/gcc/nios2-elf/5.3.0/../../../../../H-x86_64-mingw32/nios2-elf/lib\libm.a(lib_a-s_finite.o)
                0x0000000000015740                finite
 .text          0x000000000001575c        0x0 j:/intelfpga/16.1/nios2eds/bin/gnu/h-x86_64-mingw32/bin/../lib/gcc/nios2-elf/5.3.0/../../../../../H-x86_64-mingw32/nios2-elf/lib\libm.a(lib_a-s_floor.o)
 .text.floor    0x000000000001575c      0x1ec j:/intelfpga/16.1/nios2eds/bin/gnu/h-x86_64-mingw32/bin/../lib/gcc/nios2-elf/5.3.0/../../../../../H-x86_64-mingw32/nios2-elf/lib\libm.a(lib_a-s_floor.o)
                0x000000000001575c                floor
 .text          0x0000000000015948        0x0 j:/intelfpga/16.1/nios2eds/bin/gnu/h-x86_64-mingw32/bin/../lib/gcc/nios2-elf/5.3.0/../../../../../H-x86_64-mingw32/nios2-elf/lib\libm.a(lib_a-s_fpclassify.o)
 .text.__fpclassifyd
                0x0000000000015948       0x74 j:/intelfpga/16.1/nios2eds/bin/gnu/h-x86_64-mingw32/bin/../lib/gcc/nios2-elf/5.3.0/../../../../../H-x86_64-mingw32/nios2-elf/lib\libm.a(lib_a-s_fpclassify.o)
                0x0000000000015948                __fpclassifyd
 .text          0x00000000000159bc        0x0 j:/intelfpga/16.1/nios2eds/bin/gnu/h-x86_64-mingw32/bin/../lib/gcc/nios2-elf/5.3.0/../../../../../H-x86_64-mingw32/nios2-elf/lib\libm.a(lib_a-s_lib_ver.o)
 .text          0x00000000000159bc        0x0 j:/intelfpga/16.1/nios2eds/bin/gnu/h-x86_64-mingw32/bin/../lib/gcc/nios2-elf/5.3.0/../../../../../H-x86_64-mingw32/nios2-elf/lib\libm.a(lib_a-s_matherr.o)
 .text.matherr  0x00000000000159bc        0x8 j:/intelfpga/16.1/nios2eds/bin/gnu/h-x86_64-mingw32/bin/../lib/gcc/nios2-elf/5.3.0/../../../../../H-x86_64-mingw32/nios2-elf/lib\libm.a(lib_a-s_matherr.o)
                0x00000000000159bc                matherr
 .text          0x00000000000159c4        0x0 j:/intelfpga/16.1/nios2eds/bin/gnu/h-x86_64-mingw32/bin/../lib/gcc/nios2-elf/5.3.0/../../../../../H-x86_64-mingw32/nios2-elf/lib\libm.a(lib_a-s_nan.o)
 .text.nan      0x00000000000159c4        0xc j:/intelfpga/16.1/nios2eds/bin/gnu/h-x86_64-mingw32/bin/../lib/gcc/nios2-elf/5.3.0/../../../../../H-x86_64-mingw32/nios2-elf/lib\libm.a(lib_a-s_nan.o)
                0x00000000000159c4                nan
 .text          0x00000000000159d0        0x0 j:/intelfpga/16.1/nios2eds/bin/gnu/h-x86_64-mingw32/bin/../lib/gcc/nios2-elf/5.3.0/../../../../../H-x86_64-mingw32/nios2-elf/lib\libm.a(lib_a-s_rint.o)
 .text.rint     0x00000000000159d0      0x1ec j:/intelfpga/16.1/nios2eds/bin/gnu/h-x86_64-mingw32/bin/../lib/gcc/nios2-elf/5.3.0/../../../../../H-x86_64-mingw32/nios2-elf/lib\libm.a(lib_a-s_rint.o)
                0x00000000000159d0                rint
 .text          0x0000000000015bbc        0x0 j:/intelfpga/16.1/nios2eds/bin/gnu/h-x86_64-mingw32/bin/../lib/gcc/nios2-elf/5.3.0/../../../../../H-x86_64-mingw32/nios2-elf/lib\libm.a(lib_a-s_scalbn.o)
 .text.scalbn   0x0000000000015bbc      0x19c j:/intelfpga/16.1/nios2eds/bin/gnu/h-x86_64-mingw32/bin/../lib/gcc/nios2-elf/5.3.0/../../../../../H-x86_64-mingw32/nios2-elf/lib\libm.a(lib_a-s_scalbn.o)
                0x0000000000015bbc                scalbn
 .text          0x0000000000015d58        0x0 j:/intelfpga/16.1/nios2eds/bin/gnu/h-x86_64-mingw32/bin/../lib/gcc/nios2-elf/5.3.0/../../../../../H-x86_64-mingw32/nios2-elf/lib\libm.a(lib_a-s_copysign.o)
 .text.copysign
                0x0000000000015d58       0x1c j:/intelfpga/16.1/nios2eds/bin/gnu/h-x86_64-mingw32/bin/../lib/gcc/nios2-elf/5.3.0/../../../../../H-x86_64-mingw32/nios2-elf/lib\libm.a(lib_a-s_copysign.o)
                0x0000000000015d58                copysign
 .text          0x0000000000015d74      0x1b4 j:/intelfpga/16.1/nios2eds/bin/gnu/h-x86_64-mingw32/bin/../lib/gcc/nios2-elf/5.3.0\libgcc.a(lib2-divmod.o)
                0x0000000000015d74                __divsi3
                0x0000000000015df8                __modsi3
                0x0000000000015e6c                __udivsi3
                0x0000000000015ed0                __umodsi3
 .text          0x0000000000015f28      0x4c8 j:/intelfpga/16.1/nios2eds/bin/gnu/h-x86_64-mingw32/bin/../lib/gcc/nios2-elf/5.3.0\libgcc.a(addsf3.o)
                0x0000000000015f28                __addsf3
 .text          0x00000000000163f0      0x440 j:/intelfpga/16.1/nios2eds/bin/gnu/h-x86_64-mingw32/bin/../lib/gcc/nios2-elf/5.3.0\libgcc.a(divsf3.o)
                0x00000000000163f0                __divsf3
 .text          0x0000000000016830       0xbc j:/intelfpga/16.1/nios2eds/bin/gnu/h-x86_64-mingw32/bin/../lib/gcc/nios2-elf/5.3.0\libgcc.a(gesf2.o)
                0x0000000000016830                __gesf2
                0x0000000000016830                __gtsf2
 .text          0x00000000000168ec      0x3fc j:/intelfpga/16.1/nios2eds/bin/gnu/h-x86_64-mingw32/bin/../lib/gcc/nios2-elf/5.3.0\libgcc.a(mulsf3.o)
                0x00000000000168ec                __mulsf3
 .text          0x0000000000016ce8      0x4e4 j:/intelfpga/16.1/nios2eds/bin/gnu/h-x86_64-mingw32/bin/../lib/gcc/nios2-elf/5.3.0\libgcc.a(subsf3.o)
                0x0000000000016ce8                __subsf3
 .text          0x00000000000171cc       0x70 j:/intelfpga/16.1/nios2eds/bin/gnu/h-x86_64-mingw32/bin/../lib/gcc/nios2-elf/5.3.0\libgcc.a(fixsfsi.o)
                0x00000000000171cc                __fixsfsi
 .text          0x000000000001723c      0x124 j:/intelfpga/16.1/nios2eds/bin/gnu/h-x86_64-mingw32/bin/../lib/gcc/nios2-elf/5.3.0\libgcc.a(floatsisf.o)
                0x000000000001723c                __floatsisf
 .text          0x0000000000017360       0xf0 j:/intelfpga/16.1/nios2eds/bin/gnu/h-x86_64-mingw32/bin/../lib/gcc/nios2-elf/5.3.0\libgcc.a(floatunsisf.o)
                0x0000000000017360                __floatunsisf
 .text          0x0000000000017450      0x8ac j:/intelfpga/16.1/nios2eds/bin/gnu/h-x86_64-mingw32/bin/../lib/gcc/nios2-elf/5.3.0\libgcc.a(adddf3.o)
                0x0000000000017450                __adddf3
 .text          0x0000000000017cfc      0x8e8 j:/intelfpga/16.1/nios2eds/bin/gnu/h-x86_64-mingw32/bin/../lib/gcc/nios2-elf/5.3.0\libgcc.a(divdf3.o)
                0x0000000000017cfc                __divdf3
 .text          0x00000000000185e4       0x88 j:/intelfpga/16.1/nios2eds/bin/gnu/h-x86_64-mingw32/bin/../lib/gcc/nios2-elf/5.3.0\libgcc.a(eqdf2.o)
                0x00000000000185e4                __nedf2
                0x00000000000185e4                __eqdf2
 .text          0x000000000001866c       0xdc j:/intelfpga/16.1/nios2eds/bin/gnu/h-x86_64-mingw32/bin/../lib/gcc/nios2-elf/5.3.0\libgcc.a(gedf2.o)
                0x000000000001866c                __gedf2
                0x000000000001866c                __gtdf2
 .text          0x0000000000018748       0xf4 j:/intelfpga/16.1/nios2eds/bin/gnu/h-x86_64-mingw32/bin/../lib/gcc/nios2-elf/5.3.0\libgcc.a(ledf2.o)
                0x0000000000018748                __ledf2
                0x0000000000018748                __ltdf2
 .text          0x000000000001883c      0x718 j:/intelfpga/16.1/nios2eds/bin/gnu/h-x86_64-mingw32/bin/../lib/gcc/nios2-elf/5.3.0\libgcc.a(muldf3.o)
                0x000000000001883c                __muldf3
 .text          0x0000000000018f54      0x8fc j:/intelfpga/16.1/nios2eds/bin/gnu/h-x86_64-mingw32/bin/../lib/gcc/nios2-elf/5.3.0\libgcc.a(subdf3.o)
                0x0000000000018f54                __subdf3
 .text          0x0000000000019850       0x80 j:/intelfpga/16.1/nios2eds/bin/gnu/h-x86_64-mingw32/bin/../lib/gcc/nios2-elf/5.3.0\libgcc.a(fixdfsi.o)
                0x0000000000019850                __fixdfsi
 .text          0x00000000000198d0       0xdc j:/intelfpga/16.1/nios2eds/bin/gnu/h-x86_64-mingw32/bin/../lib/gcc/nios2-elf/5.3.0\libgcc.a(floatsidf.o)
                0x00000000000198d0                __floatsidf
 .text          0x00000000000199ac       0xa8 j:/intelfpga/16.1/nios2eds/bin/gnu/h-x86_64-mingw32/bin/../lib/gcc/nios2-elf/5.3.0\libgcc.a(floatunsidf.o)
                0x00000000000199ac                __floatunsidf
 .text          0x0000000000019a54      0x110 j:/intelfpga/16.1/nios2eds/bin/gnu/h-x86_64-mingw32/bin/../lib/gcc/nios2-elf/5.3.0\libgcc.a(extendsfdf2.o)
                0x0000000000019a54                __extendsfdf2
 .text          0x0000000000019b64      0x520 j:/intelfpga/16.1/nios2eds/bin/gnu/h-x86_64-mingw32/bin/../lib/gcc/nios2-elf/5.3.0\libgcc.a(unwind-sjlj.o)
                0x0000000000019d6c                _Unwind_SjLj_Register
                0x0000000000019d84                _Unwind_SjLj_Unregister
                0x0000000000019d98                _Unwind_GetGR
                0x0000000000019db4                _Unwind_GetCFA
                0x0000000000019dcc                _Unwind_SetGR
                0x0000000000019de8                _Unwind_GetIP
                0x0000000000019df8                _Unwind_GetIPInfo
                0x0000000000019e18                _Unwind_SetIP
                0x0000000000019e28                _Unwind_GetLanguageSpecificData
                0x0000000000019e34                _Unwind_GetRegionStart
                0x0000000000019e3c                _Unwind_FindEnclosingFunction
                0x0000000000019e44                _Unwind_GetDataRelBase
                0x0000000000019e4c                _Unwind_GetTextRelBase
                0x0000000000019e54                _Unwind_SjLj_RaiseException
                0x0000000000019f24                _Unwind_SjLj_ForcedUnwind
                0x0000000000019f68                _Unwind_SjLj_Resume
                0x0000000000019fac                _Unwind_SjLj_Resume_or_Rethrow
                0x0000000000019ff8                _Unwind_DeleteException
                0x000000000001a010                _Unwind_Backtrace
 .text          0x000000000001a084       0x64 j:/intelfpga/16.1/nios2eds/bin/gnu/h-x86_64-mingw32/bin/../lib/gcc/nios2-elf/5.3.0\libgcc.a(_clzsi2.o)
                0x000000000001a084                __clzsi2
 .text          0x000000000001a0e8        0x0 j:/intelfpga/16.1/nios2eds/bin/gnu/h-x86_64-mingw32/bin/../lib/gcc/nios2-elf/5.3.0\libgcc.a(_clz.o)
 .text          0x000000000001a0e8        0x0 j:/intelfpga/16.1/nios2eds/bin/gnu/h-x86_64-mingw32/bin/../lib/gcc/nios2-elf/5.3.0/../../../../../H-x86_64-mingw32/nios2-elf/lib\libc.a(lib_a-abort.o)
 .text.abort    0x000000000001a0e8       0x18 j:/intelfpga/16.1/nios2eds/bin/gnu/h-x86_64-mingw32/bin/../lib/gcc/nios2-elf/5.3.0/../../../../../H-x86_64-mingw32/nios2-elf/lib\libc.a(lib_a-abort.o)
                0x000000000001a0e8                abort
 .text          0x000000000001a100        0x0 j:/intelfpga/16.1/nios2eds/bin/gnu/h-x86_64-mingw32/bin/../lib/gcc/nios2-elf/5.3.0/../../../../../H-x86_64-mingw32/nios2-elf/lib\libc.a(lib_a-errno.o)
 .text.__errno  0x000000000001a100       0x10 j:/intelfpga/16.1/nios2eds/bin/gnu/h-x86_64-mingw32/bin/../lib/gcc/nios2-elf/5.3.0/../../../../../H-x86_64-mingw32/nios2-elf/lib\libc.a(lib_a-errno.o)
                0x000000000001a100                __errno
 .text          0x000000000001a110        0x0 j:/intelfpga/16.1/nios2eds/bin/gnu/h-x86_64-mingw32/bin/../lib/gcc/nios2-elf/5.3.0/../../../../../H-x86_64-mingw32/nios2-elf/lib\libc.a(lib_a-getc.o)
 .text._getc_r  0x000000000001a110       0x70 j:/intelfpga/16.1/nios2eds/bin/gnu/h-x86_64-mingw32/bin/../lib/gcc/nios2-elf/5.3.0/../../../../../H-x86_64-mingw32/nios2-elf/lib\libc.a(lib_a-getc.o)
                0x000000000001a110                _getc_r
 .text.getc     0x000000000001a180       0x88 j:/intelfpga/16.1/nios2eds/bin/gnu/h-x86_64-mingw32/bin/../lib/gcc/nios2-elf/5.3.0/../../../../../H-x86_64-mingw32/nios2-elf/lib\libc.a(lib_a-getc.o)
                0x000000000001a180                getc
 .text          0x000000000001a208        0x0 j:/intelfpga/16.1/nios2eds/bin/gnu/h-x86_64-mingw32/bin/../lib/gcc/nios2-elf/5.3.0/../../../../../H-x86_64-mingw32/nios2-elf/lib\libc.a(lib_a-impure.o)
 .text          0x000000000001a208        0x0 j:/intelfpga/16.1/nios2eds/bin/gnu/h-x86_64-mingw32/bin/../lib/gcc/nios2-elf/5.3.0/../../../../../H-x86_64-mingw32/nios2-elf/lib\libc.a(lib_a-malloc.o)
 .text.malloc   0x000000000001a208       0x14 j:/intelfpga/16.1/nios2eds/bin/gnu/h-x86_64-mingw32/bin/../lib/gcc/nios2-elf/5.3.0/../../../../../H-x86_64-mingw32/nios2-elf/lib\libc.a(lib_a-malloc.o)
                0x000000000001a208                malloc
 .text.free     0x000000000001a21c       0x14 j:/intelfpga/16.1/nios2eds/bin/gnu/h-x86_64-mingw32/bin/../lib/gcc/nios2-elf/5.3.0/../../../../../H-x86_64-mingw32/nios2-elf/lib\libc.a(lib_a-malloc.o)
                0x000000000001a21c                free
 .text          0x000000000001a230        0x0 j:/intelfpga/16.1/nios2eds/bin/gnu/h-x86_64-mingw32/bin/../lib/gcc/nios2-elf/5.3.0/../../../../../H-x86_64-mingw32/nios2-elf/lib\libc.a(lib_a-mallocr.o)
 .text._malloc_r
                0x000000000001a230      0x80c j:/intelfpga/16.1/nios2eds/bin/gnu/h-x86_64-mingw32/bin/../lib/gcc/nios2-elf/5.3.0/../../../../../H-x86_64-mingw32/nios2-elf/lib\libc.a(lib_a-mallocr.o)
                0x000000000001a230                _malloc_r
 .text          0x000000000001aa3c        0x0 j:/intelfpga/16.1/nios2eds/bin/gnu/h-x86_64-mingw32/bin/../lib/gcc/nios2-elf/5.3.0/../../../../../H-x86_64-mingw32/nios2-elf/lib\libc.a(lib_a-memcpy.o)
 .text.memcpy   0x000000000001aa3c      0x148 j:/intelfpga/16.1/nios2eds/bin/gnu/h-x86_64-mingw32/bin/../lib/gcc/nios2-elf/5.3.0/../../../../../H-x86_64-mingw32/nios2-elf/lib\libc.a(lib_a-memcpy.o)
                0x000000000001aa3c                memcpy
 .text          0x000000000001ab84        0x0 j:/intelfpga/16.1/nios2eds/bin/gnu/h-x86_64-mingw32/bin/../lib/gcc/nios2-elf/5.3.0/../../../../../H-x86_64-mingw32/nios2-elf/lib\libc.a(lib_a-memset.o)
 .text.memset   0x000000000001ab84      0x128 j:/intelfpga/16.1/nios2eds/bin/gnu/h-x86_64-mingw32/bin/../lib/gcc/nios2-elf/5.3.0/../../../../../H-x86_64-mingw32/nios2-elf/lib\libc.a(lib_a-memset.o)
                0x000000000001ab84                memset
 .text          0x000000000001acac        0x0 j:/intelfpga/16.1/nios2eds/bin/gnu/h-x86_64-mingw32/bin/../lib/gcc/nios2-elf/5.3.0/../../../../../H-x86_64-mingw32/nios2-elf/lib\libc.a(lib_a-printf.o)
 .text._printf_r
                0x000000000001acac       0x30 j:/intelfpga/16.1/nios2eds/bin/gnu/h-x86_64-mingw32/bin/../lib/gcc/nios2-elf/5.3.0/../../../../../H-x86_64-mingw32/nios2-elf/lib\libc.a(lib_a-printf.o)
                0x000000000001acac                _printf_r
 .text.printf   0x000000000001acdc       0x3c j:/intelfpga/16.1/nios2eds/bin/gnu/h-x86_64-mingw32/bin/../lib/gcc/nios2-elf/5.3.0/../../../../../H-x86_64-mingw32/nios2-elf/lib\libc.a(lib_a-printf.o)
                0x000000000001acdc                printf
 .text          0x000000000001ad18        0x0 j:/intelfpga/16.1/nios2eds/bin/gnu/h-x86_64-mingw32/bin/../lib/gcc/nios2-elf/5.3.0/../../../../../H-x86_64-mingw32/nios2-elf/lib\libc.a(lib_a-putc.o)
 .text._putc_r  0x000000000001ad18       0xa0 j:/intelfpga/16.1/nios2eds/bin/gnu/h-x86_64-mingw32/bin/../lib/gcc/nios2-elf/5.3.0/../../../../../H-x86_64-mingw32/nios2-elf/lib\libc.a(lib_a-putc.o)
                0x000000000001ad18                _putc_r
 .text.putc     0x000000000001adb8       0xc8 j:/intelfpga/16.1/nios2eds/bin/gnu/h-x86_64-mingw32/bin/../lib/gcc/nios2-elf/5.3.0/../../../../../H-x86_64-mingw32/nios2-elf/lib\libc.a(lib_a-putc.o)
                0x000000000001adb8                putc
 .text          0x000000000001ae80        0x0 j:/intelfpga/16.1/nios2eds/bin/gnu/h-x86_64-mingw32/bin/../lib/gcc/nios2-elf/5.3.0/../../../../../H-x86_64-mingw32/nios2-elf/lib\libc.a(lib_a-putchar.o)
 .text._putchar_r
                0x000000000001ae80        0x8 j:/intelfpga/16.1/nios2eds/bin/gnu/h-x86_64-mingw32/bin/../lib/gcc/nios2-elf/5.3.0/../../../../../H-x86_64-mingw32/nios2-elf/lib\libc.a(lib_a-putchar.o)
                0x000000000001ae80                _putchar_r
 .text.putchar  0x000000000001ae88       0x18 j:/intelfpga/16.1/nios2eds/bin/gnu/h-x86_64-mingw32/bin/../lib/gcc/nios2-elf/5.3.0/../../../../../H-x86_64-mingw32/nios2-elf/lib\libc.a(lib_a-putchar.o)
                0x000000000001ae88                putchar
 .text          0x000000000001aea0        0x0 j:/intelfpga/16.1/nios2eds/bin/gnu/h-x86_64-mingw32/bin/../lib/gcc/nios2-elf/5.3.0/../../../../../H-x86_64-mingw32/nios2-elf/lib\libc.a(lib_a-puts.o)
 .text._puts_r  0x000000000001aea0       0xc0 j:/intelfpga/16.1/nios2eds/bin/gnu/h-x86_64-mingw32/bin/../lib/gcc/nios2-elf/5.3.0/../../../../../H-x86_64-mingw32/nios2-elf/lib\libc.a(lib_a-puts.o)
                0x000000000001aea0                _puts_r
 .text.puts     0x000000000001af60       0x14 j:/intelfpga/16.1/nios2eds/bin/gnu/h-x86_64-mingw32/bin/../lib/gcc/nios2-elf/5.3.0/../../../../../H-x86_64-mingw32/nios2-elf/lib\libc.a(lib_a-puts.o)
                0x000000000001af60                puts
 .text          0x000000000001af74        0x0 j:/intelfpga/16.1/nios2eds/bin/gnu/h-x86_64-mingw32/bin/../lib/gcc/nios2-elf/5.3.0/../../../../../H-x86_64-mingw32/nios2-elf/lib\libc.a(lib_a-rand.o)
 .text.srand    0x000000000001af74       0x18 j:/intelfpga/16.1/nios2eds/bin/gnu/h-x86_64-mingw32/bin/../lib/gcc/nios2-elf/5.3.0/../../../../../H-x86_64-mingw32/nios2-elf/lib\libc.a(lib_a-rand.o)
                0x000000000001af74                srand
 .text.rand     0x000000000001af8c       0x64 j:/intelfpga/16.1/nios2eds/bin/gnu/h-x86_64-mingw32/bin/../lib/gcc/nios2-elf/5.3.0/../../../../../H-x86_64-mingw32/nios2-elf/lib\libc.a(lib_a-rand.o)
                0x000000000001af8c                rand
 .text          0x000000000001aff0        0x0 j:/intelfpga/16.1/nios2eds/bin/gnu/h-x86_64-mingw32/bin/../lib/gcc/nios2-elf/5.3.0/../../../../../H-x86_64-mingw32/nios2-elf/lib\libc.a(lib_a-rget.o)
 .text.__srget_r
                0x000000000001aff0       0x74 j:/intelfpga/16.1/nios2eds/bin/gnu/h-x86_64-mingw32/bin/../lib/gcc/nios2-elf/5.3.0/../../../../../H-x86_64-mingw32/nios2-elf/lib\libc.a(lib_a-rget.o)
                0x000000000001aff0                __srget_r
 .text.__srget  0x000000000001b064       0x14 j:/intelfpga/16.1/nios2eds/bin/gnu/h-x86_64-mingw32/bin/../lib/gcc/nios2-elf/5.3.0/../../../../../H-x86_64-mingw32/nios2-elf/lib\libc.a(lib_a-rget.o)
                0x000000000001b064                __srget
 .text          0x000000000001b078        0x0 j:/intelfpga/16.1/nios2eds/bin/gnu/h-x86_64-mingw32/bin/../lib/gcc/nios2-elf/5.3.0/../../../../../H-x86_64-mingw32/nios2-elf/lib\libc.a(lib_a-sbrkr.o)
 .text._sbrk_r  0x000000000001b078       0x54 j:/intelfpga/16.1/nios2eds/bin/gnu/h-x86_64-mingw32/bin/../lib/gcc/nios2-elf/5.3.0/../../../../../H-x86_64-mingw32/nios2-elf/lib\libc.a(lib_a-sbrkr.o)
                0x000000000001b078                _sbrk_r
 .text          0x000000000001b0cc        0x0 j:/intelfpga/16.1/nios2eds/bin/gnu/h-x86_64-mingw32/bin/../lib/gcc/nios2-elf/5.3.0/../../../../../H-x86_64-mingw32/nios2-elf/lib\libc.a(lib_a-signal.o)
 .text._init_signal_r
                0x000000000001b0cc       0x6c j:/intelfpga/16.1/nios2eds/bin/gnu/h-x86_64-mingw32/bin/../lib/gcc/nios2-elf/5.3.0/../../../../../H-x86_64-mingw32/nios2-elf/lib\libc.a(lib_a-signal.o)
                0x000000000001b0cc                _init_signal_r
 .text._signal_r
                0x000000000001b138       0x84 j:/intelfpga/16.1/nios2eds/bin/gnu/h-x86_64-mingw32/bin/../lib/gcc/nios2-elf/5.3.0/../../../../../H-x86_64-mingw32/nios2-elf/lib\libc.a(lib_a-signal.o)
                0x000000000001b138                _signal_r
 .text._raise_r
                0x000000000001b1bc       0xbc j:/intelfpga/16.1/nios2eds/bin/gnu/h-x86_64-mingw32/bin/../lib/gcc/nios2-elf/5.3.0/../../../../../H-x86_64-mingw32/nios2-elf/lib\libc.a(lib_a-signal.o)
                0x000000000001b1bc                _raise_r
 .text.__sigtramp_r
                0x000000000001b278       0xa8 j:/intelfpga/16.1/nios2eds/bin/gnu/h-x86_64-mingw32/bin/../lib/gcc/nios2-elf/5.3.0/../../../../../H-x86_64-mingw32/nios2-elf/lib\libc.a(lib_a-signal.o)
                0x000000000001b278                __sigtramp_r
 .text.raise    0x000000000001b320       0x14 j:/intelfpga/16.1/nios2eds/bin/gnu/h-x86_64-mingw32/bin/../lib/gcc/nios2-elf/5.3.0/../../../../../H-x86_64-mingw32/nios2-elf/lib\libc.a(lib_a-signal.o)
                0x000000000001b320                raise
 .text.signal   0x000000000001b334       0x18 j:/intelfpga/16.1/nios2eds/bin/gnu/h-x86_64-mingw32/bin/../lib/gcc/nios2-elf/5.3.0/../../../../../H-x86_64-mingw32/nios2-elf/lib\libc.a(lib_a-signal.o)
                0x000000000001b334                signal
 .text._init_signal
                0x000000000001b34c       0x10 j:/intelfpga/16.1/nios2eds/bin/gnu/h-x86_64-mingw32/bin/../lib/gcc/nios2-elf/5.3.0/../../../../../H-x86_64-mingw32/nios2-elf/lib\libc.a(lib_a-signal.o)
                0x000000000001b34c                _init_signal
 .text.__sigtramp
                0x000000000001b35c       0x14 j:/intelfpga/16.1/nios2eds/bin/gnu/h-x86_64-mingw32/bin/../lib/gcc/nios2-elf/5.3.0/../../../../../H-x86_64-mingw32/nios2-elf/lib\libc.a(lib_a-signal.o)
                0x000000000001b35c                __sigtramp
 .text          0x000000000001b370        0x0 j:/intelfpga/16.1/nios2eds/bin/gnu/h-x86_64-mingw32/bin/../lib/gcc/nios2-elf/5.3.0/../../../../../H-x86_64-mingw32/nios2-elf/lib\libc.a(lib_a-signalr.o)
 .text._kill_r  0x000000000001b370       0x5c j:/intelfpga/16.1/nios2eds/bin/gnu/h-x86_64-mingw32/bin/../lib/gcc/nios2-elf/5.3.0/../../../../../H-x86_64-mingw32/nios2-elf/lib\libc.a(lib_a-signalr.o)
                0x000000000001b370                _kill_r
 .text._getpid_r
                0x000000000001b3cc        0x4 j:/intelfpga/16.1/nios2eds/bin/gnu/h-x86_64-mingw32/bin/../lib/gcc/nios2-elf/5.3.0/../../../../../H-x86_64-mingw32/nios2-elf/lib\libc.a(lib_a-signalr.o)
                0x000000000001b3cc                _getpid_r
 .text          0x000000000001b3d0        0x0 j:/intelfpga/16.1/nios2eds/bin/gnu/h-x86_64-mingw32/bin/../lib/gcc/nios2-elf/5.3.0/../../../../../H-x86_64-mingw32/nios2-elf/lib\libc.a(lib_a-snprintf.o)
 .text._snprintf_r
                0x000000000001b3d0       0xd8 j:/intelfpga/16.1/nios2eds/bin/gnu/h-x86_64-mingw32/bin/../lib/gcc/nios2-elf/5.3.0/../../../../../H-x86_64-mingw32/nios2-elf/lib\libc.a(lib_a-snprintf.o)
                0x000000000001b3d0                _snprintf_r
 .text.snprintf
                0x000000000001b4a8       0xe4 j:/intelfpga/16.1/nios2eds/bin/gnu/h-x86_64-mingw32/bin/../lib/gcc/nios2-elf/5.3.0/../../../../../H-x86_64-mingw32/nios2-elf/lib\libc.a(lib_a-snprintf.o)
                0x000000000001b4a8                snprintf
 .text          0x000000000001b58c        0x0 j:/intelfpga/16.1/nios2eds/bin/gnu/h-x86_64-mingw32/bin/../lib/gcc/nios2-elf/5.3.0/../../../../../H-x86_64-mingw32/nios2-elf/lib\libc.a(lib_a-sprintf.o)
 .text._sprintf_r
                0x000000000001b58c       0x58 j:/intelfpga/16.1/nios2eds/bin/gnu/h-x86_64-mingw32/bin/../lib/gcc/nios2-elf/5.3.0/../../../../../H-x86_64-mingw32/nios2-elf/lib\libc.a(lib_a-sprintf.o)
                0x000000000001b58c                _sprintf_r
 .text.sprintf  0x000000000001b5e4       0x6c j:/intelfpga/16.1/nios2eds/bin/gnu/h-x86_64-mingw32/bin/../lib/gcc/nios2-elf/5.3.0/../../../../../H-x86_64-mingw32/nios2-elf/lib\libc.a(lib_a-sprintf.o)
                0x000000000001b5e4                sprintf
 .text          0x000000000001b650        0x0 j:/intelfpga/16.1/nios2eds/bin/gnu/h-x86_64-mingw32/bin/../lib/gcc/nios2-elf/5.3.0/../../../../../H-x86_64-mingw32/nios2-elf/lib\libc.a(lib_a-strcmp.o)
 .text.strcmp   0x000000000001b650       0xdc j:/intelfpga/16.1/nios2eds/bin/gnu/h-x86_64-mingw32/bin/../lib/gcc/nios2-elf/5.3.0/../../../../../H-x86_64-mingw32/nios2-elf/lib\libc.a(lib_a-strcmp.o)
                0x000000000001b650                strcmp
 .text          0x000000000001b72c        0x0 j:/intelfpga/16.1/nios2eds/bin/gnu/h-x86_64-mingw32/bin/../lib/gcc/nios2-elf/5.3.0/../../../../../H-x86_64-mingw32/nios2-elf/lib\libc.a(lib_a-strcpy.o)
 .text.strcpy   0x000000000001b72c       0x90 j:/intelfpga/16.1/nios2eds/bin/gnu/h-x86_64-mingw32/bin/../lib/gcc/nios2-elf/5.3.0/../../../../../H-x86_64-mingw32/nios2-elf/lib\libc.a(lib_a-strcpy.o)
                0x000000000001b72c                strcpy
 .text          0x000000000001b7bc        0x0 j:/intelfpga/16.1/nios2eds/bin/gnu/h-x86_64-mingw32/bin/../lib/gcc/nios2-elf/5.3.0/../../../../../H-x86_64-mingw32/nios2-elf/lib\libc.a(lib_a-strlen.o)
 .text.strlen   0x000000000001b7bc       0x98 j:/intelfpga/16.1/nios2eds/bin/gnu/h-x86_64-mingw32/bin/../lib/gcc/nios2-elf/5.3.0/../../../../../H-x86_64-mingw32/nios2-elf/lib\libc.a(lib_a-strlen.o)
                0x000000000001b7bc                strlen
 .text          0x000000000001b854        0x0 j:/intelfpga/16.1/nios2eds/bin/gnu/h-x86_64-mingw32/bin/../lib/gcc/nios2-elf/5.3.0/../../../../../H-x86_64-mingw32/nios2-elf/lib\libc.a(lib_a-svfprintf.o)
 .text.___svfprintf_internal_r
                0x000000000001b854     0x21d8 j:/intelfpga/16.1/nios2eds/bin/gnu/h-x86_64-mingw32/bin/../lib/gcc/nios2-elf/5.3.0/../../../../../H-x86_64-mingw32/nios2-elf/lib\libc.a(lib_a-svfprintf.o)
                0x000000000001b854                ___svfprintf_internal_r
 .text          0x000000000001da2c        0x0 j:/intelfpga/16.1/nios2eds/bin/gnu/h-x86_64-mingw32/bin/../lib/gcc/nios2-elf/5.3.0/../../../../../H-x86_64-mingw32/nios2-elf/lib\libc.a(lib_a-vfprintf.o)
 .text.___vfprintf_internal_r
                0x000000000001da2c     0x21f8 j:/intelfpga/16.1/nios2eds/bin/gnu/h-x86_64-mingw32/bin/../lib/gcc/nios2-elf/5.3.0/../../../../../H-x86_64-mingw32/nios2-elf/lib\libc.a(lib_a-vfprintf.o)
                0x000000000001da2c                ___vfprintf_internal_r
 .text.__vfprintf_internal
                0x000000000001fc24       0x1c j:/intelfpga/16.1/nios2eds/bin/gnu/h-x86_64-mingw32/bin/../lib/gcc/nios2-elf/5.3.0/../../../../../H-x86_64-mingw32/nios2-elf/lib\libc.a(lib_a-vfprintf.o)
                0x000000000001fc24                __vfprintf_internal
 .text.__sbprintf
                0x000000000001fc40       0xbc j:/intelfpga/16.1/nios2eds/bin/gnu/h-x86_64-mingw32/bin/../lib/gcc/nios2-elf/5.3.0/../../../../../H-x86_64-mingw32/nios2-elf/lib\libc.a(lib_a-vfprintf.o)
 .text          0x000000000001fcfc        0x0 j:/intelfpga/16.1/nios2eds/bin/gnu/h-x86_64-mingw32/bin/../lib/gcc/nios2-elf/5.3.0/../../../../../H-x86_64-mingw32/nios2-elf/lib\libc.a(lib_a-vsnprintf.o)
 .text._vsnprintf_r
                0x000000000001fcfc       0xf0 j:/intelfpga/16.1/nios2eds/bin/gnu/h-x86_64-mingw32/bin/../lib/gcc/nios2-elf/5.3.0/../../../../../H-x86_64-mingw32/nios2-elf/lib\libc.a(lib_a-vsnprintf.o)
                0x000000000001fcfc                _vsnprintf_r
 .text.vsnprintf
                0x000000000001fdec       0x34 j:/intelfpga/16.1/nios2eds/bin/gnu/h-x86_64-mingw32/bin/../lib/gcc/nios2-elf/5.3.0/../../../../../H-x86_64-mingw32/nios2-elf/lib\libc.a(lib_a-vsnprintf.o)
                0x000000000001fdec                vsnprintf
 .text          0x000000000001fe20        0x0 j:/intelfpga/16.1/nios2eds/bin/gnu/h-x86_64-mingw32/bin/../lib/gcc/nios2-elf/5.3.0/../../../../../H-x86_64-mingw32/nios2-elf/lib\libc.a(lib_a-wbuf.o)
 .text.__swbuf_r
                0x000000000001fe20      0x140 j:/intelfpga/16.1/nios2eds/bin/gnu/h-x86_64-mingw32/bin/../lib/gcc/nios2-elf/5.3.0/../../../../../H-x86_64-mingw32/nios2-elf/lib\libc.a(lib_a-wbuf.o)
                0x000000000001fe20                __swbuf_r
 .text.__swbuf  0x000000000001ff60       0x18 j:/intelfpga/16.1/nios2eds/bin/gnu/h-x86_64-mingw32/bin/../lib/gcc/nios2-elf/5.3.0/../../../../../H-x86_64-mingw32/nios2-elf/lib\libc.a(lib_a-wbuf.o)
                0x000000000001ff60                __swbuf
 .text          0x000000000001ff78        0x0 j:/intelfpga/16.1/nios2eds/bin/gnu/h-x86_64-mingw32/bin/../lib/gcc/nios2-elf/5.3.0/../../../../../H-x86_64-mingw32/nios2-elf/lib\libc.a(lib_a-wsetup.o)
 .text.__swsetup_r
                0x000000000001ff78      0x154 j:/intelfpga/16.1/nios2eds/bin/gnu/h-x86_64-mingw32/bin/../lib/gcc/nios2-elf/5.3.0/../../../../../H-x86_64-mingw32/nios2-elf/lib\libc.a(lib_a-wsetup.o)
                0x000000000001ff78                __swsetup_r
 .text          0x00000000000200cc        0x0 j:/intelfpga/16.1/nios2eds/bin/gnu/h-x86_64-mingw32/bin/../lib/gcc/nios2-elf/5.3.0/../../../../../H-x86_64-mingw32/nios2-elf/lib\libc.a(lib_a-dtoa.o)
 .text.quorem   0x00000000000200cc      0x200 j:/intelfpga/16.1/nios2eds/bin/gnu/h-x86_64-mingw32/bin/../lib/gcc/nios2-elf/5.3.0/../../../../../H-x86_64-mingw32/nios2-elf/lib\libc.a(lib_a-dtoa.o)
 .text._dtoa_r  0x00000000000202cc     0x1688 j:/intelfpga/16.1/nios2eds/bin/gnu/h-x86_64-mingw32/bin/../lib/gcc/nios2-elf/5.3.0/../../../../../H-x86_64-mingw32/nios2-elf/lib\libc.a(lib_a-dtoa.o)
                0x00000000000202cc                _dtoa_r
 .text          0x0000000000021954        0x0 j:/intelfpga/16.1/nios2eds/bin/gnu/h-x86_64-mingw32/bin/../lib/gcc/nios2-elf/5.3.0/../../../../../H-x86_64-mingw32/nios2-elf/lib\libc.a(lib_a-fflush.o)
 .text.__sflush_r
                0x0000000000021954      0x21c j:/intelfpga/16.1/nios2eds/bin/gnu/h-x86_64-mingw32/bin/../lib/gcc/nios2-elf/5.3.0/../../../../../H-x86_64-mingw32/nios2-elf/lib\libc.a(lib_a-fflush.o)
                0x0000000000021954                __sflush_r
 .text._fflush_r
                0x0000000000021b70       0x5c j:/intelfpga/16.1/nios2eds/bin/gnu/h-x86_64-mingw32/bin/../lib/gcc/nios2-elf/5.3.0/../../../../../H-x86_64-mingw32/nios2-elf/lib\libc.a(lib_a-fflush.o)
                0x0000000000021b70                _fflush_r
 .text.fflush   0x0000000000021bcc       0x30 j:/intelfpga/16.1/nios2eds/bin/gnu/h-x86_64-mingw32/bin/../lib/gcc/nios2-elf/5.3.0/../../../../../H-x86_64-mingw32/nios2-elf/lib\libc.a(lib_a-fflush.o)
                0x0000000000021bcc                fflush
 .text          0x0000000000021bfc        0x0 j:/intelfpga/16.1/nios2eds/bin/gnu/h-x86_64-mingw32/bin/../lib/gcc/nios2-elf/5.3.0/../../../../../H-x86_64-mingw32/nios2-elf/lib\libc.a(lib_a-findfp.o)
 .text.__fp_unlock
                0x0000000000021bfc        0x8 j:/intelfpga/16.1/nios2eds/bin/gnu/h-x86_64-mingw32/bin/../lib/gcc/nios2-elf/5.3.0/../../../../../H-x86_64-mingw32/nios2-elf/lib\libc.a(lib_a-findfp.o)
 .text._cleanup_r
                0x0000000000021c04        0xc j:/intelfpga/16.1/nios2eds/bin/gnu/h-x86_64-mingw32/bin/../lib/gcc/nios2-elf/5.3.0/../../../../../H-x86_64-mingw32/nios2-elf/lib\libc.a(lib_a-findfp.o)
                0x0000000000021c04                _cleanup_r
 .text.__sinit.part.1
                0x0000000000021c10      0x19c j:/intelfpga/16.1/nios2eds/bin/gnu/h-x86_64-mingw32/bin/../lib/gcc/nios2-elf/5.3.0/../../../../../H-x86_64-mingw32/nios2-elf/lib\libc.a(lib_a-findfp.o)
 .text.__fp_lock
                0x0000000000021dac        0x8 j:/intelfpga/16.1/nios2eds/bin/gnu/h-x86_64-mingw32/bin/../lib/gcc/nios2-elf/5.3.0/../../../../../H-x86_64-mingw32/nios2-elf/lib\libc.a(lib_a-findfp.o)
 .text.__sfmoreglue
                0x0000000000021db4       0x68 j:/intelfpga/16.1/nios2eds/bin/gnu/h-x86_64-mingw32/bin/../lib/gcc/nios2-elf/5.3.0/../../../../../H-x86_64-mingw32/nios2-elf/lib\libc.a(lib_a-findfp.o)
                0x0000000000021db4                __sfmoreglue
 .text.__sfp    0x0000000000021e1c      0x118 j:/intelfpga/16.1/nios2eds/bin/gnu/h-x86_64-mingw32/bin/../lib/gcc/nios2-elf/5.3.0/../../../../../H-x86_64-mingw32/nios2-elf/lib\libc.a(lib_a-findfp.o)
                0x0000000000021e1c                __sfp
 .text._cleanup
                0x0000000000021f34       0x18 j:/intelfpga/16.1/nios2eds/bin/gnu/h-x86_64-mingw32/bin/../lib/gcc/nios2-elf/5.3.0/../../../../../H-x86_64-mingw32/nios2-elf/lib\libc.a(lib_a-findfp.o)
                0x0000000000021f34                _cleanup
 .text.__sinit  0x0000000000021f4c       0x10 j:/intelfpga/16.1/nios2eds/bin/gnu/h-x86_64-mingw32/bin/../lib/gcc/nios2-elf/5.3.0/../../../../../H-x86_64-mingw32/nios2-elf/lib\libc.a(lib_a-findfp.o)
                0x0000000000021f4c                __sinit
 .text.__sfp_lock_acquire
                0x0000000000021f5c        0x4 j:/intelfpga/16.1/nios2eds/bin/gnu/h-x86_64-mingw32/bin/../lib/gcc/nios2-elf/5.3.0/../../../../../H-x86_64-mingw32/nios2-elf/lib\libc.a(lib_a-findfp.o)
                0x0000000000021f5c                __sfp_lock_acquire
 .text.__sfp_lock_release
                0x0000000000021f60        0x4 j:/intelfpga/16.1/nios2eds/bin/gnu/h-x86_64-mingw32/bin/../lib/gcc/nios2-elf/5.3.0/../../../../../H-x86_64-mingw32/nios2-elf/lib\libc.a(lib_a-findfp.o)
                0x0000000000021f60                __sfp_lock_release