Archive member included to satisfy reference by file (symbol)

e:/intelfpga/16.1/nios2eds/bin/gnu/h-x86_64-mingw32/bin/../lib/gcc/nios2-elf/5.3.0/../../../../../H-x86_64-mingw32/nios2-elf/lib\libm.a(lib_a-s_atan.o)
                              obj/default/gui_compass.o (atan)
e:/intelfpga/16.1/nios2eds/bin/gnu/h-x86_64-mingw32/bin/../lib/gcc/nios2-elf/5.3.0/../../../../../H-x86_64-mingw32/nios2-elf/lib\libm.a(lib_a-s_cos.o)
                              obj/default/gui_compass.o (cos)
e:/intelfpga/16.1/nios2eds/bin/gnu/h-x86_64-mingw32/bin/../lib/gcc/nios2-elf/5.3.0/../../../../../H-x86_64-mingw32/nios2-elf/lib\libm.a(lib_a-s_fabs.o)
                              e:/intelfpga/16.1/nios2eds/bin/gnu/h-x86_64-mingw32/bin/../lib/gcc/nios2-elf/5.3.0/../../../../../H-x86_64-mingw32/nios2-elf/lib\libm.a(lib_a-s_atan.o) (fabs)
e:/intelfpga/16.1/nios2eds/bin/gnu/h-x86_64-mingw32/bin/../lib/gcc/nios2-elf/5.3.0/../../../../../H-x86_64-mingw32/nios2-elf/lib\libm.a(lib_a-s_sin.o)
                              obj/default/gui_compass.o (sin)
e:/intelfpga/16.1/nios2eds/bin/gnu/h-x86_64-mingw32/bin/../lib/gcc/nios2-elf/5.3.0/../../../../../H-x86_64-mingw32/nios2-elf/lib\libm.a(lib_a-w_atan2.o)
                              obj/default/gui_compass.o (atan2)
e:/intelfpga/16.1/nios2eds/bin/gnu/h-x86_64-mingw32/bin/../lib/gcc/nios2-elf/5.3.0/../../../../../H-x86_64-mingw32/nios2-elf/lib\libm.a(lib_a-w_sqrt.o)
                              obj/default/geometry.o (sqrt)
e:/intelfpga/16.1/nios2eds/bin/gnu/h-x86_64-mingw32/bin/../lib/gcc/nios2-elf/5.3.0/../../../../../H-x86_64-mingw32/nios2-elf/lib\libm.a(lib_a-e_atan2.o)
                              e:/intelfpga/16.1/nios2eds/bin/gnu/h-x86_64-mingw32/bin/../lib/gcc/nios2-elf/5.3.0/../../../../../H-x86_64-mingw32/nios2-elf/lib\libm.a(lib_a-w_atan2.o) (__ieee754_atan2)
e:/intelfpga/16.1/nios2eds/bin/gnu/h-x86_64-mingw32/bin/../lib/gcc/nios2-elf/5.3.0/../../../../../H-x86_64-mingw32/nios2-elf/lib\libm.a(lib_a-e_rem_pio2.o)
                              e:/intelfpga/16.1/nios2eds/bin/gnu/h-x86_64-mingw32/bin/../lib/gcc/nios2-elf/5.3.0/../../../../../H-x86_64-mingw32/nios2-elf/lib\libm.a(lib_a-s_cos.o) (__ieee754_rem_pio2)
e:/intelfpga/16.1/nios2eds/bin/gnu/h-x86_64-mingw32/bin/../lib/gcc/nios2-elf/5.3.0/../../../../../H-x86_64-mingw32/nios2-elf/lib\libm.a(lib_a-e_sqrt.o)
                              e:/intelfpga/16.1/nios2eds/bin/gnu/h-x86_64-mingw32/bin/../lib/gcc/nios2-elf/5.3.0/../../../../../H-x86_64-mingw32/nios2-elf/lib\libm.a(lib_a-w_sqrt.o) (__ieee754_sqrt)
e:/intelfpga/16.1/nios2eds/bin/gnu/h-x86_64-mingw32/bin/../lib/gcc/nios2-elf/5.3.0/../../../../../H-x86_64-mingw32/nios2-elf/lib\libm.a(lib_a-k_cos.o)
                              e:/intelfpga/16.1/nios2eds/bin/gnu/h-x86_64-mingw32/bin/../lib/gcc/nios2-elf/5.3.0/../../../../../H-x86_64-mingw32/nios2-elf/lib\libm.a(lib_a-s_cos.o) (__kernel_cos)
e:/intelfpga/16.1/nios2eds/bin/gnu/h-x86_64-mingw32/bin/../lib/gcc/nios2-elf/5.3.0/../../../../../H-x86_64-mingw32/nios2-elf/lib\libm.a(lib_a-k_rem_pio2.o)
                              e:/intelfpga/16.1/nios2eds/bin/gnu/h-x86_64-mingw32/bin/../lib/gcc/nios2-elf/5.3.0/../../../../../H-x86_64-mingw32/nios2-elf/lib\libm.a(lib_a-e_rem_pio2.o) (__kernel_rem_pio2)
e:/intelfpga/16.1/nios2eds/bin/gnu/h-x86_64-mingw32/bin/../lib/gcc/nios2-elf/5.3.0/../../../../../H-x86_64-mingw32/nios2-elf/lib\libm.a(lib_a-k_sin.o)
                              e:/intelfpga/16.1/nios2eds/bin/gnu/h-x86_64-mingw32/bin/../lib/gcc/nios2-elf/5.3.0/../../../../../H-x86_64-mingw32/nios2-elf/lib\libm.a(lib_a-s_cos.o) (__kernel_sin)
e:/intelfpga/16.1/nios2eds/bin/gnu/h-x86_64-mingw32/bin/../lib/gcc/nios2-elf/5.3.0/../../../../../H-x86_64-mingw32/nios2-elf/lib\libm.a(lib_a-s_floor.o)
                              e:/intelfpga/16.1/nios2eds/bin/gnu/h-x86_64-mingw32/bin/../lib/gcc/nios2-elf/5.3.0/../../../../../H-x86_64-mingw32/nios2-elf/lib\libm.a(lib_a-k_rem_pio2.o) (floor)
e:/intelfpga/16.1/nios2eds/bin/gnu/h-x86_64-mingw32/bin/../lib/gcc/nios2-elf/5.3.0/../../../../../H-x86_64-mingw32/nios2-elf/lib\libm.a(lib_a-s_fpclassify.o)
                              e:/intelfpga/16.1/nios2eds/bin/gnu/h-x86_64-mingw32/bin/../lib/gcc/nios2-elf/5.3.0/../../../../../H-x86_64-mingw32/nios2-elf/lib\libm.a(lib_a-w_sqrt.o) (__fpclassifyd)
e:/intelfpga/16.1/nios2eds/bin/gnu/h-x86_64-mingw32/bin/../lib/gcc/nios2-elf/5.3.0/../../../../../H-x86_64-mingw32/nios2-elf/lib\libm.a(lib_a-s_lib_ver.o)
                              e:/intelfpga/16.1/nios2eds/bin/gnu/h-x86_64-mingw32/bin/../lib/gcc/nios2-elf/5.3.0/../../../../../H-x86_64-mingw32/nios2-elf/lib\libm.a(lib_a-w_sqrt.o) (__fdlib_version)
e:/intelfpga/16.1/nios2eds/bin/gnu/h-x86_64-mingw32/bin/../lib/gcc/nios2-elf/5.3.0/../../../../../H-x86_64-mingw32/nios2-elf/lib\libm.a(lib_a-s_matherr.o)
                              e:/intelfpga/16.1/nios2eds/bin/gnu/h-x86_64-mingw32/bin/../lib/gcc/nios2-elf/5.3.0/../../../../../H-x86_64-mingw32/nios2-elf/lib\libm.a(lib_a-w_sqrt.o) (matherr)
[...]
Memory Configuration

Name             Origin             Length             Attributes
sdram_BEFORE_EXCEPTION 0x0000000004000000 0x0000000000000020
sdram            0x0000000004000020 0x0000000003ffffe0
reset            0x0000000009001000 0x0000000000000020
epcs_flash_controller_0 0x0000000009001020 0x00000000000007e0
*default*        0x0000000000000000 0xffffffffffffffff

Linker script and memory map

LOAD ../GUI_APP_bsp//obj/HAL/src/crt0.o
LOAD obj/default/gesture.o
LOAD obj/default/fonts/tahomabold_20.o
LOAD obj/default/fonts/tahomabold_32.o
LOAD obj/default/geometry.o
LOAD obj/default/gimp_bmp/gimp_bmp.o
LOAD obj/default/graphic_lib/simple_graphics.o
LOAD obj/default/graphic_lib/simple_text.o
LOAD obj/default/gui_compass.o
LOAD obj/default/images/compass.o
LOAD obj/default/images/rotate_xyz_360.o
LOAD obj/default/main.o
LOAD obj/default/mpu9250.o
LOAD obj/default/terasic_lib/I2C_core.o
LOAD obj/default/terasic_lib/Uart.o
LOAD obj/default/terasic_lib/multi_touch2.o
LOAD obj/default/terasic_lib/queue.o
LOAD obj/default/vip_fr.o
LOAD e:/intelfpga/16.1/nios2eds/bin/gnu/h-x86_64-mingw32/bin/../lib/gcc/nios2-elf/5.3.0/../../../../../H-x86_64-mingw32/nios2-elf/lib\libstdc++.a
LOAD e:/intelfpga/16.1/nios2eds/bin/gnu/h-x86_64-mingw32/bin/../lib/gcc/nios2-elf/5.3.0/../../../../../H-x86_64-mingw32/nios2-elf/lib\libm.a
LOAD e:/intelfpga/16.1/nios2eds/bin/gnu/h-x86_64-mingw32/bin/../lib/gcc/nios2-elf/5.3.0\libgcc.a
START GROUP
LOAD e:/intelfpga/16.1/nios2eds/bin/gnu/h-x86_64-mingw32/bin/../lib/gcc/nios2-elf/5.3.0/../../../../../H-x86_64-mingw32/nios2-elf/lib\libc.a
LOAD e:/intelfpga/16.1/nios2eds/bin/gnu/h-x86_64-mingw32/bin/../lib/gcc/nios2-elf/5.3.0\libgcc.a
LOAD ../GUI_APP_bsp/\libhal_bsp.a
LOAD e:/intelfpga/16.1/nios2eds/bin/gnu/h-x86_64-mingw32/bin/../lib/gcc/nios2-elf/5.3.0/../../../../../H-x86_64-mingw32/nios2-elf/lib\libm.a
END GROUP
LOAD e:/intelfpga/16.1/nios2eds/bin/gnu/h-x86_64-mingw32/bin/../lib/gcc/nios2-elf/5.3.0\libgcc.a
                0x0000000004000000                __alt_mem_sdram = 0x4000000
                0x0000000009001000                __alt_mem_epcs_flash_controller_0 = 0x9001000

.entry          0x0000000009001000        0x0
 *(.entry)
 .entry         0x0000000009001000        0x0 ../GUI_APP_bsp//obj/HAL/src/crt0.o
                0x0000000009001000                __reset

.exceptions     0x0000000004000020      0x224
                [!provide]                        PROVIDE (__ram_exceptions_start, ABSOLUTE (.))
                0x0000000004000020                . = ALIGN (0x20)
 *(.irq)
 *(.exceptions.entry.label)
 .exceptions.entry.label
                0x0000000004000020        0x0 ../GUI_APP_bsp/\libhal_bsp.a(alt_irq_entry.o)
                0x0000000004000020                alt_irq_entry
 .exceptions.entry.label
                0x0000000004000020        0x0 ../GUI_APP_bsp/\libhal_bsp.a(alt_exception_entry.o)
                0x0000000004000020                alt_exception
 *(.exceptions.entry.user)
 *(.exceptions.entry.ecc_fatal)
 *(.exceptions.entry)
 .exceptions.entry
                0x0000000004000020       0x54 ../GUI_APP_bsp/\libhal_bsp.a(alt_exception_entry.o)
 *(.exceptions.irqtest.user)
 *(.exceptions.irqtest)
 .exceptions.irqtest
                0x0000000004000074       0x10 ../GUI_APP_bsp/\libhal_bsp.a(alt_irq_entry.o)
 *(.exceptions.irqhandler.user)
 *(.exceptions.irqhandler)
 .exceptions.irqhandler
                0x0000000004000084        0x4 ../GUI_APP_bsp/\libhal_bsp.a(alt_irq_entry.o)
 *(.exceptions.irqreturn.user)
 *(.exceptions.irqreturn)
 .exceptions.irqreturn
                0x0000000004000088        0x4 ../GUI_APP_bsp/\libhal_bsp.a(alt_irq_entry.o)
 *(.exceptions.notirq.label)
 .exceptions.notirq.label
                0x000000000400008c        0x0 ../GUI_APP_bsp/\libhal_bsp.a(alt_irq_entry.o)
 *(.exceptions.notirq.user)
 *(.exceptions.notirq)
 .exceptions.notirq
                0x000000000400008c        0x8 ../GUI_APP_bsp/\libhal_bsp.a(alt_exception_entry.o)
 *(.exceptions.soft.user)
 *(.exceptions.soft)
 *(.exceptions.unknown.user)
 *(.exceptions.unknown)
 .exceptions.unknown
                0x0000000004000094       0x14 ../GUI_APP_bsp/\libhal_bsp.a(alt_exception_entry.o)
 *(.exceptions.exit.label)
 .exceptions.exit.label
                0x00000000040000a8        0x0 ../GUI_APP_bsp/\libhal_bsp.a(alt_irq_entry.o)
 .exceptions.exit.label
                0x00000000040000a8        0x0 ../GUI_APP_bsp/\libhal_bsp.a(alt_exception_entry.o)
 *(.exceptions.exit.user)
 *(.exceptions.exit)
 .exceptions.exit
                0x00000000040000a8       0x54 ../GUI_APP_bsp/\libhal_bsp.a(alt_exception_entry.o)
 *(.exceptions)
 .exceptions    0x00000000040000fc       0xd4 ../GUI_APP_bsp/\libhal_bsp.a(alt_irq_handler.o)
                0x00000000040000fc                alt_irq_handler
 .exceptions    0x00000000040001d0       0x74 ../GUI_APP_bsp/\libhal_bsp.a(alt_instruction_exception_entry.o)
                0x00000000040001d0                alt_instruction_exception_entry
                [!provide]                        PROVIDE (__ram_exceptions_end, ABSOLUTE (.))
                [!provide]                        PROVIDE (__flash_exceptions_start, LOADADDR (.exceptions))

.text           0x0000000004000244    0x22f10
                [!provide]                        PROVIDE (stext, ABSOLUTE (.))
 *(.interp)
 *(.hash)
 *(.dynsym)
 *(.dynstr)
 *(.gnu.version)
 *(.gnu.version_d)
 *(.gnu.version_r)
 *(.rel.init)
 *(.rela.init)
 *(.rel.text .rel.text.* .rel.gnu.linkonce.t.*)
 *(.rela.text .rela.text.* .rela.gnu.linkonce.t.*)
 *(.rel.fini)
 *(.rela.fini)
 *(.rel.rodata .rel.rodata.* .rel.gnu.linkonce.r.*)
 *(.rela.rodata .rela.rodata.* .rela.gnu.linkonce.r.*)
 *(.rel.data .rel.data.* .rel.gnu.linkonce.d.*)
 *(.rela.data .rela.data.* .rela.gnu.linkonce.d.*)
 *(.rel.tdata .rel.tdata.* .rel.gnu.linkonce.td.*)
 *(.rela.tdata .rela.tdata.* .rela.gnu.linkonce.td.*)
 *(.rel.tbss .rel.tbss.* .rel.gnu.linkonce.tb.*)
 *(.rela.tbss .rela.tbss.* .rela.gnu.linkonce.tb.*)
 *(.rel.ctors)
 *(.rela.ctors)
 *(.rel.dtors)
 *(.rela.dtors)
 *(.rel.got)
 *(.rela.got)
 *(.rel.sdata .rel.sdata.* .rel.gnu.linkonce.s.*)
 *(.rela.sdata .rela.sdata.* .rela.gnu.linkonce.s.*)
 *(.rel.sbss .rel.sbss.* .rel.gnu.linkonce.sb.*)
 *(.rela.sbss .rela.sbss.* .rela.gnu.linkonce.sb.*)
 *(.rel.sdata2 .rel.sdata2.* .rel.gnu.linkonce.s2.*)
 *(.rela.sdata2 .rela.sdata2.* .rela.gnu.linkonce.s2.*)
 *(.rel.sbss2 .rel.sbss2.* .rel.gnu.linkonce.sb2.*)
 *(.rela.sbss2 .rela.sbss2.* .rela.gnu.linkonce.sb2.*)
 *(.rel.bss .rel.bss.* .rel.gnu.linkonce.b.*)
 *(.rela.bss .rela.bss.* .rela.gnu.linkonce.b.*)
 *(.rel.plt)
 *(.rela.plt)
 *(.rel.dyn)
 *(.init)
 *(.plt)
 *(.text .stub .text.* .gnu.linkonce.t.*)
 .text          0x0000000004000244       0x48 ../GUI_APP_bsp//obj/HAL/src/crt0.o
                0x0000000004000244                _start
 .text          0x000000000400028c        0x0 obj/default/gesture.o
 .text          0x000000000400028c        0x0 obj/default/fonts/tahomabold_20.o
 .text          0x000000000400028c        0x0 obj/default/fonts/tahomabold_32.o
 .text          0x000000000400028c      0x40c obj/default/geometry.o
                0x000000000400028c                IsPtInRect(POINT*, RECT*)
                0x0000000004000310                PtSet(POINT*, int, int)
                0x0000000004000354                RectSet(RECT*, int, int, int, int)
                0x00000000040003b4                RectInflate(RECT*, int, int)
                0x0000000004000440                RectOffset(RECT*, int, int)
                0x00000000040004cc                RectCopy(RECT*, RECT*)
                0x0000000004000534                RectWidth(RECT*)
                0x0000000004000568                RectHeight(RECT*)
                0x000000000400059c                PtDistance(POINT*, POINT*)
                0x0000000004000650                PtCopy(POINT*, POINT*)
 .text          0x0000000004000698      0xbd0 obj/default/gimp_bmp/gimp_bmp.o
                0x0000000004000698                load_gimp_bmp(gimp_image_struct*, bitmap_struct*, int)
                0x0000000004000a80                free_gimp_bmp_data(bitmap_struct*)
                0x0000000004000abc                copy_pix_map_32_to_32(void*, long, long, long, void*, long)
                0x0000000004000bc4                copy_pix_map_32_to_24(void*, long, long, long, void*, long)
                0x0000000004000d14                copy_pix_map_32_to_16(void*, long, long, long, void*, long)
                0x0000000004000e50                copy_pix_map_24_to_32(void*, long, long, long, void*, long)
                0x0000000004000fc0                copy_pix_map_24_to_24(void*, long, long, long, void*, long)
                0x0000000004001108                copy_pix_map_24_to_16(void*, long, long, long, void*, long)
 .text          0x0000000004001268     0x2ba8 obj/default/graphic_lib/simple_graphics.o
                0x0000000004001268                vid_clean_screen(VIP_FRAME_READER*, int)
                0x00000000040012cc                vid_scroll_string_quit(vid_text_scroll_struct*)
                0x0000000004001310                vid_scroll_string_init(int, int, int, int, int, char*, int, char*)
                0x000000000400145c                vid_scroll_string(vid_text_scroll_struct*, VIP_FRAME_READER*)
                0x00000000040017c4                vid_move_block(int, int, int, int, int, int, int, VIP_FRAME_READER*)
                0x00000000040018e0                vid_print_string(int, int, int, char*, VIP_FRAME_READER*, char*)
                0x00000000040019e8                vid_draw_box(int, int, int, int, int, int, VIP_FRAME_READER*)
                0x0000000004001b40                vid_print_char(int, int, int, char, char*, VIP_FRAME_READER*)
                0x0000000004001c30                vid_set_pixel(int, int, unsigned int, VIP_FRAME_READER*)
                0x0000000004001dbc                vid_get_pixel(int, int, VIP_FRAME_READER*)
                0x0000000004001e30                vid_paint_block(int, int, int, int, int, VIP_FRAME_READER*)
                0x000000000400206c                vid_draw_horiz_line(short, short, int, int, VIP_FRAME_READER*)
                0x0000000004002354                vid_merge_colors(int, int, int)
                0x00000000040023a0                vid_color_convert24_16(char*)
                0x0000000004002440                vid_color_convert16_24(unsigned short, char*)
                0x00000000040024ac                vid_copy_line_to_frame_buffer(int, int, char*, int, int, VIP_FRAME_READER*)
                0x000000000400274c                vid_draw_sloped_line(unsigned short, unsigned short, unsigned short, unsigned short, unsigned short, int, VIP_FRAME_READER*)
                0x00000000040029bc                vid_draw_circle(int, int, int, int, char, VIP_FRAME_READER*)
                0x0000000004002b04                vid_draw_round_corner_box(int, int, int, int, int, int, int, VIP_FRAME_READER*)
                0x0000000004002ec0                vid_round_corner_points(int, int, int, int, int, int, int, char, VIP_FRAME_READER*)
                0x00000000040035fc                vid_bres_scan_edges(int, int, int, int, int*)
                0x000000000400383c                vid_draw_triangle(triangle_struct*, VIP_FRAME_READER*)
                0x0000000004003bf0                CopyImage16(short*, short*, short, short, short, short)
                0x0000000004003cdc                CropImage16(short*, short*, short, short, short, short, short, short, short, short)
 .text._Z13vid_draw_lineiiiiiiP16VIP_FRAME_READER
                0x0000000004003e10       0xcc obj/default/graphic_lib/simple_graphics.o
                0x0000000004003e10                vid_draw_line(int, int, int, int, int, int, VIP_FRAME_READER*)
 .text._Z4max3iii
                0x0000000004003edc       0x54 obj/default/graphic_lib/simple_graphics.o
                0x0000000004003edc                max3(int, int, int)
 .text._Z4min3iii
                0x0000000004003f30       0x54 obj/default/graphic_lib/simple_graphics.o
                0x0000000004003f30                min3(int, int, int)
 .text._Z9max_diff3iii
                0x0000000004003f84       0x64 obj/default/graphic_lib/simple_graphics.o
                0x0000000004003f84                max_diff3(int, int, int)
 .text._Z25vid_put_pixel_in_span_mapiiPi
                0x0000000004003fe8      0x104 obj/default/graphic_lib/simple_graphics.o
                0x0000000004003fe8                vid_put_pixel_in_span_map(int, int, int*)
 .text          0x00000000040040ec      0x530 obj/default/graphic_lib/simple_text.o
                0x00000000040040ec                vid_print_string_alpha(int, int, int, int, abc_font_struct*, VIP_FRAME_READER*, char*)
                0x000000000400434c                vid_print_char_alpha(int, int, int, char, int, abc_font_struct*, VIP_FRAME_READER*)
                0x0000000004004534                vid_string_pixel_length_alpha(abc_font_struct*, char*)
 .text._Z23seperate_color_channelsiPhS_S_S_
                0x000000000400461c      0x144 obj/default/graphic_lib/simple_text.o
                0x000000000400461c                seperate_color_channels(int, unsigned char*, unsigned char*, unsigned char*, unsigned char*)
 .text._Z20merge_color_channelsihhhPh
                0x0000000004004760      0x130 obj/default/graphic_lib/simple_text.o
                0x0000000004004760                merge_color_channels(int, unsigned char, unsigned char, unsigned char, unsigned char*)
 .text._Z15read_from_frameiiPhS_S_P16VIP_FRAME_READER
                0x0000000004004890      0x22c obj/default/graphic_lib/simple_text.o
                0x0000000004004890                read_from_frame(int, int, unsigned char*, unsigned char*, unsigned char*, VIP_FRAME_READER*)
 .text._Z14alpha_blendingiiihPhS_S_P16VIP_FRAME_READER
                0x0000000004004abc      0x25c obj/default/graphic_lib/simple_text.o
                0x0000000004004abc                alpha_blending(int, int, int, unsigned char, unsigned char*, unsigned char*, unsigned char*, VIP_FRAME_READER*)
 .text          0x0000000004004d18     0x27d4 obj/default/gui_compass.o
                0x0000000004004d18                Compass_Calcuate(float, float, float, float, float)
                0x00000000040050f4                IsTouched(MTC2_INFO*, RECT&)
                0x00000000040051e0                DrawButton(VIP_FRAME_READER*, RECT&, char const*)
                0x0000000004005304                DrawImage(VIP_FRAME_READER*, gimp_image_struct*, int, int)
                0x0000000004005474                MagCalibrate(VIP_FRAME_READER*, MTC2_INFO*, float*, float*, float*)
                0x000000000400615c                GUI_Compass(MTC2_INFO*)
 .text          0x00000000040074ec        0x0 obj/default/images/compass.o
 .text          0x00000000040074ec        0x0 obj/default/images/rotate_xyz_360.o
 .text          0x00000000040074ec       0xc0 obj/default/main.o
                0x00000000040074ec                MagViewer()
                0x0000000004007528                main
 .text          0x00000000040075ac     0x1468 obj/default/mpu9250.o
                0x00000000040075ac                MPU9250::MPU9250(unsigned long, unsigned char)
                0x00000000040075ac                MPU9250::MPU9250(unsigned long, unsigned char)
                0x0000000004007634                MPU9250::WriteReg(unsigned char, unsigned char)
                0x00000000040076e0                MPU9250::ReadReg(unsigned char, unsigned char)
                0x0000000004007758                MPU9250::ReadRegs(unsigned char, unsigned char*, unsigned int)
                0x00000000040077cc                MPU9250::testConnection()
                0x0000000004007820                MPU9250::initialize(int, int)
                0x00000000040079fc                MPU9250::set_acc_scale(int)
                0x0000000004007b28                MPU9250::set_gyro_scale(int)
                0x0000000004007c5c                MPU9250::whoami()
                0x0000000004007c9c                MPU9250::read_acc()
                0x0000000004007e10                MPU9250::read_gyro()
                0x0000000004007f84                MPU9250::read_temp()
                0x0000000004008064                MPU9250::calib_acc()
                0x000000000400816c                MPU9250::AK8963_whoami()
                0x00000000040081e4                MPU9250::calib_mag()
                0x00000000040082c8                MPU9250::read_mag()
                0x000000000400840c                MPU9250::read_all()
                0x000000000400889c                MPU9250::getMotion9(float*, float*, float*, float*, float*, float*, float*, float*, float*)
                0x000000000400896c                MPU9250::getMotion6(float*, float*, float*, float*, float*, float*)
 .text          0x0000000004008a14      0xf30 obj/default/terasic_lib/I2C_core.o
                0x0000000004008a14                Write32_Data(long, long, long)
                0x0000000004008a6c                Read32_Data(long, long, long*)
                0x0000000004008ac4                oc_i2c_init(long)
                0x0000000004008b24                oc_i2c_init_ex(long, long, long)
                0x0000000004008c70                oc_i2c_uninit(long)
                0x0000000004008cfc                ACK_single_check(long)
                0x0000000004008d88                ACK_check(long)
                0x0000000004008e04                OC_I2C_Write(long, unsigned char, unsigned char, unsigned char*, int)
                0x0000000004009050                ACK_judge_for_read(long)
                0x00000000040090b4                OC_I2C_Read(long, unsigned char, unsigned char, unsigned char*, int)
                0x00000000040092a0                OC_I2C_Read_Continue(long, unsigned char, unsigned char*, int)
                0x00000000040093e8                OC_I2CL_Write(long, unsigned char, unsigned short, unsigned char*, int)
                0x0000000004009654                OC_I2CL_Read(long, unsigned char, unsigned short, unsigned char*, int)
 .text          0x0000000004009944      0x318 obj/default/terasic_lib/Uart.o
                0x0000000004009944                UART_Open(char*)
                0x0000000004009980                UART_Close(int)
                0x00000000040099bc                UART_Write(int, char*, int)
                0x0000000004009a2c                UART_Read(int, char*, int, int*)
                0x0000000004009aa4                UART_ReadWithTimeout(int, unsigned char*, unsigned short, unsigned short*, unsigned long)
                0x0000000004009ba8                UART_NoneBlockingRead(int, unsigned char*, int, int*)
                0x0000000004009c18                UART_WriteString(int, char*)
 .text          0x0000000004009c5c      0x708 obj/default/terasic_lib/multi_touch2.o
                0x000000000400a038                MTC2_Init(unsigned long, unsigned long, unsigned long, unsigned long)
                0x000000000400a170                MTC2_UnInit(MTC2_INFO*)
                0x000000000400a1bc                MTC2_GetStatus(MTC2_INFO*, unsigned char*, unsigned char*, int*, int*, int*, int*, int*, int*, int*, int*, int*, int*)
                0x000000000400a328                MTC2_ClearEvent(MTC2_INFO*)
 .text          0x000000000400a364      0x2a8 obj/default/terasic_lib/queue.o
                0x000000000400a364                QUEUE_New(int)
                0x000000000400a3d4                QUEUE_Delete(QUEUE_STRUCT*)
                0x000000000400a408                QUEUE_IsEmpty(QUEUE_STRUCT*)
                0x000000000400a448                QUEUE_IsFull(QUEUE_STRUCT*)
                0x000000000400a4ac                QUEUE_Push(QUEUE_STRUCT*, unsigned long)
                0x000000000400a544                QUEUE_Pop(QUEUE_STRUCT*)
                0x000000000400a5d8                QUEUE_Empty(QUEUE_STRUCT*)
 .text          0x000000000400a60c      0x728 obj/default/vip_fr.o
                0x000000000400a60c                VIPFR_Init(unsigned long, void*, void*, unsigned long, unsigned long)
                0x000000000400a6e4                VIPFR_UnInit(VIP_FRAME_READER*)
                0x000000000400a720                VIPFR_SetFrameSize(VIP_FRAME_READER*, int, int)
                0x000000000400a834                VIPFR_Go(VIP_FRAME_READER*, bool)
                0x000000000400a884                VIPFR_GetDrawFrame(VIP_FRAME_READER*)
                0x000000000400a8c8                VIPFR_ActiveDrawFrame(VIP_FRAME_READER*)
                0x000000000400a954                DRAW_EraseScreen(VIP_FRAME_READER*, unsigned long)
                0x000000000400a9c4                FrameReader_SetFrame0(unsigned long, unsigned long, unsigned long, unsigned long, unsigned long, unsigned long, unsigned long)
                0x000000000400aa6c                FrameReader_SetFrame1(unsigned long, unsigned long, unsigned long, unsigned long, unsigned long, unsigned long, unsigned long)
                0x000000000400ab14                FrameReader_SelectFrame(unsigned long, unsigned char)
                0x000000000400ab54                FrameReader_Go(unsigned long, bool)
                0x000000000400ab9c                VIPFR_GetFrameSize(VIP_FRAME_READER*)
                0x000000000400abe4                VIPFR_ReadDrawFrame(VIP_FRAME_READER*, void*)
                0x000000000400ac38                VIPFR_WriteDrawFrame(VIP_FRAME_READER*, void*)
                0x000000000400ac8c                VIPFR_ReserveBackground(VIP_FRAME_READER*)
 .text          0x000000000400ad34        0x0 e:/intelfpga/16.1/nios2eds/bin/gnu/h-x86_64-mingw32/bin/../lib/gcc/nios2-elf/5.3.0/../../../../../H-x86_64-mingw32/nios2-elf/lib\libm.a(lib_a-s_atan.o)
 .text.atan     0x000000000400ad34      0x588 e:/intelfpga/16.1/nios2eds/bin/gnu/h-x86_64-mingw32/bin/../lib/gcc/nios2-elf/5.3.0/../../../../../H-x86_64-mingw32/nios2-elf/lib\libm.a(lib_a-s_atan.o)
                0x000000000400ad34                atan
 .text          0x000000000400b2bc        0x0 e:/intelfpga/16.1/nios2eds/bin/gnu/h-x86_64-mingw32/bin/../lib/gcc/nios2-elf/5.3.0/../../../../../H-x86_64-mingw32/nios2-elf/lib\libm.a(lib_a-s_cos.o)
 .text.cos      0x000000000400b2bc       0xec e:/intelfpga/16.1/nios2eds/bin/gnu/h-x86_64-mingw32/bin/../lib/gcc/nios2-elf/5.3.0/../../../../../H-x86_64-mingw32/nios2-elf/lib\libm.a(lib_a-s_cos.o)
                0x000000000400b2bc                cos
 .text          0x000000000400b3a8        0x0 e:/intelfpga/16.1/nios2eds/bin/gnu/h-x86_64-mingw32/bin/../lib/gcc/nios2-elf/5.3.0/../../../../../H-x86_64-mingw32/nios2-elf/lib\libm.a(lib_a-s_fabs.o)
 .text.fabs     0x000000000400b3a8       0x14 e:/intelfpga/16.1/nios2eds/bin/gnu/h-x86_64-mingw32/bin/../lib/gcc/nios2-elf/5.3.0/../../../../../H-x86_64-mingw32/nios2-elf/lib\libm.a(lib_a-s_fabs.o)
                0x000000000400b3a8                fabs
 .text          0x000000000400b3bc        0x0 e:/intelfpga/16.1/nios2eds/bin/gnu/h-x86_64-mingw32/bin/../lib/gcc/nios2-elf/5.3.0/../../../../../H-x86_64-mingw32/nios2-elf/lib\libm.a(lib_a-s_sin.o)
 .text.sin      0x000000000400b3bc       0xf0 e:/intelfpga/16.1/nios2eds/bin/gnu/h-x86_64-mingw32/bin/../lib/gcc/nios2-elf/5.3.0/../../../../../H-x86_64-mingw32/nios2-elf/lib\libm.a(lib_a-s_sin.o)
                0x000000000400b3bc                sin
 .text          0x000000000400b4ac        0x0 e:/intelfpga/16.1/nios2eds/bin/gnu/h-x86_64-mingw32/bin/../lib/gcc/nios2-elf/5.3.0/../../../../../H-x86_64-mingw32/nios2-elf/lib\libm.a(lib_a-w_atan2.o)
 .text.atan2    0x000000000400b4ac        0x4 e:/intelfpga/16.1/nios2eds/bin/gnu/h-x86_64-mingw32/bin/../lib/gcc/nios2-elf/5.3.0/../../../../../H-x86_64-mingw32/nios2-elf/lib\libm.a(lib_a-w_atan2.o)
                0x000000000400b4ac                atan2
 .text          0x000000000400b4b0        0x0 e:/intelfpga/16.1/nios2eds/bin/gnu/h-x86_64-mingw32/bin/../lib/gcc/nios2-elf/5.3.0/../../../../../H-x86_64-mingw32/nios2-elf/lib\libm.a(lib_a-w_sqrt.o)
 .text.sqrt     0x000000000400b4b0      0x130 e:/intelfpga/16.1/nios2eds/bin/gnu/h-x86_64-mingw32/bin/../lib/gcc/nios2-elf/5.3.0/../../../../../H-x86_64-mingw32/nios2-elf/lib\libm.a(lib_a-w_sqrt.o)
                0x000000000400b4b0                sqrt
 .text          0x000000000400b5e0        0x0 e:/intelfpga/16.1/nios2eds/bin/gnu/h-x86_64-mingw32/bin/../lib/gcc/nios2-elf/5.3.0/../../../../../H-x86_64-mingw32/nios2-elf/lib\libm.a(lib_a-e_atan2.o)
 .text.__ieee754_atan2
                0x000000000400b5e0      0x2c0 e:/intelfpga/16.1/nios2eds/bin/gnu/h-x86_64-mingw32/bin/../lib/gcc/nios2-elf/5.3.0/../../../../../H-x86_64-mingw32/nios2-elf/lib\libm.a(lib_a-e_atan2.o)
                0x000000000400b5e0                __ieee754_atan2
 .text          0x000000000400b8a0        0x0 e:/intelfpga/16.1/nios2eds/bin/gnu/h-x86_64-mingw32/bin/../lib/gcc/nios2-elf/5.3.0/../../../../../H-x86_64-mingw32/nios2-elf/lib\libm.a(lib_a-e_rem_pio2.o)
 .text.__ieee754_rem_pio2
                0x000000000400b8a0      0x76c e:/intelfpga/16.1/nios2eds/bin/gnu/h-x86_64-mingw32/bin/../lib/gcc/nios2-elf/5.3.0/../../../../../H-x86_64-mingw32/nios2-elf/lib\libm.a(lib_a-e_rem_pio2.o)
                0x000000000400b8a0                __ieee754_rem_pio2
 .text          0x000000000400c00c        0x0 e:/intelfpga/16.1/nios2eds/bin/gnu/h-x86_64-mingw32/bin/../lib/gcc/nios2-elf/5.3.0/../../../../../H-x86_64-mingw32/nios2-elf/lib\libm.a(lib_a-e_sqrt.o)
 .text.__ieee754_sqrt
                0x000000000400c00c      0x288 e:/intelfpga/16.1/nios2eds/bin/gnu/h-x86_64-mingw32/bin/../lib/gcc/nios2-elf/5.3.0/../../../../../H-x86_64-mingw32/nios2-elf/lib\libm.a(lib_a-e_sqrt.o)
                0x000000000400c00c                __ieee754_sqrt
 .text          0x000000000400c294        0x0 e:/intelfpga/16.1/nios2eds/bin/gnu/h-x86_64-mingw32/bin/../lib/gcc/nios2-elf/5.3.0/../../../../../H-x86_64-mingw32/nios2-elf/lib\libm.a(lib_a-k_cos.o)
 .text.__kernel_cos
                0x000000000400c294      0x4a4 e:/intelfpga/16.1/nios2eds/bin/gnu/h-x86_64-mingw32/bin/../lib/gcc/nios2-elf/5.3.0/../../../../../H-x86_64-mingw32/nios2-elf/lib\libm.a(lib_a-k_cos.o)
                0x000000000400c294                __kernel_cos
 .text          0x000000000400c738        0x0 e:/intelfpga/16.1/nios2eds/bin/gnu/h-x86_64-mingw32/bin/../lib/gcc/nios2-elf/5.3.0/../../../../../H-x86_64-mingw32/nios2-elf/lib\libm.a(lib_a-k_rem_pio2.o)
 .text.__kernel_rem_pio2
                0x000000000400c738      0xd90 e:/intelfpga/16.1/nios2eds/bin/gnu/h-x86_64-mingw32/bin/../lib/gcc/nios2-elf/5.3.0/../../../../../H-x86_64-mingw32/nios2-elf/lib\libm.a(lib_a-k_rem_pio2.o)
                0x000000000400c738                __kernel_rem_pio2
 .text          0x000000000400d4c8        0x0 e:/intelfpga/16.1/nios2eds/bin/gnu/h-x86_64-mingw32/bin/../lib/gcc/nios2-elf/5.3.0/../../../../../H-x86_64-mingw32/nios2-elf/lib\libm.a(lib_a-k_sin.o)
 .text.__kernel_sin
                0x000000000400d4c8      0x2cc e:/intelfpga/16.1/nios2eds/bin/gnu/h-x86_64-mingw32/bin/../lib/gcc/nios2-elf/5.3.0/../../../../../H-x86_64-mingw32/nios2-elf/lib\libm.a(lib_a-k_sin.o)
                0x000000000400d4c8                __kernel_sin
 .text          0x000000000400d794        0x0 e:/intelfpga/16.1/nios2eds/bin/gnu/h-x86_64-mingw32/bin/../lib/gcc/nios2-elf/5.3.0/../../../../../H-x86_64-mingw32/nios2-elf/lib\libm.a(lib_a-s_floor.o)
 .text.floor    0x000000000400d794      0x1ec e:/intelfpga/16.1/nios2eds/bin/gnu/h-x86_64-mingw32/bin/../lib/gcc/nios2-elf/5.3.0/../../../../../H-x86_64-mingw32/nios2-elf/lib\libm.a(lib_a-s_floor.o)
                0x000000000400d794                floor
 .text          0x000000000400d980        0x0 e:/intelfpga/16.1/nios2eds/bin/gnu/h-x86_64-mingw32/bin/../lib/gcc/nios2-elf/5.3.0/../../../../../H-x86_64-mingw32/nios2-elf/lib\libm.a(lib_a-s_fpclassify.o)
 .text.__fpclassifyd
                0x000000000400d980       0x74 e:/intelfpga/16.1/nios2eds/bin/gnu/h-x86_64-mingw32/bin/../lib/gcc/nios2-elf/5.3.0/../../../../../H-x86_64-mingw32/nios2-elf/lib\libm.a(lib_a-s_fpclassify.o)
                0x000000000400d980                __fpclassifyd
 .text          0x000000000400d9f4        0x0 e:/intelfpga/16.1/nios2eds/bin/gnu/h-x86_64-mingw32/bin/../lib/gcc/nios2-elf/5.3.0/../../../../../H-x86_64-mingw32/nios2-elf/lib\libm.a(lib_a-s_lib_ver.o)
 .text          0x000000000400d9f4        0x0 e:/intelfpga/16.1/nios2eds/bin/gnu/h-x86_64-mingw32/bin/../lib/gcc/nios2-elf/5.3.0/../../../../../H-x86_64-mingw32/nios2-elf/lib\libm.a(lib_a-s_matherr.o)
 .text.matherr  0x000000000400d9f4        0x8 e:/intelfpga/16.1/nios2eds/bin/gnu/h-x86_64-mingw32/bin/../lib/gcc/nios2-elf/5.3.0/../../../../../H-x86_64-mingw32/nios2-elf/lib\libm.a(lib_a-s_matherr.o)
                0x000000000400d9f4                matherr
 .text          0x000000000400d9fc        0x0 e:/intelfpga/16.1/nios2eds/bin/gnu/h-x86_64-mingw32/bin/../lib/gcc/nios2-elf/5.3.0/../../../../../H-x86_64-mingw32/nios2-elf/lib\libm.a(lib_a-s_scalbn.o)
 .text.scalbn   0x000000000400d9fc      0x19c e:/intelfpga/16.1/nios2eds/bin/gnu/h-x86_64-mingw32/bin/../lib/gcc/nios2-elf/5.3.0/../../../../../H-x86_64-mingw32/nios2-elf/lib\libm.a(lib_a-s_scalbn.o)
                0x000000000400d9fc                scalbn
 .text          0x000000000400db98        0x0 e:/intelfpga/16.1/nios2eds/bin/gnu/h-x86_64-mingw32/bin/../lib/gcc/nios2-elf/5.3.0/../../../../../H-x86_64-mingw32/nios2-elf/lib\libm.a(lib_a-s_copysign.o)
 .text.copysign
                0x000000000400db98       0x1c e:/intelfpga/16.1/nios2eds/bin/gnu/h-x86_64-mingw32/bin/../lib/gcc/nios2-elf/5.3.0/../../../../../H-x86_64-mingw32/nios2-elf/lib\libm.a(lib_a-s_copysign.o)
                0x000000000400db98                copysign
 .text          0x000000000400dbb4      0x1b4 e:/intelfpga/16.1/nios2eds/bin/gnu/h-x86_64-mingw32/bin/../lib/gcc/nios2-elf/5.3.0\libgcc.a(lib2-divmod.o)
                0x000000000400dbb4                __divsi3
                0x000000000400dc38                __modsi3
                0x000000000400dcac                __udivsi3
                0x000000000400dd10                __umodsi3
 .text          0x000000000400dd68      0x4c8 e:/intelfpga/16.1/nios2eds/bin/gnu/h-x86_64-mingw32/bin/../lib/gcc/nios2-elf/5.3.0\libgcc.a(addsf3.o)
                0x000000000400dd68                __addsf3
 .text          0x000000000400e230      0x440 e:/intelfpga/16.1/nios2eds/bin/gnu/h-x86_64-mingw32/bin/../lib/gcc/nios2-elf/5.3.0\libgcc.a(divsf3.o)
                0x000000000400e230                __divsf3
 .text          0x000000000400e670       0xbc e:/intelfpga/16.1/nios2eds/bin/gnu/h-x86_64-mingw32/bin/../lib/gcc/nios2-elf/5.3.0\libgcc.a(gesf2.o)
                0x000000000400e670                __gesf2
                0x000000000400e670                __gtsf2
 .text          0x000000000400e72c       0xc8 e:/intelfpga/16.1/nios2eds/bin/gnu/h-x86_64-mingw32/bin/../lib/gcc/nios2-elf/5.3.0\libgcc.a(lesf2.o)
                0x000000000400e72c                __ltsf2
                0x000000000400e72c                __lesf2
 .text          0x000000000400e7f4      0x3fc e:/intelfpga/16.1/nios2eds/bin/gnu/h-x86_64-mingw32/bin/../lib/gcc/nios2-elf/5.3.0\libgcc.a(mulsf3.o)
                0x000000000400e7f4                __mulsf3
 .text          0x000000000400ebf0      0x4e4 e:/intelfpga/16.1/nios2eds/bin/gnu/h-x86_64-mingw32/bin/../lib/gcc/nios2-elf/5.3.0\libgcc.a(subsf3.o)
                0x000000000400ebf0                __subsf3
 .text          0x000000000400f0d4       0x70 e:/intelfpga/16.1/nios2eds/bin/gnu/h-x86_64-mingw32/bin/../lib/gcc/nios2-elf/5.3.0\libgcc.a(fixsfsi.o)
                0x000000000400f0d4                __fixsfsi
 .text          0x000000000400f144      0x124 e:/intelfpga/16.1/nios2eds/bin/gnu/h-x86_64-mingw32/bin/../lib/gcc/nios2-elf/5.3.0\libgcc.a(floatsisf.o)
                0x000000000400f144                __floatsisf
 .text          0x000000000400f268       0xf0 e:/intelfpga/16.1/nios2eds/bin/gnu/h-x86_64-mingw32/bin/../lib/gcc/nios2-elf/5.3.0\libgcc.a(floatunsisf.o)
                0x000000000400f268                __floatunsisf
 .text          0x000000000400f358      0x8ac e:/intelfpga/16.1/nios2eds/bin/gnu/h-x86_64-mingw32/bin/../lib/gcc/nios2-elf/5.3.0\libgcc.a(adddf3.o)
                0x000000000400f358                __adddf3
 .text          0x000000000400fc04      0x8e8 e:/intelfpga/16.1/nios2eds/bin/gnu/h-x86_64-mingw32/bin/../lib/gcc/nios2-elf/5.3.0\libgcc.a(divdf3.o)
                0x000000000400fc04                __divdf3
 .text          0x00000000040104ec       0x88 e:/intelfpga/16.1/nios2eds/bin/gnu/h-x86_64-mingw32/bin/../lib/gcc/nios2-elf/5.3.0\libgcc.a(eqdf2.o)
                0x00000000040104ec                __nedf2
                0x00000000040104ec                __eqdf2
 .text          0x0000000004010574       0xdc e:/intelfpga/16.1/nios2eds/bin/gnu/h-x86_64-mingw32/bin/../lib/gcc/nios2-elf/5.3.0\libgcc.a(gedf2.o)
                0x0000000004010574                __gedf2
                0x0000000004010574                __gtdf2
 .text          0x0000000004010650       0xf4 e:/intelfpga/16.1/nios2eds/bin/gnu/h-x86_64-mingw32/bin/../lib/gcc/nios2-elf/5.3.0\libgcc.a(ledf2.o)
                0x0000000004010650                __ledf2
                0x0000000004010650                __ltdf2
 .text          0x0000000004010744      0x718 e:/intelfpga/16.1/nios2eds/bin/gnu/h-x86_64-mingw32/bin/../lib/gcc/nios2-elf/5.3.0\libgcc.a(muldf3.o)
                0x0000000004010744                __muldf3
 .text          0x0000000004010e5c      0x8fc e:/intelfpga/16.1/nios2eds/bin/gnu/h-x86_64-mingw32/bin/../lib/gcc/nios2-elf/5.3.0\libgcc.a(subdf3.o)
                0x0000000004010e5c                __subdf3
 .text          0x0000000004011758       0x80 e:/intelfpga/16.1/nios2eds/bin/gnu/h-x86_64-mingw32/bin/../lib/gcc/nios2-elf/5.3.0\libgcc.a(fixdfsi.o)
                0x0000000004011758                __fixdfsi
 .text          0x00000000040117d8       0xdc e:/intelfpga/16.1/nios2eds/bin/gnu/h-x86_64-mingw32/bin/../lib/gcc/nios2-elf/5.3.0\libgcc.a(floatsidf.o)
                0x00000000040117d8                __floatsidf
 .text          0x00000000040118b4      0x110 e:/intelfpga/16.1/nios2eds/bin/gnu/h-x86_64-mingw32/bin/../lib/gcc/nios2-elf/5.3.0\libgcc.a(extendsfdf2.o)
                0x00000000040118b4                __extendsfdf2
 .text          0x00000000040119c4      0x1a8 e:/intelfpga/16.1/nios2eds/bin/gnu/h-x86_64-mingw32/bin/../lib/gcc/nios2-elf/5.3.0\libgcc.a(truncdfsf2.o)
                0x00000000040119c4                __truncdfsf2
 .text          0x0000000004011b6c       0x64 e:/intelfpga/16.1/nios2eds/bin/gnu/h-x86_64-mingw32/bin/../lib/gcc/nios2-elf/5.3.0\libgcc.a(_clzsi2.o)
                0x0000000004011b6c                __clzsi2
 .text          0x0000000004011bd0        0x0 e:/intelfpga/16.1/nios2eds/bin/gnu/h-x86_64-mingw32/bin/../lib/gcc/nios2-elf/5.3.0\libgcc.a(_clz.o)
 .text          0x0000000004011bd0        0x0 e:/intelfpga/16.1/nios2eds/bin/gnu/h-x86_64-mingw32/bin/../lib/gcc/nios2-elf/5.3.0/../../../../../H-x86_64-mingw32/nios2-elf/lib\libc.a(lib_a-errno.o)
 .text.__errno  0x0000000004011bd0       0x10 e:/intelfpga/16.1/nios2eds/bin/gnu/h-x86_64-mingw32/bin/../lib/gcc/nios2-elf/5.3.0/../../../../../H-x86_64-mingw32/nios2-elf/lib\libc.a(lib_a-errno.o)
                0x0000000004011bd0                __errno
 .text          0x0000000004011be0        0x0 e:/intelfpga/16.1/nios2eds/bin/gnu/h-x86_64-mingw32/bin/../lib/gcc/nios2-elf/5.3.0/../../../../../H-x86_64-mingw32/nios2-elf/lib\libc.a(lib_a-impure.o)
 .text          0x0000000004011be0        0x0 e:/intelfpga/16.1/nios2eds/bin/gnu/h-x86_64-mingw32/bin/../lib/gcc/nios2-elf/5.3.0/../../../../../H-x86_64-mingw32/nios2-elf/lib\libc.a(lib_a-malloc.o)
 .text.malloc   0x0000000004011be0       0x14 e:/intelfpga/16.1/nios2eds/bin/gnu/h-x86_64-mingw32/bin/../lib/gcc/nios2-elf/5.3.0/../../../../../H-x86_64-mingw32/nios2-elf/lib\libc.a(lib_a-malloc.o)
                0x0000000004011be0                malloc
 .text.free     0x0000000004011bf4       0x14 e:/intelfpga/16.1/nios2eds/bin/gnu/h-x86_64-mingw32/bin/../lib/gcc/nios2-elf/5.3.0/../../../../../H-x86_64-mingw32/nios2-elf/lib\libc.a(lib_a-malloc.o)
                0x0000000004011bf4                free
 .text          0x0000000004011c08        0x0 e:/intelfpga/16.1/nios2eds/bin/gnu/h-x86_64-mingw32/bin/../lib/gcc/nios2-elf/5.3.0/../../../../../H-x86_64-mingw32/nios2-elf/lib\libc.a(lib_a-mallocr.o)
 .text._malloc_r
                0x0000000004011c08      0x80c e:/intelfpga/16.1/nios2eds/bin/gnu/h-x86_64-mingw32/bin/../lib/gcc/nios2-elf/5.3.0/../../../../../H-x86_64-mingw32/nios2-elf/lib\libc.a(lib_a-mallocr.o)
                0x0000000004011c08                _malloc_r
 .text          0x0000000004012414        0x0 e:/intelfpga/16.1/nios2eds/bin/gnu/h-x86_64-mingw32/bin/../lib/gcc/nios2-elf/5.3.0/../../../../../H-x86_64-mingw32/nios2-elf/lib\libc.a(lib_a-memcpy.o)
 .text.memcpy   0x0000000004012414      0x148 e:/intelfpga/16.1/nios2eds/bin/gnu/h-x86_64-mingw32/bin/../lib/gcc/nios2-elf/5.3.0/../../../../../H-x86_64-mingw32/nios2-elf/lib\libc.a(lib_a-memcpy.o)
                0x0000000004012414                memcpy
 .text          0x000000000401255c        0x0 e:/intelfpga/16.1/nios2eds/bin/gnu/h-x86_64-mingw32/bin/../lib/gcc/nios2-elf/5.3.0/../../../../../H-x86_64-mingw32/nios2-elf/lib\libc.a(lib_a-memset.o)
 .text.memset   0x000000000401255c      0x128 e:/intelfpga/16.1/nios2eds/bin/gnu/h-x86_64-mingw32/bin/../lib/gcc/nios2-elf/5.3.0/../../../../../H-x86_64-mingw32/nios2-elf/lib\libc.a(lib_a-memset.o)
                0x000000000401255c                memset
 .text          0x0000000004012684        0x0 e:/intelfpga/16.1/nios2eds/bin/gnu/h-x86_64-mingw32/bin/../lib/gcc/nios2-elf/5.3.0/../../../../../H-x86_64-mingw32/nios2-elf/lib\libc.a(lib_a-printf.o)
 .text._printf_r
                0x0000000004012684       0x30 e:/intelfpga/16.1/nios2eds/bin/gnu/h-x86_64-mingw32/bin/../lib/gcc/nios2-elf/5.3.0/../../../../../H-x86_64-mingw32/nios2-elf/lib\libc.a(lib_a-printf.o)
                0x0000000004012684                _printf_r
 .text.printf   0x00000000040126b4       0x3c e:/intelfpga/16.1/nios2eds/bin/gnu/h-x86_64-mingw32/bin/../lib/gcc/nios2-elf/5.3.0/../../../../../H-x86_64-mingw32/nios2-elf/lib\libc.a(lib_a-printf.o)
                0x00000000040126b4                printf
 .text          0x00000000040126f0        0x0 e:/intelfpga/16.1/nios2eds/bin/gnu/h-x86_64-mingw32/bin/../lib/gcc/nios2-elf/5.3.0/../../../../../H-x86_64-mingw32/nios2-elf/lib\libc.a(lib_a-puts.o)
 .text._puts_r  0x00000000040126f0       0xc0 e:/intelfpga/16.1/nios2eds/bin/gnu/h-x86_64-mingw32/bin/../lib/gcc/nios2-elf/5.3.0/../../../../../H-x86_64-mingw32/nios2-elf/lib\libc.a(lib_a-puts.o)
                0x00000000040126f0                _puts_r
 .text.puts     0x00000000040127b0       0x14 e:/intelfpga/16.1/nios2eds/bin/gnu/h-x86_64-mingw32/bin/../lib/gcc/nios2-elf/5.3.0/../../../../../H-x86_64-mingw32/nios2-elf/lib\libc.a(lib_a-puts.o)
                0x00000000040127b0                puts
 .text          0x00000000040127c4        0x0 e:/intelfpga/16.1/nios2eds/bin/gnu/h-x86_64-mingw32/bin/../lib/gcc/nios2-elf/5.3.0/../../../../../H-x86_64-mingw32/nios2-elf/lib\libc.a(lib_a-sbrkr.o)
 .text._sbrk_r  0x00000000040127c4       0x54 e:/intelfpga/16.1/nios2eds/bin/gnu/h-x86_64-mingw32/bin/../lib/gcc/nios2-elf/5.3.0/../../../../../H-x86_64-mingw32/nios2-elf/lib\libc.a(lib_a-sbrkr.o)
                0x00000000040127c4                _sbrk_r
 .text          0x0000000004012818        0x0 e:/intelfpga/16.1/nios2eds/bin/gnu/h-x86_64-mingw32/bin/../lib/gcc/nios2-elf/5.3.0/../../../../../H-x86_64-mingw32/nios2-elf/lib\libc.a(lib_a-sprintf.o)
 .text._sprintf_r
                0x0000000004012818       0x58 e:/intelfpga/16.1/nios2eds/bin/gnu/h-x86_64-mingw32/bin/../lib/gcc/nios2-elf/5.3.0/../../../../../H-x86_64-mingw32/nios2-elf/lib\libc.a(lib_a-sprintf.o)
                0x0000000004012818                _sprintf_r
 .text.sprintf  0x0000000004012870       0x6c e:/intelfpga/16.1/nios2eds/bin/gnu/h-x86_64-mingw32/bin/../lib/gcc/nios2-elf/5.3.0/../../../../../H-x86_64-mingw32/nios2-elf/lib\libc.a(lib_a-sprintf.o)
                0x0000000004012870                sprintf
 .text          0x00000000040128dc        0x0 e:/intelfpga/16.1/nios2eds/bin/gnu/h-x86_64-mingw32/bin/../lib/gcc/nios2-elf/5.3.0/../../../../../H-x86_64-mingw32/nios2-elf/lib\libc.a(lib_a-strcpy.o)
 .text.strcpy   0x00000000040128dc       0x90 e:/intelfpga/16.1/nios2eds/bin/gnu/h-x86_64-mingw32/bin/../lib/gcc/nios2-elf/5.3.0/../../../../../H-x86_64-mingw32/nios2-elf/lib\libc.a(lib_a-strcpy.o)
                0x00000000040128dc                strcpy
 .text          0x000000000401296c        0x0 e:/intelfpga/16.1/nios2eds/bin/gnu/h-x86_64-mingw32/bin/../lib/gcc/nios2-elf/5.3.0/../../../../../H-x86_64-mingw32/nios2-elf/lib\libc.a(lib_a-strlen.o)
 .text.strlen   0x000000000401296c       0x98 e:/intelfpga/16.1/nios2eds/bin/gnu/h-x86_64-mingw32/bin/../lib/gcc/nios2-elf/5.3.0/../../../../../H-x86_64-mingw32/nios2-elf/lib\libc.a(lib_a-strlen.o)
                0x000000000401296c                strlen
 .text          0x0000000004012a04        0x0 e:/intelfpga/16.1/nios2eds/bin/gnu/h-x86_64-mingw32/bin/../lib/gcc/nios2-elf/5.3.0/../../../../../H-x86_64-mingw32/nios2-elf/lib\libc.a(lib_a-svfprintf.o)
 .text.___svfprintf_internal_r
                0x0000000004012a04     0x21d8 e:/intelfpga/16.1/nios2eds/bin/gnu/h-x86_64-mingw32/bin/../lib/gcc/nios2-elf/5.3.0/../../../../../H-x86_64-mingw32/nios2-elf/lib\libc.a(lib_a-svfprintf.o)
                0x0000000004012a04                ___svfprintf_internal_r
 .text          0x0000000004014bdc        0x0 e:/intelfpga/16.1/nios2eds/bin/gnu/h-x86_64-mingw32/bin/../lib/gcc/nios2-elf/5.3.0/../../../../../H-x86_64-mingw32/nios2-elf/lib\libc.a(lib_a-vfprintf.o)
 .text.___vfprintf_internal_r
                0x0000000004014bdc     0x21f8 e:/intelfpga/16.1/nios2eds/bin/gnu/h-x86_64-mingw32/bin/../lib/gcc/nios2-elf/5.3.0/../../../../../H-x86_64-mingw32/nios2-elf/lib\libc.a(lib_a-vfprintf.o)
                0x0000000004014bdc                ___vfprintf_internal_r
 .text.__vfprintf_internal
                0x0000000004016dd4       0x1c e:/intelfpga/16.1/nios2eds/bin/gnu/h-x86_64-mingw32/bin/../lib/gcc/nios2-elf/5.3.0/../../../../../H-x86_64-mingw32/nios2-elf/lib\libc.a(lib_a-vfprintf.o)
                0x0000000004016dd4                __vfprintf_internal
 .text.__sbprintf
                0x0000000004016df0       0xbc e:/intelfpga/16.1/nios2eds/bin/gnu/h-x86_64-mingw32/bin/../lib/gcc/nios2-elf/5.3.0/../../../../../H-x86_64-mingw32/nios2-elf/lib\libc.a(lib_a-vfprintf.o)
 .text          0x0000000004016eac        0x0 e:/intelfpga/16.1/nios2eds/bin/gnu/h-x86_64-mingw32/bin/../lib/gcc/nios2-elf/5.3.0/../../../../../H-x86_64-mingw32/nios2-elf/lib\libc.a(lib_a-wsetup.o)
 .text.__swsetup_r
                0x0000000004016eac      0x154 e:/intelfpga/16.1/nios2eds/bin/gnu/h-x86_64-mingw32/bin/../lib/gcc/nios2-elf/5.3.0/../../../../../H-x86_64-mingw32/nios2-elf/lib\libc.a(lib_a-wsetup.o)
                0x0000000004016eac                __swsetup_r
 .text          0x0000000004017000        0x0 e:/intelfpga/16.1/nios2eds/bin/gnu/h-x86_64-mingw32/bin/../lib/gcc/nios2-elf/5.3.0/../../../../../H-x86_64-mingw32/nios2-elf/lib\libc.a(lib_a-dtoa.o)
 .text.quorem   0x0000000004017000      0x200 e:/intelfpga/16.1/nios2eds/bin/gnu/h-x86_64-mingw32/bin/../lib/gcc/nios2-elf/5.3.0/../../../../../H-x86_64-mingw32/nios2-elf/lib\libc.a(lib_a-dtoa.o)
 .text._dtoa_r  0x0000000004017200     0x1688 e:/intelfpga/16.1/nios2eds/bin/gnu/h-x86_64-mingw32/bin/../lib/gcc/nios2-elf/5.3.0/../../../../../H-x86_64-mingw32/nios2-elf/lib\libc.a(lib_a-dtoa.o)
                0x0000000004017200                _dtoa_r
 .text          0x0000000004018888        0x0 e:/intelfpga/16.1/nios2eds/bin/gnu/h-x86_64-mingw32/bin/../lib/gcc/nios2-elf/5.3.0/../../../../../H-x86_64-mingw32/nios2-elf/lib\libc.a(lib_a-fflush.o)
 .text.__sflush_r
                0x0000000004018888      0x21c e:/intelfpga/16.1/nios2eds/bin/gnu/h-x86_64-mingw32/bin/../lib/gcc/nios2-elf/5.3.0/../../../../../H-x86_64-mingw32/nios2-elf/lib\libc.a(lib_a-fflush.o)
                0x0000000004018888                __sflush_r
 .text._fflush_r
                0x0000000004018aa4       0x5c e:/intelfpga/16.1/nios2eds/bin/gnu/h-x86_64-mingw32/bin/../lib/gcc/nios2-elf/5.3.0/../../../../../H-x86_64-mingw32/nios2-elf/lib\libc.a(lib_a-fflush.o)
                0x0000000004018aa4                _fflush_r
 .text.fflush   0x0000000004018b00       0x30 e:/intelfpga/16.1/nios2eds/bin/gnu/h-x86_64-mingw32/bin/../lib/gcc/nios2-elf/5.3.0/../../../../../H-x86_64-mingw32/nios2-elf/lib\libc.a(lib_a-fflush.o)
                0x0000000004018b00                fflush
 .text          0x0000000004018b30        0x0 e:/intelfpga/16.1/nios2eds/bin/gnu/h-x86_64-mingw32/bin/../lib/gcc/nios2-elf/5.3.0/../../../../../H-x86_64-mingw32/nios2-elf/lib\libc.a(lib_a-findfp.o)
 .text.__fp_unlock
                0x0000000004018b30        0x8 e:/intelfpga/16.1/nios2eds/bin/gnu/h-x86_64-mingw32/bin/../lib/gcc/nios2-elf/5.3.0/../../../../../H-x86_64-mingw32/nios2-elf/lib\libc.a(lib_a-findfp.o)
 .text._cleanup_r
                0x0000000004018b38        0xc e:/intelfpga/16.1/nios2eds/bin/gnu/h-x86_64-mingw32/bin/../lib/gcc/nios2-elf/5.3.0/../../../../../H-x86_64-mingw32/nios2-elf/lib\libc.a(lib_a-findfp.o)
                0x0000000004018b38                _cleanup_r
 .text.__sinit.part.1
                0x0000000004018b44      0x19c e:/intelfpga/16.1/nios2eds/bin/gnu/h-x86_64-mingw32/bin/../lib/gcc/nios2-elf/5.3.0/../../../../../H-x86_64-mingw32/nios2-elf/lib\libc.a(lib_a-findfp.o)
 .text.__fp_lock
                0x0000000004018ce0        0x8 e:/intelfpga/16.1/nios2eds/bin/gnu/h-x86_64-mingw32/bin/../lib/gcc/nios2-elf/5.3.0/../../../../../H-x86_64-mingw32/nios2-elf/lib\libc.a(lib_a-findfp.o)
 .text.__sfmoreglue
                0x0000000004018ce8       0x68 e:/intelfpga/16.1/nios2eds/bin/gnu/h-x86_64-mingw32/bin/../lib/gcc/nios2-elf/5.3.0/../../../../../H-x86_64-mingw32/nios2-elf/lib\libc.a(lib_a-findfp.o)
                0x0000000004018ce8                __sfmoreglue
 .text.__sfp    0x0000000004018d50      0x118 e:/intelfpga/16.1/nios2eds/bin/gnu/h-x86_64-mingw32/bin/../lib/gcc/nios2-elf/5.3.0/../../../../../H-x86_64-mingw32/nios2-elf/lib\libc.a(lib_a-findfp.o)
                0x0000000004018d50                __sfp
 .text._cleanup
                0x0000000004018e68       0x18 e:/intelfpga/16.1/nios2eds/bin/gnu/h-x86_64-mingw32/bin/../lib/gcc/nios2-elf/5.3.0/../../../../../H-x86_64-mingw32/nios2-elf/lib\libc.a(lib_a-findfp.o)
                0x0000000004018e68                _cleanup
 .text.__sinit  0x0000000004018e80       0x10 e:/intelfpga/16.1/nios2eds/bin/gnu/h-x86_64-mingw32/bin/../lib/gcc/nios2-elf/5.3.0/../../../../../H-x86_64-mingw32/nios2-elf/lib\libc.a(lib_a-findfp.o)
                0x0000000004018e80                __sinit
 .text.__sfp_lock_acquire
                0x0000000004018e90        0x4 e:/intelfpga/16.1/nios2eds/bin/gnu/h-x86_64-mingw32/bin/../lib/gcc/nios2-elf/5.3.0/../../../../../H-x86_64-mingw32/nios2-elf/lib\libc.a(lib_a-findfp.o)
                0x0000000004018e90                __sfp_lock_acquire
 .text.__sfp_lock_release
                0x0000000004018e94        0x4 e:/intelfpga/16.1/nios2eds/bin/gnu/h-x86_64-mingw32/bin/../lib/gcc/nios2-elf/5.3.0/../../../../../H-x86_64-mingw32/nios2-elf/lib\libc.a(lib_a-findfp.o)
                0x0000000004018e94                __sfp_lock_release
 .text.__sinit_lock_acquire
                0x0000000004018e98        0x4 e:/intelfpga/16.1/nios2eds/bin/gnu/h-x86_64-mingw32/bin/../lib/gcc/nios2-elf/5.3.0/../../../../../H-x86_64-mingw32/nios2-elf/lib\libc.a(lib_a-findfp.o)
                0x0000000004018e98                __sinit_lock_acquire
 .text.__sinit_lock_release
                0x0000000004018e9c        0x4 e:/intelfpga/16.1/nios2eds/bin/gnu/h-x86_64-mingw32/bin/../lib/gcc/nios2-elf/5.3.0/../../../../../H-x86_64-mingw32/nios2-elf/lib\libc.a(lib_a-findfp.o)
                0x0000000004018e9c                __sinit_lock_release
 .text.__fp_lock_all
                0x0000000004018ea0       0x18 e:/intelfpga/16.1/nios2eds/bin/gnu/h-x86_64-mingw32/bin/../lib/gcc/nios2-elf/5.3.0/../../../../../H-x86_64-mingw32/nios2-elf/lib\libc.a(lib_a-findfp.o)
                0x0000000004018ea0                __fp_lock_all
 .text.__fp_unlock_all
                0x0000000004018eb8       0x18 e:/intelfpga/16.1/nios2eds/bin/gnu/h-x86_64-mingw32/bin/../lib/gcc/nios2-elf/5.3.0/../../../../../H-x86_64-mingw32/nios2-elf/lib\libc.a(lib_a-findfp.o)
                0x0000000004018eb8                __fp_unlock_all
 .text          0x0000000004018ed0        0x0 e:/intelfpga/16.1/nios2eds/bin/gnu/h-x86_64-mingw32/bin/../lib/gcc/nios2-elf/5.3.0/../../../../../H-x86_64-mingw32/nios2-elf/lib\libc.a(lib_a-freer.o)
 .text._malloc_trim_r
                0x0000000004018ed0      0x124 e:/intelfpga/16.1/nios2eds/bin/gnu/h-x86_64-mingw32/bin/../lib/gcc/nios2-elf/5.3.0/../../../../../H-x86_64-mingw32/nios2-elf/lib\libc.a(lib_a-freer.o)
                0x0000000004018ed0                _malloc_trim_r
 .text._free_r  0x0000000004018ff4      0x310 e:/intelfpga/16.1/nios2eds/bin/gnu/h-x86_64-mingw32/bin/../lib/gcc/nios2-elf/5.3.0/../../../../../H-x86_64-mingw32/nios2-elf/lib\libc.a(lib_a-freer.o)
                0x0000000004018ff4                _free_r
 .text          0x0000000004019304        0x0 e:/intelfpga/16.1/nios2eds/bin/gnu/h-x86_64-mingw32/bin/../lib/gcc/nios2-elf/5.3.0/../../../../../H-x86_64-mingw32/nios2-elf/lib\libc.a(lib_a-fvwrite.o)
 .text.__sfvwrite_r
                0x0000000004019304      0x4bc e:/intelfpga/16.1/nios2eds/bin/gnu/h-x86_64-mingw32/bin/../lib/gcc/nios2-elf/5.3.0/../../../../../H-x86_64-mingw32/nios2-elf/lib\libc.a(lib_a-fvwrite.o)
                0x0000000004019304                __sfvwrite_r
 .text          0x00000000040197c0        0x0 e:/intelfpga/16.1/nios2eds/bin/gnu/h-x86_64-mingw32/bin/../lib/gcc/nios2-elf/5.3.0/../../../../../H-x86_64-mingw32/nios2-elf/lib\libc.a(lib_a-fwalk.o)
 .text._fwalk   0x00000000040197c0       0xc4 e:/intelfpga/16.1/nios2eds/bin/gnu/h-x86_64-mingw32/bin/../lib/gcc/nios2-elf/5.3.0/../../../../../H-x86_64-mingw32/nios2-elf/lib\libc.a(lib_a-fwalk.o)
                0x00000000040197c0                _fwalk
 .text._fwalk_reent
                0x0000000004019884       0xc4 e:/intelfpga/16.1/nios2eds/bin/gnu/h-x86_64-mingw32/bin/../lib/gcc/nios2-elf/5.3.0/../../../../../H-x86_64-mingw32/nios2-elf/lib\libc.a(lib_a-fwalk.o)
                0x0000000004019884                _fwalk_reent
 .text          0x0000000004019948        0x0 e:/intelfpga/16.1/nios2eds/bin/gnu/h-x86_64-mingw32/bin/../lib/gcc/nios2-elf/5.3.0/../../../../../H-x86_64-mingw32/nios2-elf/lib\libc.a(lib_a-int_errno.o)
 .text          0x0000000004019948        0x0 e:/intelfpga/16.1/nios2eds/bin/gnu/h-x86_64-mingw32/bin/../lib/gcc/nios2-elf/5.3.0/../../../../../H-x86_64-mingw32/nios2-elf/lib\libc.a(lib_a-locale.o)
 .text._setlocale_r
                0x0000000004019948       0x7c e:/intelfpga/16.1/nios2eds/bin/gnu/h-x86_64-mingw32/bin/../lib/gcc/nios2-elf/5.3.0/../../../../../H-x86_64-mingw32/nios2-elf/lib\libc.a(lib_a-locale.o)
                0x0000000004019948                _setlocale_r
 .text.__locale_charset
                0x00000000040199c4        0xc e:/intelfpga/16.1/nios2eds/bin/gnu/h-x86_64-mingw32/bin/../lib/gcc/nios2-elf/5.3.0/../../../../../H-x86_64-mingw32/nios2-elf/lib\libc.a(lib_a-locale.o)
                0x00000000040199c4                __locale_charset
 .text.__locale_mb_cur_max
                0x00000000040199d0       0x10 e:/intelfpga/16.1/nios2eds/bin/gnu/h-x86_64-mingw32/bin/../lib/gcc/nios2-elf/5.3.0/../../../../../H-x86_64-mingw32/nios2-elf/lib\libc.a(lib_a-locale.o)
                0x00000000040199d0                __locale_mb_cur_max
 .text.__locale_msgcharset
                0x00000000040199e0        0xc e:/intelfpga/16.1/nios2eds/bin/gnu/h-x86_64-mingw32/bin/../lib/gcc/nios2-elf/5.3.0/../../../../../H-x86_64-mingw32/nios2-elf/lib\libc.a(lib_a-locale.o)
                0x00000000040199e0                __locale_msgcharset
 .text.__locale_cjk_lang
                0x00000000040199ec        0x8 e:/intelfpga/16.1/nios2eds/bin/gnu/h-x86_64-mingw32/bin/../lib/gcc/nios2-elf/5.3.0/../../../../../H-x86_64-mingw32/nios2-elf/lib\libc.a(lib_a-locale.o)
                0x00000000040199ec                __locale_cjk_lang
 .text._localeconv_r
                0x00000000040199f4        0xc e:/intelfpga/16.1/nios2eds/bin/gnu/h-x86_64-mingw32/bin/../lib/gcc/nios2-elf/5.3.0/../../../../../H-x86_64-mingw32/nios2-elf/lib\libc.a(lib_a-locale.o)
                0x00000000040199f4                _localeconv_r
 .text.setlocale
                0x0000000004019a00       0x18 e:/intelfpga/16.1/nios2eds/bin/gnu/h-x86_64-mingw32/bin/../lib/gcc/nios2-elf/5.3.0/../../../../../H-x86_64-mingw32/nios2-elf/lib\libc.a(lib_a-locale.o)
                0x0000000004019a00                setlocale
 .text.localeconv
                0x0000000004019a18        0xc e:/intelfpga/16.1/nios2eds/bin/gnu/h-x86_64-mingw32/bin/../lib/gcc/nios2-elf/5.3.0/../../../../../H-x86_64-mingw32/nios2-elf/lib\libc.a(lib_a-locale.o)
                0x0000000004019a18                localeconv
 .text          0x0000000004019a24        0x0 e:/intelfpga/16.1/nios2eds/bin/gnu/h-x86_64-mingw32/bin/../lib/gcc/nios2-elf/5.3.0/../../../../../H-x86_64-mingw32/nios2-elf/lib\libc.a(lib_a-makebuf.o)
 .text.__smakebuf_r
                0x0000000004019a24      0x1bc e:/intelfpga/16.1/nios2eds/bin/gnu/h-x86_64-mingw32/bin/../lib/gcc/nios2-elf/5.3.0/../../../../../H-x86_64-mingw32/nios2-elf/lib\libc.a(lib_a-makebuf.o)
                0x0000000004019a24                __smakebuf_r
 .text          0x0000000004019be0        0x0 e:/intelfpga/16.1/nios2eds/bin/gnu/h-x86_64-mingw32/bin/../lib/gcc/nios2-elf/5.3.0/../../../../../H-x86_64-mingw32/nios2-elf/lib\libc.a(lib_a-memchr.o)
 .text.memchr   0x0000000004019be0       0xe4 e:/intelfpga/16.1/nios2eds/bin/gnu/h-x86_64-mingw32/bin/../lib/gcc/nios2-elf/5.3.0/../../../../../H-x86_64-mingw32/nios2-elf/lib\libc.a(lib_a-memchr.o)
                0x0000000004019be0                memchr
 .text          0x0000000004019cc4        0x0 e:/intelfpga/16.1/nios2eds/bin/gnu/h-x86_64-mingw32/bin/../lib/gcc/nios2-elf/5.3.0/../../../../../H-x86_64-mingw32/nios2-elf/lib\libc.a(lib_a-memmove.o)
 .text.memmove  0x0000000004019cc4      0x15c e:/intelfpga/16.1/nios2eds/bin/gnu/h-x86_64-mingw32/bin/../lib/gcc/nios2-elf/5.3.0/../../../../../H-x86_64-mingw32/nios2-elf/lib\libc.a(lib_a-memmove.o)
                0x0000000004019cc4                memmove
 .text          0x0000000004019e20        0x0 e:/intelfpga/16.1/nios2eds/bin/gnu/h-x86_64-mingw32/bin/../lib/gcc/nios2-elf/5.3.0/../../../../../H-x86_64-mingw32/nios2-elf/lib\libc.a(lib_a-mprec.o)
 .text._Balloc  0x0000000004019e20       0xa8 e:/intelfpga/16.1/nios2eds/bin/gnu/h-x86_64-mingw32/bin/../lib/gcc/nios2-elf/5.3.0/../../../../../H-x86_64-mingw32/nios2-elf/lib\libc.a(lib_a-mprec.o)
                0x0000000004019e20                _Balloc
 .text._Bfree   0x0000000004019ec8       0x28 e:/intelfpga/16.1/nios2eds/bin/gnu/h-x86_64-mingw32/bin/../lib/gcc/nios2-elf/5.3.0/../../../../../H-x86_64-mingw32/nios2-elf/lib\libc.a(lib_a-mprec.o)
                0x0000000004019ec8                _Bfree
 .text.__multadd
                0x0000000004019ef0      0x120 e:/intelfpga/16.1/nios2eds/bin/gnu/h-x86_64-mingw32/bin/../lib/gcc/nios2-elf/5.3.0/../../../../../H-x86_64-mingw32/nios2-elf/lib\libc.a(lib_a-mprec.o)
                0x0000000004019ef0                __multadd
 .text.__s2b    0x000000000401a010      0x104 e:/intelfpga/16.1/nios2eds/bin/gnu/h-x86_64-mingw32/bin/../lib/gcc/nios2-elf/5.3.0/../../../../../H-x86_64-mingw32/nios2-elf/lib\libc.a(lib_a-mprec.o)
                0x000000000401a010                __s2b
 .text.__hi0bits
                0x000000000401a114       0x68 e:/intelfpga/16.1/nios2eds/bin/gnu/h-x86_64-mingw32/bin/../lib/gcc/nios2-elf/5.3.0/../../../../../H-x86_64-mingw32/nios2-elf/lib\libc.a(lib_a-mprec.o)
                0x000000000401a114                __hi0bits
 .text.__lo0bits
                0x000000000401a17c       0xb0 e:/intelfpga/16.1/nios2eds/bin/gnu/h-x86_64-mingw32/bin/../lib/gcc/nios2-elf/5.3.0/../../../../../H-x86_64-mingw32/nios2-elf/lib\libc.a(lib_a-mprec.o)
                0x000000000401a17c                __lo0bits
 .text.__i2b    0x000000000401a22c       0x3c e:/intelfpga/16.1/nios2eds/bin/gnu/h-x86_64-mingw32/bin/../lib/gcc/nios2-elf/5.3.0/../../../../../H-x86_64-mingw32/nios2-elf/lib\libc.a(lib_a-mprec.o)
                0x000000000401a22c                __i2b
 .text.__multiply
                0x000000000401a268      0x1f8 e:/intelfpga/16.1/nios2eds/bin/gnu/h-x86_64-mingw32/bin/../lib/gcc/nios2-elf/5.3.0/../../../../../H-x86_64-mingw32/nios2-elf/lib\libc.a(lib_a-mprec.o)
                0x000000000401a268                __multiply
 .text.__pow5mult
                0x000000000401a460      0x140 e:/intelfpga/16.1/nios2eds/bin/gnu/h-x86_64-mingw32/bin/../lib/gcc/nios2-elf/5.3.0/../../../../../H-x86_64-mingw32/nios2-elf/lib\libc.a(lib_a-mprec.o)
                0x000000000401a460                __pow5mult
 .text.__lshift
                0x000000000401a5a0      0x148 e:/intelfpga/16.1/nios2eds/bin/gnu/h-x86_64-mingw32/bin/../lib/gcc/nios2-elf/5.3.0/../../../../../H-x86_64-mingw32/nios2-elf/lib\libc.a(lib_a-mprec.o)
                0x000000000401a5a0                __lshift
 .text.__mcmp   0x000000000401a6e8       0x60 e:/intelfpga/16.1/nios2eds/bin/gnu/h-x86_64-mingw32/bin/../lib/gcc/nios2-elf/5.3.0/../../../../../H-x86_64-mingw32/nios2-elf/lib\libc.a(lib_a-mprec.o)
                0x000000000401a6e8                __mcmp
 .text.__mdiff  0x000000000401a748      0x1fc e:/intelfpga/16.1/nios2eds/bin/gnu/h-x86_64-mingw32/bin/../lib/gcc/nios2-elf/5.3.0/../../../../../H-x86_64-mingw32/nios2-elf/lib\libc.a(lib_a-mprec.o)
                0x000000000401a748                __mdiff
 .text.__ulp    0x000000000401a944       0x64 e:/intelfpga/16.1/nios2eds/bin/gnu/h-x86_64-mingw32/bin/../lib/gcc/nios2-elf/5.3.0/../../../../../H-x86_64-mingw32/nios2-elf/lib\libc.a(lib_a-mprec.o)
                0x000000000401a944                __ulp
 .text.__b2d    0x000000000401a9a8      0x10c e:/intelfpga/16.1/nios2eds/bin/gnu/h-x86_64-mingw32/bin/../lib/gcc/nios2-elf/5.3.0/../../../../../H-x86_64-mingw32/nios2-elf/lib\libc.a(lib_a-mprec.o)
                0x000000000401a9a8                __b2d
 .text.__d2b    0x000000000401aab4      0x14c e:/intelfpga/16.1/nios2eds/bin/gnu/h-x86_64-mingw32/bin/../lib/gcc/nios2-elf/5.3.0/../../../../../H-x86_64-mingw32/nios2-elf/lib\libc.a(lib_a-mprec.o)
                0x000000000401aab4                __d2b
 .text.__ratio  0x000000000401ac00       0xa4 e:/intelfpga/16.1/nios2eds/bin/gnu/h-x86_64-mingw32/bin/../lib/gcc/nios2-elf/5.3.0/../../../../../H-x86_64-mingw32/nios2-elf/lib\libc.a(lib_a-mprec.o)
                0x000000000401ac00                __ratio
 .text._mprec_log10
                0x000000000401aca4       0x74 e:/intelfpga/16.1/nios2eds/bin/gnu/h-x86_64-mingw32/bin/../lib/gcc/nios2-elf/5.3.0/../../../../../H-x86_64-mingw32/nios2-elf/lib\libc.a(lib_a-mprec.o)
                0x000000000401aca4                _mprec_log10
 .text.__copybits
                0x000000000401ad18       0x78 e:/intelfpga/16.1/nios2eds/bin/gnu/h-x86_64-mingw32/bin/../lib/gcc/nios2-elf/5.3.0/../../../../../H-x86_64-mingw32/nios2-elf/lib\libc.a(lib_a-mprec.o)
                0x000000000401ad18                __copybits
 .text.__any_on
                0x000000000401ad90       0x8c e:/intelfpga/16.1/nios2eds/bin/gnu/h-x86_64-mingw32/bin/../lib/gcc/nios2-elf/5.3.0/../../../../../H-x86_64-mingw32/nios2-elf/lib\libc.a(lib_a-mprec.o)
                0x000000000401ad90                __any_on
 .text          0x000000000401ae1c        0x0 e:/intelfpga/16.1/nios2eds/bin/gnu/h-x86_64-mingw32/bin/../lib/gcc/nios2-elf/5.3.0/../../../../../H-x86_64-mingw32/nios2-elf/lib\libc.a(lib_a-reallocr.o)
 .text._realloc_r
                0x000000000401ae1c      0x564 e:/intelfpga/16.1/nios2eds/bin/gnu/h-x86_64-mingw32/bin/../lib/gcc/nios2-elf/5.3.0/../../../../../H-x86_64-mingw32/nios2-elf/lib\libc.a(lib_a-reallocr.o)
                0x000000000401ae1c                _realloc_r
 .text          0x000000000401b380        0x0 e:/intelfpga/16.1/nios2eds/bin/gnu/h-x86_64-mingw32/bin/../lib/gcc/nios2-elf/5.3.0/../../../../../H-x86_64-mingw32/nios2-elf/lib\libc.a(lib_a-stdio.o)
 .text.__sread  0x000000000401b380       0x54 e:/intelfpga/16.1/nios2eds/bin/gnu/h-x86_64-mingw32/bin/../lib/gcc/nios2-elf/5.3.0/../../../../../H-x86_64-mingw32/nios2-elf/lib\libc.a(lib_a-stdio.o)
                0x000000000401b380                __sread
 .text.__seofread
                0x000000000401b3d4        0x8 e:/intelfpga/16.1/nios2eds/bin/gnu/h-x86_64-mingw32/bin/../lib/gcc/nios2-elf/5.3.0/../../../../../H-x86_64-mingw32/nios2-elf/lib\libc.a(lib_a-stdio.o)
                0x000000000401b3d4                __seofread
 .text.__swrite
                0x000000000401b3dc       0x7c e:/intelfpga/16.1/nios2eds/bin/gnu/h-x86_64-mingw32/bin/../lib/gcc/nios2-elf/5.3.0/../../../../../H-x86_64-mingw32/nios2-elf/lib\libc.a(lib_a-stdio.o)
                0x000000000401b3dc                __swrite
 .text.__sseek  0x000000000401b458       0x5c e:/intelfpga/16.1/nios2eds/bin/gnu/h-x86_64-mingw32/bin/../lib/gcc/nios2-elf/5.3.0/../../../../../H-x86_64-mingw32/nios2-elf/lib\libc.a(lib_a-stdio.o)
                0x000000000401b458                __sseek
 .text.__sclose
                0x000000000401b4b4        0x8 e:/intelfpga/16.1/nios2eds/bin/gnu/h-x86_64-mingw32/bin/../lib/gcc/nios2-elf/5.3.0/../../../../../H-x86_64-mingw32/nios2-elf/lib\libc.a(lib_a-stdio.o)
                0x000000000401b4b4                __sclose
 .text          0x000000000401b4bc        0x0 e:/intelfpga/16.1/nios2eds/bin/gnu/h-x86_64-mingw32/bin/../lib/gcc/nios2-elf/5.3.0/../../../../../H-x86_64-mingw32/nios2-elf/lib\libc.a(lib_a-strcmp.o)
 .text.strcmp   0x000000000401b4bc       0xdc e:/intelfpga/16.1/nios2eds/bin/gnu/h-x86_64-mingw32/bin/../lib/gcc/nios2-elf/5.3.0/../../../../../H-x86_64-mingw32/nios2-elf/lib\libc.a(lib_a-strcmp.o)
                0x000000000401b4bc                strcmp
 .text          0x000000000401b598        0x0 e:/intelfpga/16.1/nios2eds/bin/gnu/h-x86_64-mingw32/bin/../lib/gcc/nios2-elf/5.3.0/../../../../../H-x86_64-mingw32/nios2-elf/lib\libc.a(lib_a-svfiprintf.o)
 .text.__ssprint_r
                0x000000000401b598      0x1d0 e:/intelfpga/16.1/nios2eds/bin/gnu/h-x86_64-mingw32/bin/../lib/gcc/nios2-elf/5.3.0/../../../../../H-x86_64-mingw32/nios2-elf/lib\libc.a(lib_a-svfiprintf.o)
                0x000000000401b598                __ssprint_r
 .text.___svfiprintf_internal_r
                0x000000000401b768     0x123c e:/intelfpga/16.1/nios2eds/bin/gnu/h-x86_64-mingw32/bin/../lib/gcc/nios2-elf/5.3.0/../../../../../H-x86_64-mingw32/nios2-elf/lib\libc.a(lib_a-svfiprintf.o)
                0x000000000401b768                ___svfiprintf_internal_r
 .text          0x000000000401c9a4        0x0 e:/intelfpga/16.1/nios2eds/bin/gnu/h-x86_64-mingw32/bin/../lib/gcc/nios2-elf/5.3.0/../../../../../H-x86_64-mingw32/nios2-elf/lib\libc.a(lib_a-vfiprintf.o)
 .text.__sprint_r.part.0
                0x000000000401c9a4       0xfc e:/intelfpga/16.1/nios2eds/bin/gnu/h-x86_64-mingw32/bin/../lib/gcc/nios2-elf/5.3.0/../../../../../H-x86_64-mingw32/nios2-elf/lib\libc.a(lib_a-vfiprintf.o)
 .text.__sprint_r
                0x000000000401caa0       0x18 e:/intelfpga/16.1/nios2eds/bin/gnu/h-x86_64-mingw32/bin/../lib/gcc/nios2-elf/5.3.0/../../../../../H-x86_64-mingw32/nios2-elf/lib\libc.a(lib_a-vfiprintf.o)
                0x000000000401caa0                __sprint_r
 .text.___vfiprintf_internal_r
                0x000000000401cab8     0x145c e:/intelfpga/16.1/nios2eds/bin/gnu/h-x86_64-mingw32/bin/../lib/gcc/nios2-elf/5.3.0/../../../../../H-x86_64-mingw32/nios2-elf/lib\libc.a(lib_a-vfiprintf.o)
                0x000000000401cab8                ___vfiprintf_internal_r
 .text.__vfiprintf_internal
                0x000000000401df14       0x1c e:/intelfpga/16.1/nios2eds/bin/gnu/h-x86_64-mingw32/bin/../lib/gcc/nios2-elf/5.3.0/../../../../../H-x86_64-mingw32/nios2-elf/lib\libc.a(lib_a-vfiprintf.o)
                0x000000000401df14                __vfiprintf_internal
 .text.__sbprintf
                0x000000000401df30       0xbc e:/intelfpga/16.1/nios2eds/bin/gnu/h-x86_64-mingw32/bin/../lib/gcc/nios2-elf/5.3.0/../../../../../H-x86_64-mingw32/nios2-elf/lib\libc.a(lib_a-vfiprintf.o)
 .text          0x000000000401dfec        0x0 e:/intelfpga/16.1/nios2eds/bin/gnu/h-x86_64-mingw32/bin/../lib/gcc/nios2-elf/5.3.0/../../../../../H-x86_64-mingw32/nios2-elf/lib\libc.a(lib_a-writer.o)
 .text._write_r
                0x000000000401dfec       0x60 e:/intelfpga/16.1/nios2eds/bin/gnu/h-x86_64-mingw32/bin/../lib/gcc/nios2-elf/5.3.0/../../../../../H-x86_64-mingw32/nios2-elf/lib\libc.a(lib_a-writer.o)
                0x000000000401dfec                _write_r
 .text          0x000000000401e04c        0x0 e:/intelfpga/16.1/nios2eds/bin/gnu/h-x86_64-mingw32/bin/../lib/gcc/nios2-elf/5.3.0/../../../../../H-x86_64-mingw32/nios2-elf/lib\libc.a(closer.o)
 .text._close_r
                0x000000000401e04c       0x54 e:/intelfpga/16.1/nios2eds/bin/gnu/h-x86_64-mingw32/bin/../lib/gcc/nios2-elf/5.3.0/../../../../../H-x86_64-mingw32/nios2-elf/lib\libc.a(closer.o)
                0x000000000401e04c                _close_r
 .text          0x000000000401e0a0        0x0 e:/intelfpga/16.1/nios2eds/bin/gnu/h-x86_64-mingw32/bin/../lib/gcc/nios2-elf/5.3.0/../../../../../H-x86_64-mingw32/nios2-elf/lib\libc.a(lib_a-callocr.o)
 .text._calloc_r
                0x000000000401e0a0       0xc4 e:/intelfpga/16.1/nios2eds/bin/gnu/h-x86_64-mingw32/bin/../lib/gcc/nios2-elf/5.3.0/../../../../../H-x86_64-mingw32/nios2-elf/lib\libc.a(lib_a-callocr.o)
                0x000000000401e0a0                _calloc_r
 .text          0x000000000401e164        0x0 e:/intelfpga/16.1/nios2eds/bin/gnu/h-x86_64-mingw32/bin/../lib/gcc/nios2-elf/5.3.0/../../../../../H-x86_64-mingw32/nios2-elf/lib\libc.a(lib_a-fclose.o)
 .text._fclose_r
                0x000000000401e164       0xf0 e:/intelfpga/16.1/nios2eds/bin/gnu/h-x86_64-mingw32/bin/../lib/gcc/nios2-elf/5.3.0/../../../../../H-x86_64-mingw32/nios2-elf/lib\libc.a(lib_a-fclose.o)
                0x000000000401e164                _fclose_r
 .text.fclose   0x000000000401e254       0x14 e:/intelfpga/16.1/nios2eds/bin/gnu/h-x86_64-mingw32/bin/../lib/gcc/nios2-elf/5.3.0/../../../../../H-x86_64-mingw32/nios2-elf/lib\libc.a(lib_a-fclose.o)
                0x000000000401e254                fclose
 .text          0x000000000401e268        0x0 e:/intelfpga/16.1/nios2eds/bin/gnu/h-x86_64-mingw32/bin/../lib/gcc/nios2-elf/5.3.0/../../../../../H-x86_64-mingw32/nios2-elf/lib\libc.a(lib_a-fputwc.o)
 .text.__fputwc
                0x000000000401e268      0x164 e:/intelfpga/16.1/nios2eds/bin/gnu/h-x86_64-mingw32/bin/../lib/gcc/nios2-elf/5.3.0/../../../../../H-x86_64-mingw32/nios2-elf/lib\libc.a(lib_a-fputwc.o)
                0x000000000401e268                __fputwc
 .text._fputwc_r
                0x000000000401e3cc       0x24 e:/intelfpga/16.1/nios2eds/bin/gnu/h-x86_64-mingw32/bin/../lib/gcc/nios2-elf/5.3.0/../../../../../H-x86_64-mingw32/nios2-elf/lib\libc.a(lib_a-fputwc.o)
                0x000000000401e3cc                _fputwc_r
 .text.fputwc   0x000000000401e3f0       0x80 e:/intelfpga/16.1/nios2eds/bin/gnu/h-x86_64-mingw32/bin/../lib/gcc/nios2-elf/5.3.0/../../../../../H-x86_64-mingw32/nios2-elf/lib\libc.a(lib_a-fputwc.o)
                0x000000000401e3f0                fputwc
 .text          0x000000000401e470        0x0 e:/intelfpga/16.1/nios2eds/bin/gnu/h-x86_64-mingw32/bin/../lib/gcc/nios2-elf/5.3.0/../../../../../H-x86_64-mingw32/nios2-elf/lib\libc.a(lib_a-fstatr.o)
 .text._fstat_r
                0x000000000401e470       0x5c e:/intelfpga/16.1/nios2eds/bin/gnu/h-x86_64-mingw32/bin/../lib/gcc/nios2-elf/5.3.0/../../../../../H-x86_64-mingw32/nios2-elf/lib\libc.a(lib_a-fstatr.o)
                0x000000000401e470                _fstat_r
 .text          0x000000000401e4cc        0x0 e:/intelfpga/16.1/nios2eds/bin/gnu/h-x86_64-mingw32/bin/../lib/gcc/nios2-elf/5.3.0/../../../../../H-x86_64-mingw32/nios2-elf/lib\libc.a(lib_a-isattyr.o)
 .text._isatty_r
                0x000000000401e4cc       0x54 e:/intelfpga/16.1/nios2eds/bin/gnu/h-x86_64-mingw32/bin/../lib/gcc/nios2-elf/5.3.0/../../../../../H-x86_64-mingw32/nios2-elf/lib\libc.a(lib_a-isattyr.o)
                0x000000000401e4cc                _isatty_r
 .text          0x000000000401e520        0x0 e:/intelfpga/16.1/nios2eds/bin/gnu/h-x86_64-mingw32/bin/../lib/gcc/nios2-elf/5.3.0/../../../../../H-x86_64-mingw32/nios2-elf/lib\libc.a(lib_a-lseekr.o)
 .text._lseek_r
                0x000000000401e520       0x60 e:/intelfpga/16.1/nios2eds/bin/gnu/h-x86_64-mingw32/bin/../lib/gcc/nios2-elf/5.3.0/../../../../../H-x86_64-mingw32/nios2-elf/lib\libc.a(lib_a-lseekr.o)
                0x000000000401e520                _lseek_r
 .text          0x000000000401e580        0x0 e:/intelfpga/16.1/nios2eds/bin/gnu/h-x86_64-mingw32/bin/../lib/gcc/nios2-elf/5.3.0/../../../../../H-x86_64-mingw32/nios2-elf/lib\libc.a(lib_a-readr.o)
 .text._read_r  0x000000000401e580       0x60 e:/intelfpga/16.1/nios2eds/bin/gnu/h-x86_64-mingw32/bin/../lib/gcc/nios2-elf/5.3.0/../../../../../H-x86_64-mingw32/nios2-elf/lib\libc.a(lib_a-readr.o)
                0x000000000401e580                _read_r
 .text          0x000000000401e5e0        0x0 e:/intelfpga/16.1/nios2eds/bin/gnu/h-x86_64-mingw32/bin/../lib/gcc/nios2-elf/5.3.0/../../../../../H-x86_64-mingw32/nios2-elf/lib\libc.a(lib_a-wbuf.o)
 .text.__swbuf_r
                0x000000000401e5e0      0x140 e:/intelfpga/16.1/nios2eds/bin/gnu/h-x86_64-mingw32/bin/../lib/gcc/nios2-elf/5.3.0/../../../../../H-x86_64-mingw32/nios2-elf/lib\libc.a(lib_a-wbuf.o)
                0x000000000401e5e0                __swbuf_r
 .text.__swbuf  0x000000000401e720       0x18 e:/intelfpga/16.1/nios2eds/bin/gnu/h-x86_64-mingw32/bin/../lib/gcc/nios2-elf/5.3.0/../../../../../H-x86_64-mingw32/nios2-elf/lib\libc.a(lib_a-wbuf.o)
                0x000000000401e720                __swbuf
 .text          0x000000000401e738        0x0 e:/intelfpga/16.1/nios2eds/bin/gnu/h-x86_64-mingw32/bin/../lib/gcc/nios2-elf/5.3.0/../../../../../H-x86_64-mingw32/nios2-elf/lib\libc.a(lib_a-wcrtomb.o)
 .text._wcrtomb_r
                0x000000000401e738       0x9c e:/intelfpga/16.1/nios2eds/bin/gnu/h-x86_64-mingw32/bin/../lib/gcc/nios2-elf/5.3.0/../../../../../H-x86_64-mingw32/nios2-elf/lib\libc.a(lib_a-wcrtomb.o)
                0x000000000401e738                _wcrtomb_r
 .text.wcrtomb  0x000000000401e7d4       0xc0 e:/intelfpga/16.1/nios2eds/bin/gnu/h-x86_64-mingw32/bin/../lib/gcc/nios2-elf/5.3.0/../../../../../H-x86_64-mingw32/nios2-elf/lib\libc.a(lib_a-wcrtomb.o)
                0x000000000401e7d4                wcrtomb
 .text          0x000000000401e894        0x0 e:/intelfpga/16.1/nios2eds/bin/gnu/h-x86_64-mingw32/bin/../lib/gcc/nios2-elf/5.3.0/../../../../../H-x86_64-mingw32/nios2-elf/lib\libc.a(lib_a-wctomb_r.o)
 .text.__ascii_wctomb
                0x000000000401e894       0x30 e:/intelfpga/16.1/nios2eds/bin/gnu/h-x86_64-mingw32/bin/../lib/gcc/nios2-elf/5.3.0/../../../../../H-x86_64-mingw32/nios2-elf/lib\libc.a(lib_a-wctomb_r.o)
                0x000000000401e894                __ascii_wctomb
 .text._wctomb_r
                0x000000000401e8c4       0x5c e:/intelfpga/16.1/nios2eds/bin/gnu/h-x86_64-mingw32/bin/../lib/gcc/nios2-elf/5.3.0/../../../../../H-x86_64-mingw32/nios2-elf/lib\libc.a(lib_a-wctomb_r.o)
                0x000000000401e8c4                _wctomb_r
 .text          0x000000000401e920      0x578 e:/intelfpga/16.1/nios2eds/bin/gnu/h-x86_64-mingw32/bin/../lib/gcc/nios2-elf/5.3.0\libgcc.a(_udivdi3.o)
                0x000000000401e920                __udivdi3
 .text          0x000000000401ee98      0x538 e:/intelfpga/16.1/nios2eds/bin/gnu/h-x86_64-mingw32/bin/../lib/gcc/nios2-elf/5.3.0\libgcc.a(_umoddi3.o)
                0x000000000401ee98                __umoddi3
 .text          0x000000000401f3d0       0xa8 e:/intelfpga/16.1/nios2eds/bin/gnu/h-x86_64-mingw32/bin/../lib/gcc/nios2-elf/5.3.0\libgcc.a(floatunsidf.o)
                0x000000000401f3d0                __floatunsidf
 .text          0x000000000401f478      0x10c ../GUI_APP_bsp/\libhal_bsp.a(alt_close.o)
                0x000000000401f4b4                close
 .text          0x000000000401f584       0x48 ../GUI_APP_bsp/\libhal_bsp.a(alt_dcache_flush_all.o)
                0x000000000401f584                alt_dcache_flush_all
 .text          0x000000000401f5cc       0x2c ../GUI_APP_bsp/\libhal_bsp.a(alt_dev.o)
 .text          0x000000000401f5f8        0x0 ../GUI_APP_bsp/\libhal_bsp.a(alt_errno.o)
 .text          0x000000000401f5f8      0x15c ../GUI_APP_bsp/\libhal_bsp.a(alt_fcntl.o)
                0x000000000401f634                fcntl
 .text          0x000000000401f754       0xec ../GUI_APP_bsp/\libhal_bsp.a(alt_fstat.o)
                0x000000000401f790                fstat
 .text          0x000000000401f840      0x1b0 ../GUI_APP_bsp/\libhal_bsp.a(alt_iic.o)
                0x000000000401f840                alt_ic_isr_register
                0x000000000401f890                alt_ic_irq_enable
                0x000000000401f918                alt_ic_irq_disable
                0x000000000401f9a4                alt_ic_irq_enabled
 .text          0x000000000401f9f0       0xf0 ../GUI_APP_bsp/\libhal_bsp.a(alt_iic_isr_register.o)
                0x000000000401f9f0                alt_iic_isr_register
 .text          0x000000000401fae0        0x0 ../GUI_APP_bsp/\libhal_bsp.a(alt_irq_entry.o)
 .text          0x000000000401fae0        0x0 ../GUI_APP_bsp/\libhal_bsp.a(alt_irq_handler.o)
 .text          0x000000000401fae0        0x0 ../GUI_APP_bsp/\libhal_bsp.a(alt_irq_vars.o)
 .text          0x000000000401fae0       0xe0 ../GUI_APP_bsp/\libhal_bsp.a(alt_isatty.o)
                0x000000000401fb1c                isatty
 .text          0x000000000401fbc0      0x110 ../GUI_APP_bsp/\libhal_bsp.a(alt_lseek.o)
                0x000000000401fbfc                lseek
 .text          0x000000000401fcd0       0x7c ../GUI_APP_bsp/\libhal_bsp.a(alt_main.o)
                0x000000000401fcd0                alt_main
 .text          0x000000000401fd4c       0x48 ../GUI_APP_bsp/\libhal_bsp.a(alt_malloc_lock.o)
                0x000000000401fd4c                __malloc_lock
                0x000000000401fd70                __malloc_unlock
 .text          0x000000000401fd94      0x254 ../GUI_APP_bsp/\libhal_bsp.a(alt_open.o)
                0x000000000401fe94                open
 .text          0x000000000401ffe8      0x138 ../GUI_APP_bsp/\libhal_bsp.a(alt_read.o)
                0x0000000004020024                read
 .text          0x0000000004020120       0x64 ../GUI_APP_bsp/\libhal_bsp.a(alt_release_fd.o)
                0x0000000004020120                alt_release_fd
 .text          0x0000000004020184       0xb0 ../GUI_APP_bsp/\libhal_bsp.a(alt_sbrk.o)
                0x0000000004020184                sbrk
 .text          0x0000000004020234      0x1a4 ../GUI_APP_bsp/\libhal_bsp.a(alt_tick.o)
                0x0000000004020234                alt_alarm_stop
                0x00000000040202d0                alt_tick
 .text          0x00000000040203d8       0x30 ../GUI_APP_bsp/\libhal_bsp.a(alt_usleep.o)
                0x00000000040203d8                usleep
 .text          0x0000000004020408      0x134 ../GUI_APP_bsp/\libhal_bsp.a(alt_write.o)
                0x0000000004020444                write
 .text          0x000000000402053c       0xd8 ../GUI_APP_bsp/\libhal_bsp.a(alt_sys_init.o)
                0x0000000004020570                alt_irq_init
                0x00000000040205a8                alt_sys_init
 .text          0x0000000004020614      0xafc ../GUI_APP_bsp/\libhal_bsp.a(altera_avalon_epcs_flash_controller.o)
                0x0000000004020648                alt_epcs_flash_init
                0x0000000004020b80                alt_epcs_flash_write
                0x0000000004020de0                alt_epcs_flash_get_info
                0x0000000004020f00                alt_epcs_flash_erase_block
                0x0000000004020f78                alt_epcs_flash_write_block
                0x0000000004021078                alt_epcs_flash_read
 .text          0x0000000004021110      0x164 ../GUI_APP_bsp/\libhal_bsp.a(altera_avalon_jtag_uart_fd.o)
                0x0000000004021110                altera_avalon_jtag_uart_read_fd
                0x0000000004021170                altera_avalon_jtag_uart_write_fd
                0x00000000040211d0                altera_avalon_jtag_uart_close_fd
                0x0000000004021220                altera_avalon_jtag_uart_ioctl_fd
 .text          0x0000000004021274      0x3d4 ../GUI_APP_bsp/\libhal_bsp.a(altera_avalon_jtag_uart_init.o)
                0x0000000004021274                altera_avalon_jtag_uart_init
                0x00000000040215e0                altera_avalon_jtag_uart_close
 .text          0x0000000004021648       0xf0 ../GUI_APP_bsp/\libhal_bsp.a(altera_avalon_jtag_uart_ioctl.o)
                0x0000000004021648                altera_avalon_jtag_uart_ioctl
 .text          0x0000000004021738      0x21c ../GUI_APP_bsp/\libhal_bsp.a(altera_avalon_jtag_uart_read.o)
                0x0000000004021738                altera_avalon_jtag_uart_read
 .text          0x0000000004021954      0x224 ../GUI_APP_bsp/\libhal_bsp.a(altera_avalon_jtag_uart_write.o)
                0x0000000004021954                altera_avalon_jtag_uart_write
 .text          0x0000000004021b78       0xf4 ../GUI_APP_bsp/\libhal_bsp.a(altera_avalon_timer_sc.o)
                0x0000000004021bf0                alt_avalon_timer_sc_init
 .text          0x0000000004021c6c      0x63c ../GUI_APP_bsp/\libhal_bsp.a(epcs_commands.o)
                0x0000000004021c6c                epcs_read_status_register
                0x0000000004021d3c                epcs_sector_erase
                0x0000000004021e38                epcs_read_buffer
                0x0000000004021f2c                epcs_write_enable
                0x0000000004021f80                epcs_write_status_register
                0x0000000004021fec                epcs_write_buffer
                0x0000000004022108                epcs_read_electronic_signature
                0x0000000004022170                epcs_read_device_id
                0x00000000040221f0                epcs_enter_4_bytes_mode
                0x000000000402224c                epcs_exit_4_bytes_mode
 .text          0x00000000040222a8      0x12c ../GUI_APP_bsp/\libhal_bsp.a(alt_alarm_start.o)
                0x00000000040222a8                alt_alarm_start
 .text          0x00000000040223d4      0x158 ../GUI_APP_bsp/\libhal_bsp.a(alt_busy_sleep.o)
                0x00000000040223d4                alt_busy_sleep
 .text          0x000000000402252c       0xe0 ../GUI_APP_bsp/\libhal_bsp.a(alt_dev_llist_insert.o)
                0x0000000004022568                alt_dev_llist_insert
 .text          0x000000000402260c       0x60 ../GUI_APP_bsp/\libhal_bsp.a(alt_do_ctors.o)
                0x000000000402260c                _do_ctors
 .text          0x000000000402266c       0x60 ../GUI_APP_bsp/\libhal_bsp.a(alt_do_dtors.o)
                0x000000000402266c                _do_dtors
 .text          0x00000000040226cc        0x0 ../GUI_APP_bsp/\libhal_bsp.a(alt_exception_entry.o)
 .text          0x00000000040226cc       0x90 ../GUI_APP_bsp/\libhal_bsp.a(alt_find_dev.o)
                0x00000000040226cc                alt_find_dev
 .text          0x000000000402275c      0x108 ../GUI_APP_bsp/\libhal_bsp.a(alt_find_file.o)
                0x000000000402275c                alt_find_file
 .text          0x0000000004022864       0xbc ../GUI_APP_bsp/\libhal_bsp.a(alt_flash_dev.o)
                0x0000000004022864                alt_flash_open_dev
                0x00000000040228cc                alt_flash_close_dev
 .text          0x0000000004022920       0xa4 ../GUI_APP_bsp/\libhal_bsp.a(alt_get_fd.o)
                0x0000000004022920                alt_get_fd
 .text          0x00000000040229c4       0x9c ../GUI_APP_bsp/\libhal_bsp.a(alt_instruction_exception_entry.o)
                0x00000000040229c4                alt_exception_cause_generated_bad_addr
 .text          0x0000000004022a60      0x140 ../GUI_APP_bsp/\libhal_bsp.a(alt_io_redirect.o)
                0x0000000004022b24                alt_io_redirect
 .text          0x0000000004022ba0       0x24 ../GUI_APP_bsp/\libhal_bsp.a(altera_nios2_gen2_irq.o)
                0x0000000004022ba0                altera_nios2_gen2_irq_init
 .text          0x0000000004022bc4      0x1fc ../GUI_APP_bsp/\libhal_bsp.a(altera_avalon_spi.o)
                0x0000000004022bc4                alt_avalon_spi_command
 .text          0x0000000004022dc0        0x0 e:/intelfpga/16.1/nios2eds/bin/gnu/h-x86_64-mingw32/bin/../lib/gcc/nios2-elf/5.3.0/../../../../../H-x86_64-mingw32/nios2-elf/lib\libc.a(lib_a-atexit.o)
 .text.atexit   0x0000000004022dc0       0x14 e:/intelfpga/16.1/nios2eds/bin/gnu/h-x86_64-mingw32/bin/../lib/gcc/nios2-elf/5.3.0/../../../../../H-x86_64-mingw32/nios2-elf/lib\libc.a(lib_a-atexit.o)
                0x0000000004022dc0                atexit
 .text          0x0000000004022dd4        0x0 e:/intelfpga/16.1/nios2eds/bin/gnu/h-x86_64-mingw32/bin/../lib/gcc/nios2-elf/5.3.0/../../../../../H-x86_64-mingw32/nios2-elf/lib\libc.a(lib_a-exit.o)
 .text.exit     0x0000000004022dd4       0x38 e:/intelfpga/16.1/nios2eds/bin/gnu/h-x86_64-mingw32/bin/../lib/gcc/nios2-elf/5.3.0/../../../../../H-x86_64-mingw32/nios2-elf/lib\libc.a(lib_a-exit.o)
                0x0000000004022dd4                exit
 .text          0x0000000004022e0c        0x0 e:/intelfpga/16.1/nios2eds/bin/gnu/h-x86_64-mingw32/bin/../lib/gcc/nios2-elf/5.3.0/../../../../../H-x86_64-mingw32/nios2-elf/lib\libc.a(lib_a-memcmp.o)
 .text.memcmp   0x0000000004022e0c       0x7c e:/intelfpga/16.1/nios2eds/bin/gnu/h-x86_64-mingw32/bin/../lib/gcc/nios2-elf/5.3.0/../../../../../H-x86_64-mingw32/nios2-elf/lib\libc.a(lib_a-memcmp.o)
                0x0000000004022e0c                memcmp
 .text          0x0000000004022e88        0x0 e:/intelfpga/16.1/nios2eds/bin/gnu/h-x86_64-mingw32/bin/../lib/gcc/nios2-elf/5.3.0/../../../../../H-x86_64-mingw32/nios2-elf/lib\libc.a(lib_a-__atexit.o)
 .text.__register_exitproc
                0x0000000004022e88      0x118 e:/intelfpga/16.1/nios2eds/bin/gnu/h-x86_64-mingw32/bin/../lib/gcc/nios2-elf/5.3.0/../../../../../H-x86_64-mingw32/nios2-elf/lib\libc.a(lib_a-__atexit.o)
                0x0000000004022e88                __register_exitproc
 .text          0x0000000004022fa0        0x0 e:/intelfpga/16.1/nios2eds/bin/gnu/h-x86_64-mingw32/bin/../lib/gcc/nios2-elf/5.3.0/../../../../../H-x86_64-mingw32/nios2-elf/lib\libc.a(lib_a-__call_atexit.o)
 .text.__call_exitprocs
                0x0000000004022fa0      0x180 e:/intelfpga/16.1/nios2eds/bin/gnu/h-x86_64-mingw32/bin/../lib/gcc/nios2-elf/5.3.0/../../../../../H-x86_64-mingw32/nios2-elf/lib\libc.a(lib_a-__call_atexit.o)
                0x0000000004022fa0                __call_exitprocs
 .text          0x0000000004023120       0x34 ../GUI_APP_bsp/\libhal_bsp.a(alt_exit.o)
                0x0000000004023120                _exit
 *(.gnu.warning.*)
 *(.fini)
                [!provide]                        PROVIDE (__etext, ABSOLUTE (.))
                [!provide]                        PROVIDE (_etext, ABSOLUTE (.))
                [!provide]                        PROVIDE (etext, ABSOLUTE (.))
 *(.eh_frame_hdr)
                0x0000000004023154                . = ALIGN (0x4)
                [!provide]                        PROVIDE (__preinit_array_start, ABSOLUTE (.))
 *(.preinit_array)
                [!provide]                        PROVIDE (__preinit_array_end, ABSOLUTE (.))
                [!provide]                        PROVIDE (__init_array_start, ABSOLUTE (.))
 *(.init_array)
                [!provide]                        PROVIDE (__init_array_end, ABSOLUTE (.))
                [!provide]                        PROVIDE (__fini_array_start, ABSOLUTE (.))
 *(.fini_array)
                [!provide]                        PROVIDE (__fini_array_end, ABSOLUTE (.))
 *(.eh_frame)
 *(.gcc_except_table .gcc_except_table.*)
 *(.dynamic)
                0x0000000004023154                PROVIDE (__CTOR_LIST__, ABSOLUTE (.))
 *(.ctors)
 *(SORT(.ctors.*))
                0x0000000004023154                PROVIDE (__CTOR_END__, ABSOLUTE (.))
                0x0000000004023154                PROVIDE (__DTOR_LIST__, ABSOLUTE (.))
 *(.dtors)
 *(SORT(.dtors.*))
                0x0000000004023154                PROVIDE (__DTOR_END__, ABSOLUTE (.))
 *(.jcr)
                0x0000000004023154                . = ALIGN (0x4)

.rodata         0x0000000004023154    0x5ef3c
                [!provide]                        PROVIDE (__ram_rodata_start, ABSOLUTE (.))
                0x0000000004023154                . = ALIGN (0x4)
 *(.rodata .rodata.* .gnu.linkonce.r.*)
 .rodata        0x0000000004023154    0x448f0 obj/default/gesture.o
                0x0000000004023154                gesture_bmp
 .rodata        0x0000000004067a44     0x77f2 obj/default/fonts/tahomabold_20.o
 .rodata        0x000000000406f236    0x12520 obj/default/fonts/tahomabold_32.o
 *fill*         0x0000000004081756        0x2 
 .rodata        0x0000000004081758       0xa3 obj/default/gui_compass.o
 *fill*         0x00000000040817fb        0x1 
 .rodata        0x00000000040817fc       0x35 obj/default/main.o
 *fill*         0x0000000004081831        0x3 
 .rodata        0x0000000004081834      0x2ab obj/default/terasic_lib/I2C_core.o
 *fill*         0x0000000004081adf        0x1 
 .rodata        0x0000000004081ae0       0x38 obj/default/terasic_lib/multi_touch2.o
 .rodata.atanlo
                0x0000000004081b18       0x20 e:/intelfpga/16.1/nios2eds/bin/gnu/h-x86_64-mingw32/bin/../lib/gcc/nios2-elf/5.3.0/../../../../../H-x86_64-mingw32/nios2-elf/lib\libm.a(lib_a-s_atan.o)
 .rodata.atanhi
                0x0000000004081b38       0x20 e:/intelfpga/16.1/nios2eds/bin/gnu/h-x86_64-mingw32/bin/../lib/gcc/nios2-elf/5.3.0/../../../../../H-x86_64-mingw32/nios2-elf/lib\libm.a(lib_a-s_atan.o)
 .rodata.str1.4
                0x0000000004081b58        0x5 e:/intelfpga/16.1/nios2eds/bin/gnu/h-x86_64-mingw32/bin/../lib/gcc/nios2-elf/5.3.0/../../../../../H-x86_64-mingw32/nios2-elf/lib\libm.a(lib_a-w_sqrt.o)
 *fill*         0x0000000004081b5d        0x3 
 .rodata.npio2_hw
                0x0000000004081b60       0x80 e:/intelfpga/16.1/nios2eds/bin/gnu/h-x86_64-mingw32/bin/../lib/gcc/nios2-elf/5.3.0/../../../../../H-x86_64-mingw32/nios2-elf/lib\libm.a(lib_a-e_rem_pio2.o)
 .rodata.two_over_pi
                0x0000000004081be0      0x108 e:/intelfpga/16.1/nios2eds/bin/gnu/h-x86_64-mingw32/bin/../lib/gcc/nios2-elf/5.3.0/../../../../../H-x86_64-mingw32/nios2-elf/lib\libm.a(lib_a-e_rem_pio2.o)
 .rodata.PIo2   0x0000000004081ce8       0x40 e:/intelfpga/16.1/nios2eds/bin/gnu/h-x86_64-mingw32/bin/../lib/gcc/nios2-elf/5.3.0/../../../../../H-x86_64-mingw32/nios2-elf/lib\libm.a(lib_a-k_rem_pio2.o)
 .rodata.init_jk
                0x0000000004081d28       0x10 e:/intelfpga/16.1/nios2eds/bin/gnu/h-x86_64-mingw32/bin/../lib/gcc/nios2-elf/5.3.0/../../../../../H-x86_64-mingw32/nios2-elf/lib\libm.a(lib_a-k_rem_pio2.o)
 .rodata        0x0000000004081d38      0x100 e:/intelfpga/16.1/nios2eds/bin/gnu/h-x86_64-mingw32/bin/../lib/gcc/nios2-elf/5.3.0\libgcc.a(_clz.o)
                0x0000000004081d38                __clz_tab
 .rodata.str1.4
                0x0000000004081e38        0x2 e:/intelfpga/16.1/nios2eds/bin/gnu/h-x86_64-mingw32/bin/../lib/gcc/nios2-elf/5.3.0/../../../../../H-x86_64-mingw32/nios2-elf/lib\libc.a(lib_a-impure.o)
 *fill*         0x0000000004081e3a        0x2 
 .rodata.str1.4
                0x0000000004081e3c        0x2 e:/intelfpga/16.1/nios2eds/bin/gnu/h-x86_64-mingw32/bin/../lib/gcc/nios2-elf/5.3.0/../../../../../H-x86_64-mingw32/nios2-elf/lib\libc.a(lib_a-puts.o)
 *fill*         0x0000000004081e3e        0x2 
 .rodata.str1.4
                0x0000000004081e40       0x42 e:/intelfpga/16.1/nios2eds/bin/gnu/h-x86_64-mingw32/bin/../lib/gcc/nios2-elf/5.3.0/../../../../../H-x86_64-mingw32/nios2-elf/lib\libc.a(lib_a-svfprintf.o)
 .rodata.zeroes.4389
                0x0000000004081e82       0x10 e:/intelfpga/16.1/nios2eds/bin/gnu/h-x86_64-mingw32/bin/../lib/gcc/nios2-elf/5.3.0/../../../../../H-x86_64-mingw32/nios2-elf/lib\libc.a(lib_a-svfprintf.o)
 .rodata.blanks.4388
                0x0000000004081e92       0x10 e:/intelfpga/16.1/nios2eds/bin/gnu/h-x86_64-mingw32/bin/../lib/gcc/nios2-elf/5.3.0/../../../../../H-x86_64-mingw32/nios2-elf/lib\libc.a(lib_a-svfprintf.o)
 .rodata.str1.4
                0x0000000004081ea2       0x42 e:/intelfpga/16.1/nios2eds/bin/gnu/h-x86_64-mingw32/bin/../lib/gcc/nios2-elf/5.3.0/../../../../../H-x86_64-mingw32/nios2-elf/lib\libc.a(lib_a-vfprintf.o)
 .rodata.zeroes.4404
                0x0000000004081ea2       0x10 e:/intelfpga/16.1/nios2eds/bin/gnu/h-x86_64-mingw32/bin/../lib/gcc/nios2-elf/5.3.0/../../../../../H-x86_64-mingw32/nios2-elf/lib\libc.a(lib_a-vfprintf.o)
 .rodata.blanks.4403
                0x0000000004081eb2       0x10 e:/intelfpga/16.1/nios2eds/bin/gnu/h-x86_64-mingw32/bin/../lib/gcc/nios2-elf/5.3.0/../../../../../H-x86_64-mingw32/nios2-elf/lib\libc.a(lib_a-vfprintf.o)
 *fill*         0x0000000004081ec2        0x2 
 .rodata.str1.4
                0x0000000004081ec4       0x10 e:/intelfpga/16.1/nios2eds/bin/gnu/h-x86_64-mingw32/bin/../lib/gcc/nios2-elf/5.3.0/../../../../../H-x86_64-mingw32/nios2-elf/lib\libc.a(lib_a-dtoa.o)
                                         0x12 (size before relaxing)
 .rodata.str1.4
                0x0000000004081ed4        0xc e:/intelfpga/16.1/nios2eds/bin/gnu/h-x86_64-mingw32/bin/../lib/gcc/nios2-elf/5.3.0/../../../../../H-x86_64-mingw32/nios2-elf/lib\libc.a(lib_a-locale.o)
                                         0x12 (size before relaxing)
 .rodata.p05.2768
                0x0000000004081ee0        0xc e:/intelfpga/16.1/nios2eds/bin/gnu/h-x86_64-mingw32/bin/../lib/gcc/nios2-elf/5.3.0/../../../../../H-x86_64-mingw32/nios2-elf/lib\libc.a(lib_a-mprec.o)
 .rodata.__mprec_tinytens
                0x0000000004081eec       0x28 e:/intelfpga/16.1/nios2eds/bin/gnu/h-x86_64-mingw32/bin/../lib/gcc/nios2-elf/5.3.0/../../../../../H-x86_64-mingw32/nios2-elf/lib\libc.a(lib_a-mprec.o)
                0x0000000004081eec                __mprec_tinytens
 .rodata.__mprec_bigtens
                0x0000000004081f14       0x28 e:/intelfpga/16.1/nios2eds/bin/gnu/h-x86_64-mingw32/bin/../lib/gcc/nios2-elf/5.3.0/../../../../../H-x86_64-mingw32/nios2-elf/lib\libc.a(lib_a-mprec.o)
                0x0000000004081f14                __mprec_bigtens
 .rodata.__mprec_tens
                0x0000000004081f3c       0xc8 e:/intelfpga/16.1/nios2eds/bin/gnu/h-x86_64-mingw32/bin/../lib/gcc/nios2-elf/5.3.0/../../../../../H-x86_64-mingw32/nios2-elf/lib\libc.a(lib_a-mprec.o)
                0x0000000004081f3c                __mprec_tens
 .rodata.str1.4
                0x0000000004082004       0x2f e:/intelfpga/16.1/nios2eds/bin/gnu/h-x86_64-mingw32/bin/../lib/gcc/nios2-elf/5.3.0/../../../../../H-x86_64-mingw32/nios2-elf/lib\libc.a(lib_a-svfiprintf.o)
 .rodata.zeroes.4333
                0x0000000004082004       0x10 e:/intelfpga/16.1/nios2eds/bin/gnu/h-x86_64-mingw32/bin/../lib/gcc/nios2-elf/5.3.0/../../../../../H-x86_64-mingw32/nios2-elf/lib\libc.a(lib_a-svfiprintf.o)
 .rodata.blanks.4332
                0x0000000004082014       0x10 e:/intelfpga/16.1/nios2eds/bin/gnu/h-x86_64-mingw32/bin/../lib/gcc/nios2-elf/5.3.0/../../../../../H-x86_64-mingw32/nios2-elf/lib\libc.a(lib_a-svfiprintf.o)
 .rodata.str1.4
                0x0000000004082024       0x2f e:/intelfpga/16.1/nios2eds/bin/gnu/h-x86_64-mingw32/bin/../lib/gcc/nios2-elf/5.3.0/../../../../../H-x86_64-mingw32/nios2-elf/lib\libc.a(lib_a-vfiprintf.o)
 .rodata.zeroes.4349
                0x0000000004082024       0x10 e:/intelfpga/16.1/nios2eds/bin/gnu/h-x86_64-mingw32/bin/../lib/gcc/nios2-elf/5.3.0/../../../../../H-x86_64-mingw32/nios2-elf/lib\libc.a(lib_a-vfiprintf.o)
 .rodata.blanks.4348
                0x0000000004082034       0x10 e:/intelfpga/16.1/nios2eds/bin/gnu/h-x86_64-mingw32/bin/../lib/gcc/nios2-elf/5.3.0/../../../../../H-x86_64-mingw32/nios2-elf/lib\libc.a(lib_a-vfiprintf.o)
 .rodata        0x0000000004082044        0xa ../GUI_APP_bsp/\libhal_bsp.a(alt_dev.o)
 *fill*         0x000000000408204e        0x2 
 .rodata        0x0000000004082050        0xf ../GUI_APP_bsp/\libhal_bsp.a(alt_main.o)
 *fill*         0x000000000408205f        0x1 
 .rodata        0x0000000004082060       0x2f ../GUI_APP_bsp/\libhal_bsp.a(alt_sys_init.o)
 *(.rodata1)
                0x0000000004082090                . = ALIGN (0x4)
 *fill*         0x000000000408208f        0x1 
                [!provide]                        PROVIDE (__ram_rodata_end, ABSOLUTE (.))
                [!provide]                        PROVIDE (__flash_rodata_start, LOADADDR (.rodata))

.rwdata         0x0000000004082090    0x94914
                [!provide]                        PROVIDE (__ram_rwdata_start, ABSOLUTE (.))
                0x0000000004082090                . = ALIGN (0x4)
 *(.got.plt)
 *(.got)
 *(.data1)
 *(.data .data.* .gnu.linkonce.d.*)
 .data          0x0000000004082090        0x0 ../GUI_APP_bsp//obj/HAL/src/crt0.o
 .data          0x0000000004082090        0x0 obj/default/gesture.o
 .data          0x0000000004082090      0xbc0 obj/default/fonts/tahomabold_20.o
                0x0000000004082090                tahomabold_20
 .data          0x0000000004082c50      0xbc0 obj/default/fonts/tahomabold_32.o
                0x0000000004082c50                tahomabold_32
 .data          0x0000000004083810        0x0 obj/default/geometry.o
 .data          0x0000000004083810        0x0 obj/default/gimp_bmp/gimp_bmp.o
 .data          0x0000000004083810      0x415 obj/default/graphic_lib/simple_graphics.o
                0x0000000004083810                cour10_font_array
 .data          0x0000000004083c25        0x0 obj/default/graphic_lib/simple_text.o
 .data          0x0000000004083c25        0x0 obj/default/gui_compass.o
 *fill*         0x0000000004083c25        0x3 