Archive member included to satisfy reference by file (symbol)

e:/intelfpga/16.1/nios2eds/bin/gnu/h-x86_64-mingw32/bin/../lib/gcc/nios2-elf/5.3.0/../../../../../H-x86_64-mingw32/nios2-elf/lib\libm.a(lib_a-s_atan.o)
                              obj/default/gui_gsensor.o (atan)
e:/intelfpga/16.1/nios2eds/bin/gnu/h-x86_64-mingw32/bin/../lib/gcc/nios2-elf/5.3.0/../../../../../H-x86_64-mingw32/nios2-elf/lib\libm.a(lib_a-s_fabs.o)
                              e:/intelfpga/16.1/nios2eds/bin/gnu/h-x86_64-mingw32/bin/../lib/gcc/nios2-elf/5.3.0/../../../../../H-x86_64-mingw32/nios2-elf/lib\libm.a(lib_a-s_atan.o) (fabs)
e:/intelfpga/16.1/nios2eds/bin/gnu/h-x86_64-mingw32/bin/../lib/gcc/nios2-elf/5.3.0/../../../../../H-x86_64-mingw32/nios2-elf/lib\libm.a(lib_a-w_sqrt.o)
                              obj/default/geometry.o (sqrt)
e:/intelfpga/16.1/nios2eds/bin/gnu/h-x86_64-mingw32/bin/../lib/gcc/nios2-elf/5.3.0/../../../../../H-x86_64-mingw32/nios2-elf/lib\libm.a(lib_a-e_sqrt.o)
                              e:/intelfpga/16.1/nios2eds/bin/gnu/h-x86_64-mingw32/bin/../lib/gcc/nios2-elf/5.3.0/../../../../../H-x86_64-mingw32/nios2-elf/lib\libm.a(lib_a-w_sqrt.o) (__ieee754_sqrt)
e:/intelfpga/16.1/nios2eds/bin/gnu/h-x86_64-mingw32/bin/../lib/gcc/nios2-elf/5.3.0/../../../../../H-x86_64-mingw32/nios2-elf/lib\libm.a(lib_a-s_fpclassify.o)
                              e:/intelfpga/16.1/nios2eds/bin/gnu/h-x86_64-mingw32/bin/../lib/gcc/nios2-elf/5.3.0/../../../../../H-x86_64-mingw32/nios2-elf/lib\libm.a(lib_a-w_sqrt.o) (__fpclassifyd)
e:/intelfpga/16.1/nios2eds/bin/gnu/h-x86_64-mingw32/bin/../lib/gcc/nios2-elf/5.3.0/../../../../../H-x86_64-mingw32/nios2-elf/lib\libm.a(lib_a-s_lib_ver.o)
                              e:/intelfpga/16.1/nios2eds/bin/gnu/h-x86_64-mingw32/bin/../lib/gcc/nios2-elf/5.3.0/../../../../../H-x86_64-mingw32/nios2-elf/lib\libm.a(lib_a-w_sqrt.o) (__fdlib_version)
e:/intelfpga/16.1/nios2eds/bin/gnu/h-x86_64-mingw32/bin/../lib/gcc/nios2-elf/5.3.0/../../../../../H-x86_64-mingw32/nios2-elf/lib\libm.a(lib_a-s_matherr.o)
                              e:/intelfpga/16.1/nios2eds/bin/gnu/h-x86_64-mingw32/bin/../lib/gcc/nios2-elf/5.3.0/../../../../../H-x86_64-mingw32/nios2-elf/lib\libm.a(lib_a-w_sqrt.o) (matherr)
e:/intelfpga/16.1/nios2eds/bin/gnu/h-x86_64-mingw32/bin/../lib/gcc/nios2-elf/5.3.0\libgcc.a(lib2-divmod.o)
                              obj/default/graphic_lib/simple_text.o (__divsi3)
e:/intelfpga/16.1/nios2eds/bin/gnu/h-x86_64-mingw32/bin/../lib/gcc/nios2-elf/5.3.0\libgcc.a(addsf3.o)
                              obj/default/mpu9250.o (__addsf3)
e:/intelfpga/16.1/nios2eds/bin/gnu/h-x86_64-mingw32/bin/../lib/gcc/nios2-elf/5.3.0\libgcc.a(divsf3.o)
                              obj/default/gui_gsensor.o (__divsf3)
e:/intelfpga/16.1/nios2eds/bin/gnu/h-x86_64-mingw32/bin/../lib/gcc/nios2-elf/5.3.0\libgcc.a(eqsf2.o)
                              obj/default/gui_gsensor.o (__eqsf2)
e:/intelfpga/16.1/nios2eds/bin/gnu/h-x86_64-mingw32/bin/../lib/gcc/nios2-elf/5.3.0\libgcc.a(mulsf3.o)
                              obj/default/gui_gsensor.o (__mulsf3)
e:/intelfpga/16.1/nios2eds/bin/gnu/h-x86_64-mingw32/bin/../lib/gcc/nios2-elf/5.3.0\libgcc.a(subsf3.o)
                              obj/default/mpu9250.o (__subsf3)
e:/intelfpga/16.1/nios2eds/bin/gnu/h-x86_64-mingw32/bin/../lib/gcc/nios2-elf/5.3.0\libgcc.a(fixsfsi.o)
                              obj/default/gui_gsensor.o (__fixsfsi)
e:/intelfpga/16.1/nios2eds/bin/gnu/h-x86_64-mingw32/bin/../lib/gcc/nios2-elf/5.3.0\libgcc.a(floatsisf.o)
                              obj/default/mpu9250.o (__floatsisf)
e:/intelfpga/16.1/nios2eds/bin/gnu/h-x86_64-mingw32/bin/../lib/gcc/nios2-elf/5.3.0\libgcc.a(floatunsisf.o)
                              obj/default/mpu9250.o (__floatunsisf)
e:/intelfpga/16.1/nios2eds/bin/gnu/h-x86_64-mingw32/bin/../lib/gcc/nios2-elf/5.3.0\libgcc.a(adddf3.o)
                              obj/default/mpu9250.o (__adddf3)
e:/intelfpga/16.1/nios2eds/bin/gnu/h-x86_64-mingw32/bin/../lib/gcc/nios2-elf/5.3.0\libgcc.a(divdf3.o)
                              obj/default/mpu9250.o (__divdf3)
e:/intelfpga/16.1/nios2eds/bin/gnu/h-x86_64-mingw32/bin/../lib/gcc/nios2-elf/5.3.0\libgcc.a(gedf2.o)
                              e:/intelfpga/16.1/nios2eds/bin/gnu/h-x86_64-mingw32/bin/../lib/gcc/nios2-elf/5.3.0/../../../../../H-x86_64-mingw32/nios2-elf/lib\libm.a(lib_a-s_atan.o) (__gtdf2)
e:/intelfpga/16.1/nios2eds/bin/gnu/h-x86_64-mingw32/bin/../lib/gcc/nios2-elf/5.3.0\libgcc.a(ledf2.o)
                              e:/intelfpga/16.1/nios2eds/bin/gnu/h-x86_64-mingw32/bin/../lib/gcc/nios2-elf/5.3.0/../../../../../H-x86_64-mingw32/nios2-elf/lib\libm.a(lib_a-w_sqrt.o) (__ltdf2)
e:/intelfpga/16.1/nios2eds/bin/gnu/h-x86_64-mingw32/bin/../lib/gcc/nios2-elf/5.3.0\libgcc.a(muldf3.o)
                              obj/default/gui_gsensor.o (__muldf3)
e:/intelfpga/16.1/nios2eds/bin/gnu/h-x86_64-mingw32/bin/../lib/gcc/nios2-elf/5.3.0\libgcc.a(subdf3.o)
[...]
Memory Configuration

Name             Origin             Length             Attributes
sdram_BEFORE_EXCEPTION 0x0000000004000000 0x0000000000000020
sdram            0x0000000004000020 0x0000000003ffffe0
reset            0x0000000009001000 0x0000000000000020
epcs_flash_controller_0 0x0000000009001020 0x00000000000007e0
*default*        0x0000000000000000 0xffffffffffffffff

Linker script and memory map

LOAD ../GUI_APP_bsp//obj/HAL/src/crt0.o
LOAD obj/default/gesture.o
LOAD obj/default/fonts/tahomabold_20.o
LOAD obj/default/fonts/tahomabold_32.o
LOAD obj/default/geometry.o
LOAD obj/default/gimp_bmp/gimp_bmp.o
LOAD obj/default/graphic_lib/simple_graphics.o
LOAD obj/default/graphic_lib/simple_text.o
LOAD obj/default/gui_gsensor.o
LOAD obj/default/images/H_Bar.o
LOAD obj/default/images/V_Bar.o
LOAD obj/default/images/ball.o
LOAD obj/default/images/ball_water.o
LOAD obj/default/images/bar.o
LOAD obj/default/images/bright.o
LOAD obj/default/images/dot.o
LOAD obj/default/images/h_Bar_Line.o
LOAD obj/default/images/h_bar_water.o
LOAD obj/default/images/ring.o
LOAD obj/default/images/v_Bar_Line.o
LOAD obj/default/images/v_bar_water.o
LOAD obj/default/main.o
LOAD obj/default/mpu9250.o
LOAD obj/default/terasic_lib/I2C_core.o
LOAD obj/default/terasic_lib/light_sensor.o
LOAD obj/default/terasic_lib/multi_touch2.o
LOAD obj/default/terasic_lib/queue.o
LOAD obj/default/vip_fr.o
LOAD e:/intelfpga/16.1/nios2eds/bin/gnu/h-x86_64-mingw32/bin/../lib/gcc/nios2-elf/5.3.0/../../../../../H-x86_64-mingw32/nios2-elf/lib\libstdc++.a
LOAD e:/intelfpga/16.1/nios2eds/bin/gnu/h-x86_64-mingw32/bin/../lib/gcc/nios2-elf/5.3.0/../../../../../H-x86_64-mingw32/nios2-elf/lib\libm.a
LOAD e:/intelfpga/16.1/nios2eds/bin/gnu/h-x86_64-mingw32/bin/../lib/gcc/nios2-elf/5.3.0\libgcc.a
START GROUP
LOAD e:/intelfpga/16.1/nios2eds/bin/gnu/h-x86_64-mingw32/bin/../lib/gcc/nios2-elf/5.3.0/../../../../../H-x86_64-mingw32/nios2-elf/lib\libc.a
LOAD e:/intelfpga/16.1/nios2eds/bin/gnu/h-x86_64-mingw32/bin/../lib/gcc/nios2-elf/5.3.0\libgcc.a
LOAD ../GUI_APP_bsp/\libhal_bsp.a
LOAD e:/intelfpga/16.1/nios2eds/bin/gnu/h-x86_64-mingw32/bin/../lib/gcc/nios2-elf/5.3.0/../../../../../H-x86_64-mingw32/nios2-elf/lib\libm.a
END GROUP
LOAD e:/intelfpga/16.1/nios2eds/bin/gnu/h-x86_64-mingw32/bin/../lib/gcc/nios2-elf/5.3.0\libgcc.a
                0x0000000004000000                __alt_mem_sdram = 0x4000000
                0x0000000009001000                __alt_mem_epcs_flash_controller_0 = 0x9001000

.entry          0x0000000009001000        0x0
 *(.entry)
 .entry         0x0000000009001000        0x0 ../GUI_APP_bsp//obj/HAL/src/crt0.o
                0x0000000009001000                __reset

.exceptions     0x0000000004000020      0x224
                [!provide]                        PROVIDE (__ram_exceptions_start, ABSOLUTE (.))
                0x0000000004000020                . = ALIGN (0x20)
 *(.irq)
 *(.exceptions.entry.label)
 .exceptions.entry.label
                0x0000000004000020        0x0 ../GUI_APP_bsp/\libhal_bsp.a(alt_irq_entry.o)
                0x0000000004000020                alt_irq_entry
 .exceptions.entry.label
                0x0000000004000020        0x0 ../GUI_APP_bsp/\libhal_bsp.a(alt_exception_entry.o)
                0x0000000004000020                alt_exception
 *(.exceptions.entry.user)
 *(.exceptions.entry.ecc_fatal)
 *(.exceptions.entry)
 .exceptions.entry
                0x0000000004000020       0x54 ../GUI_APP_bsp/\libhal_bsp.a(alt_exception_entry.o)
 *(.exceptions.irqtest.user)
 *(.exceptions.irqtest)
 .exceptions.irqtest
                0x0000000004000074       0x10 ../GUI_APP_bsp/\libhal_bsp.a(alt_irq_entry.o)
 *(.exceptions.irqhandler.user)
 *(.exceptions.irqhandler)
 .exceptions.irqhandler
                0x0000000004000084        0x4 ../GUI_APP_bsp/\libhal_bsp.a(alt_irq_entry.o)
 *(.exceptions.irqreturn.user)
 *(.exceptions.irqreturn)
 .exceptions.irqreturn
                0x0000000004000088        0x4 ../GUI_APP_bsp/\libhal_bsp.a(alt_irq_entry.o)
 *(.exceptions.notirq.label)
 .exceptions.notirq.label
                0x000000000400008c        0x0 ../GUI_APP_bsp/\libhal_bsp.a(alt_irq_entry.o)
 *(.exceptions.notirq.user)
 *(.exceptions.notirq)
 .exceptions.notirq
                0x000000000400008c        0x8 ../GUI_APP_bsp/\libhal_bsp.a(alt_exception_entry.o)
 *(.exceptions.soft.user)
 *(.exceptions.soft)
 *(.exceptions.unknown.user)
 *(.exceptions.unknown)
 .exceptions.unknown
                0x0000000004000094       0x14 ../GUI_APP_bsp/\libhal_bsp.a(alt_exception_entry.o)
 *(.exceptions.exit.label)
 .exceptions.exit.label
                0x00000000040000a8        0x0 ../GUI_APP_bsp/\libhal_bsp.a(alt_irq_entry.o)
 .exceptions.exit.label
                0x00000000040000a8        0x0 ../GUI_APP_bsp/\libhal_bsp.a(alt_exception_entry.o)
 *(.exceptions.exit.user)
 *(.exceptions.exit)
 .exceptions.exit
                0x00000000040000a8       0x54 ../GUI_APP_bsp/\libhal_bsp.a(alt_exception_entry.o)
 *(.exceptions)
 .exceptions    0x00000000040000fc       0xd4 ../GUI_APP_bsp/\libhal_bsp.a(alt_irq_handler.o)
                0x00000000040000fc                alt_irq_handler
 .exceptions    0x00000000040001d0       0x74 ../GUI_APP_bsp/\libhal_bsp.a(alt_instruction_exception_entry.o)
                0x00000000040001d0                alt_instruction_exception_entry
                [!provide]                        PROVIDE (__ram_exceptions_end, ABSOLUTE (.))
                [!provide]                        PROVIDE (__flash_exceptions_start, LOADADDR (.exceptions))

.text           0x0000000004000244    0x1f110
                [!provide]                        PROVIDE (stext, ABSOLUTE (.))
 *(.interp)
 *(.hash)
 *(.dynsym)
 *(.dynstr)
 *(.gnu.version)
 *(.gnu.version_d)
 *(.gnu.version_r)
 *(.rel.init)
 *(.rela.init)
 *(.rel.text .rel.text.* .rel.gnu.linkonce.t.*)
 *(.rela.text .rela.text.* .rela.gnu.linkonce.t.*)
 *(.rel.fini)
 *(.rela.fini)
 *(.rel.rodata .rel.rodata.* .rel.gnu.linkonce.r.*)
 *(.rela.rodata .rela.rodata.* .rela.gnu.linkonce.r.*)
 *(.rel.data .rel.data.* .rel.gnu.linkonce.d.*)
 *(.rela.data .rela.data.* .rela.gnu.linkonce.d.*)
 *(.rel.tdata .rel.tdata.* .rel.gnu.linkonce.td.*)
 *(.rela.tdata .rela.tdata.* .rela.gnu.linkonce.td.*)
 *(.rel.tbss .rel.tbss.* .rel.gnu.linkonce.tb.*)
 *(.rela.tbss .rela.tbss.* .rela.gnu.linkonce.tb.*)
 *(.rel.ctors)
 *(.rela.ctors)
 *(.rel.dtors)
 *(.rela.dtors)
 *(.rel.got)
 *(.rela.got)
 *(.rel.sdata .rel.sdata.* .rel.gnu.linkonce.s.*)
 *(.rela.sdata .rela.sdata.* .rela.gnu.linkonce.s.*)
 *(.rel.sbss .rel.sbss.* .rel.gnu.linkonce.sb.*)
 *(.rela.sbss .rela.sbss.* .rela.gnu.linkonce.sb.*)
 *(.rel.sdata2 .rel.sdata2.* .rel.gnu.linkonce.s2.*)
 *(.rela.sdata2 .rela.sdata2.* .rela.gnu.linkonce.s2.*)
 *(.rel.sbss2 .rel.sbss2.* .rel.gnu.linkonce.sb2.*)
 *(.rela.sbss2 .rela.sbss2.* .rela.gnu.linkonce.sb2.*)
 *(.rel.bss .rel.bss.* .rel.gnu.linkonce.b.*)
 *(.rela.bss .rela.bss.* .rela.gnu.linkonce.b.*)
 *(.rel.plt)
 *(.rela.plt)
 *(.rel.dyn)
 *(.init)
 *(.plt)
 *(.text .stub .text.* .gnu.linkonce.t.*)
 .text          0x0000000004000244       0x48 ../GUI_APP_bsp//obj/HAL/src/crt0.o
                0x0000000004000244                _start
 .text          0x000000000400028c        0x0 obj/default/gesture.o
 .text          0x000000000400028c        0x0 obj/default/fonts/tahomabold_20.o
 .text          0x000000000400028c        0x0 obj/default/fonts/tahomabold_32.o
 .text          0x000000000400028c      0x40c obj/default/geometry.o
                0x000000000400028c                IsPtInRect(POINT*, RECT*)
                0x0000000004000310                PtSet(POINT*, int, int)
                0x0000000004000354                RectSet(RECT*, int, int, int, int)
                0x00000000040003b4                RectInflate(RECT*, int, int)
                0x0000000004000440                RectOffset(RECT*, int, int)
                0x00000000040004cc                RectCopy(RECT*, RECT*)
                0x0000000004000534                RectWidth(RECT*)
                0x0000000004000568                RectHeight(RECT*)
                0x000000000400059c                PtDistance(POINT*, POINT*)
                0x0000000004000650                PtCopy(POINT*, POINT*)
 .text          0x0000000004000698      0xbd0 obj/default/gimp_bmp/gimp_bmp.o
                0x0000000004000698                load_gimp_bmp(gimp_image_struct*, bitmap_struct*, int)
                0x0000000004000a80                free_gimp_bmp_data(bitmap_struct*)
                0x0000000004000abc                copy_pix_map_32_to_32(void*, long, long, long, void*, long)
                0x0000000004000bc4                copy_pix_map_32_to_24(void*, long, long, long, void*, long)
                0x0000000004000d14                copy_pix_map_32_to_16(void*, long, long, long, void*, long)
                0x0000000004000e50                copy_pix_map_24_to_32(void*, long, long, long, void*, long)
                0x0000000004000fc0                copy_pix_map_24_to_24(void*, long, long, long, void*, long)
                0x0000000004001108                copy_pix_map_24_to_16(void*, long, long, long, void*, long)
 .text          0x0000000004001268     0x2ba8 obj/default/graphic_lib/simple_graphics.o
                0x0000000004001268                vid_clean_screen(VIP_FRAME_READER*, int)
                0x00000000040012cc                vid_scroll_string_quit(vid_text_scroll_struct*)
                0x0000000004001310                vid_scroll_string_init(int, int, int, int, int, char*, int, char*)
                0x000000000400145c                vid_scroll_string(vid_text_scroll_struct*, VIP_FRAME_READER*)
                0x00000000040017c4                vid_move_block(int, int, int, int, int, int, int, VIP_FRAME_READER*)
                0x00000000040018e0                vid_print_string(int, int, int, char*, VIP_FRAME_READER*, char*)
                0x00000000040019e8                vid_draw_box(int, int, int, int, int, int, VIP_FRAME_READER*)
                0x0000000004001b40                vid_print_char(int, int, int, char, char*, VIP_FRAME_READER*)
                0x0000000004001c30                vid_set_pixel(int, int, unsigned int, VIP_FRAME_READER*)
                0x0000000004001dbc                vid_get_pixel(int, int, VIP_FRAME_READER*)
                0x0000000004001e30                vid_paint_block(int, int, int, int, int, VIP_FRAME_READER*)
                0x000000000400206c                vid_draw_horiz_line(short, short, int, int, VIP_FRAME_READER*)
                0x0000000004002354                vid_merge_colors(int, int, int)
                0x00000000040023a0                vid_color_convert24_16(char*)
                0x0000000004002440                vid_color_convert16_24(unsigned short, char*)
                0x00000000040024ac                vid_copy_line_to_frame_buffer(int, int, char*, int, int, VIP_FRAME_READER*)
                0x000000000400274c                vid_draw_sloped_line(unsigned short, unsigned short, unsigned short, unsigned short, unsigned short, int, VIP_FRAME_READER*)
                0x00000000040029bc                vid_draw_circle(int, int, int, int, char, VIP_FRAME_READER*)
                0x0000000004002b04                vid_draw_round_corner_box(int, int, int, int, int, int, int, VIP_FRAME_READER*)
                0x0000000004002ec0                vid_round_corner_points(int, int, int, int, int, int, int, char, VIP_FRAME_READER*)
                0x00000000040035fc                vid_bres_scan_edges(int, int, int, int, int*)
                0x000000000400383c                vid_draw_triangle(triangle_struct*, VIP_FRAME_READER*)
                0x0000000004003bf0                CopyImage16(short*, short*, short, short, short, short)
                0x0000000004003cdc                CropImage16(short*, short*, short, short, short, short, short, short, short, short)
 .text._Z13vid_draw_lineiiiiiiP16VIP_FRAME_READER
                0x0000000004003e10       0xcc obj/default/graphic_lib/simple_graphics.o
                0x0000000004003e10                vid_draw_line(int, int, int, int, int, int, VIP_FRAME_READER*)
 .text._Z4max3iii
                0x0000000004003edc       0x54 obj/default/graphic_lib/simple_graphics.o
                0x0000000004003edc                max3(int, int, int)
 .text._Z4min3iii
                0x0000000004003f30       0x54 obj/default/graphic_lib/simple_graphics.o
                0x0000000004003f30                min3(int, int, int)
 .text._Z9max_diff3iii
                0x0000000004003f84       0x64 obj/default/graphic_lib/simple_graphics.o
                0x0000000004003f84                max_diff3(int, int, int)
 .text._Z25vid_put_pixel_in_span_mapiiPi
                0x0000000004003fe8      0x104 obj/default/graphic_lib/simple_graphics.o
                0x0000000004003fe8                vid_put_pixel_in_span_map(int, int, int*)
 .text          0x00000000040040ec      0x530 obj/default/graphic_lib/simple_text.o
                0x00000000040040ec                vid_print_string_alpha(int, int, int, int, abc_font_struct*, VIP_FRAME_READER*, char*)
                0x000000000400434c                vid_print_char_alpha(int, int, int, char, int, abc_font_struct*, VIP_FRAME_READER*)
                0x0000000004004534                vid_string_pixel_length_alpha(abc_font_struct*, char*)
 .text._Z23seperate_color_channelsiPhS_S_S_
                0x000000000400461c      0x144 obj/default/graphic_lib/simple_text.o
                0x000000000400461c                seperate_color_channels(int, unsigned char*, unsigned char*, unsigned char*, unsigned char*)
 .text._Z20merge_color_channelsihhhPh
                0x0000000004004760      0x130 obj/default/graphic_lib/simple_text.o
                0x0000000004004760                merge_color_channels(int, unsigned char, unsigned char, unsigned char, unsigned char*)
 .text._Z15read_from_frameiiPhS_S_P16VIP_FRAME_READER
                0x0000000004004890      0x22c obj/default/graphic_lib/simple_text.o
                0x0000000004004890                read_from_frame(int, int, unsigned char*, unsigned char*, unsigned char*, VIP_FRAME_READER*)
 .text._Z14alpha_blendingiiihPhS_S_P16VIP_FRAME_READER
                0x0000000004004abc      0x25c obj/default/graphic_lib/simple_text.o
                0x0000000004004abc                alpha_blending(int, int, int, unsigned char, unsigned char*, unsigned char*, unsigned char*, VIP_FRAME_READER*)
 .text          0x0000000004004d18      0xd40 obj/default/gui_gsensor.o
                0x0000000004004d18                DrawImage(VIP_FRAME_READER*, gimp_image_struct*, int, int)
                0x0000000004004e88                draw_array(unsigned int*, int, int, VIP_FRAME_READER*, int, int, unsigned int)
                0x0000000004004f98                DrawTransparentImage(VIP_FRAME_READER*, gimp_image_struct*, int, int, unsigned int)
                0x0000000004005060                InitBackGround(VIP_FRAME_READER*)
                0x00000000040050fc                Get_light(unsigned short*, unsigned short*)
                0x00000000040051e0                GUI_GSensor(MTC2_INFO*)
 .text          0x0000000004005a58        0x0 obj/default/images/H_Bar.o
 .text          0x0000000004005a58        0x0 obj/default/images/V_Bar.o
 .text          0x0000000004005a58        0x0 obj/default/images/ball.o
 .text          0x0000000004005a58        0x0 obj/default/images/ball_water.o
 .text          0x0000000004005a58        0x0 obj/default/images/bar.o
 .text          0x0000000004005a58        0x0 obj/default/images/bright.o
 .text          0x0000000004005a58        0x0 obj/default/images/dot.o
 .text          0x0000000004005a58        0x0 obj/default/images/h_Bar_Line.o
 .text          0x0000000004005a58        0x0 obj/default/images/h_bar_water.o
 .text          0x0000000004005a58        0x0 obj/default/images/ring.o
 .text          0x0000000004005a58        0x0 obj/default/images/v_Bar_Line.o
 .text          0x0000000004005a58        0x0 obj/default/images/v_bar_water.o
 .text          0x0000000004005a58       0x90 obj/default/main.o
                0x0000000004005a58                main
 .text          0x0000000004005ae8     0x14b4 obj/default/mpu9250.o
                0x0000000004005ae8                MPU9250::MPU9250(unsigned long, unsigned char)
                0x0000000004005ae8                MPU9250::MPU9250(unsigned long, unsigned char)
                0x0000000004005b70                MPU9250::WriteReg(unsigned char, unsigned char)
                0x0000000004005c1c                MPU9250::ReadReg(unsigned char, unsigned char)
                0x0000000004005c94                MPU9250::ReadRegs(unsigned char, unsigned char*, unsigned int)
                0x0000000004005d08                MPU9250::testConnection()
                0x0000000004005d5c                MPU9250::initialize(int, int)
                0x0000000004005f38                MPU9250::set_acc_scale(int)
                0x0000000004006064                MPU9250::set_gyro_scale(int)
                0x0000000004006198                MPU9250::whoami()
                0x00000000040061d8                MPU9250::read_acc()
                0x000000000400634c                MPU9250::read_gyro()
                0x00000000040064c0                MPU9250::read_temp()
                0x00000000040065a0                MPU9250::calib_acc()
                0x00000000040066a8                MPU9250::AK8963_whoami()
                0x0000000004006720                MPU9250::calib_mag()
                0x0000000004006850                MPU9250::read_mag()
                0x0000000004006994                MPU9250::read_all()
                0x0000000004006e24                MPU9250::getMotion9(float*, float*, float*, float*, float*, float*, float*, float*, float*)
                0x0000000004006ef4                MPU9250::getMotion6(float*, float*, float*, float*, float*, float*)
 .text          0x0000000004006f9c      0xf50 obj/default/terasic_lib/I2C_core.o
                0x0000000004006f9c                Write32_Data(long, long, long)
                0x0000000004006ff4                Read32_Data(long, long, long*)
                0x000000000400704c                oc_i2c_init(long)
                0x00000000040070ac                oc_i2c_init_ex(long, long, long)
                0x00000000040071f8                oc_i2c_uninit(long)
                0x0000000004007284                ACK_single_check(long)
                0x0000000004007310                ACK_check(long)
                0x00000000040073ac                OC_I2C_Write(long, unsigned char, unsigned char, unsigned char*, int)
                0x00000000040075f8                ACK_judge_for_read(long)
                0x000000000400765c                OC_I2C_Read(long, unsigned char, unsigned char, unsigned char*, int)
                0x0000000004007848                OC_I2C_Read_Continue(long, unsigned char, unsigned char*, int)
                0x0000000004007990                OC_I2CL_Write(long, unsigned char, unsigned short, unsigned char*, int)
                0x0000000004007bfc                OC_I2CL_Read(long, unsigned char, unsigned short, unsigned char*, int)
 .text          0x0000000004007eec      0x688 obj/default/terasic_lib/light_sensor.o
                0x0000000004007eec                Light_Init(unsigned long)
                0x0000000004007f54                Light_GetID(unsigned char*)
                0x0000000004007fb8                Light_GetTiming(unsigned char*)
                0x000000000400801c                Light_PowerSwitch(bool)
                0x000000000400808c                Light_Get_ADCData0(unsigned short*)
                0x0000000004008184                Light_Get_ADCData1(unsigned short*)
                0x000000000400827c                Light_SetThreshLow(unsigned char*)
                0x00000000040082c8                Light_SetThreshHigh(unsigned char*)
                0x0000000004008314                Light_SetInterrupt(unsigned char)
                0x0000000004008368                Light_GetInterrupt(unsigned char*)
                0x00000000040083cc                Light_SetTiming(unsigned char)
                0x0000000004008420                I2C_Write_Light(signed char, unsigned char, unsigned char)
                0x0000000004008494                I2C_Write_Light16(signed char, unsigned char, unsigned char*)
                0x0000000004008504                I2C_Read_Light(signed char, unsigned char, unsigned char*)
 .text          0x0000000004008574      0x708 obj/default/terasic_lib/multi_touch2.o
                0x0000000004008950                MTC2_Init(unsigned long, unsigned long, unsigned long, unsigned long)
                0x0000000004008a88                MTC2_UnInit(MTC2_INFO*)
                0x0000000004008ad4                MTC2_GetStatus(MTC2_INFO*, unsigned char*, unsigned char*, int*, int*, int*, int*, int*, int*, int*, int*, int*, int*)
                0x0000000004008c40                MTC2_ClearEvent(MTC2_INFO*)
 .text          0x0000000004008c7c      0x2a8 obj/default/terasic_lib/queue.o
                0x0000000004008c7c                QUEUE_New(int)
                0x0000000004008cec                QUEUE_Delete(QUEUE_STRUCT*)
                0x0000000004008d20                QUEUE_IsEmpty(QUEUE_STRUCT*)
                0x0000000004008d60                QUEUE_IsFull(QUEUE_STRUCT*)
                0x0000000004008dc4                QUEUE_Push(QUEUE_STRUCT*, unsigned long)
                0x0000000004008e5c                QUEUE_Pop(QUEUE_STRUCT*)
                0x0000000004008ef0                QUEUE_Empty(QUEUE_STRUCT*)
 .text          0x0000000004008f24      0x728 obj/default/vip_fr.o
                0x0000000004008f24                VIPFR_Init(unsigned long, void*, void*, unsigned long, unsigned long)
                0x0000000004008ffc                VIPFR_UnInit(VIP_FRAME_READER*)
                0x0000000004009038                VIPFR_SetFrameSize(VIP_FRAME_READER*, int, int)
                0x000000000400914c                VIPFR_Go(VIP_FRAME_READER*, bool)
                0x000000000400919c                VIPFR_GetDrawFrame(VIP_FRAME_READER*)
                0x00000000040091e0                VIPFR_ActiveDrawFrame(VIP_FRAME_READER*)
                0x000000000400926c                DRAW_EraseScreen(VIP_FRAME_READER*, unsigned long)
                0x00000000040092dc                FrameReader_SetFrame0(unsigned long, unsigned long, unsigned long, unsigned long, unsigned long, unsigned long, unsigned long)
                0x0000000004009384                FrameReader_SetFrame1(unsigned long, unsigned long, unsigned long, unsigned long, unsigned long, unsigned long, unsigned long)
                0x000000000400942c                FrameReader_SelectFrame(unsigned long, unsigned char)
                0x000000000400946c                FrameReader_Go(unsigned long, bool)
                0x00000000040094b4                VIPFR_GetFrameSize(VIP_FRAME_READER*)
                0x00000000040094fc                VIPFR_ReadDrawFrame(VIP_FRAME_READER*, void*)
                0x0000000004009550                VIPFR_WriteDrawFrame(VIP_FRAME_READER*, void*)
                0x00000000040095a4                VIPFR_ReserveBackground(VIP_FRAME_READER*)
 .text          0x000000000400964c        0x0 e:/intelfpga/16.1/nios2eds/bin/gnu/h-x86_64-mingw32/bin/../lib/gcc/nios2-elf/5.3.0/../../../../../H-x86_64-mingw32/nios2-elf/lib\libm.a(lib_a-s_atan.o)
 .text.atan     0x000000000400964c      0x588 e:/intelfpga/16.1/nios2eds/bin/gnu/h-x86_64-mingw32/bin/../lib/gcc/nios2-elf/5.3.0/../../../../../H-x86_64-mingw32/nios2-elf/lib\libm.a(lib_a-s_atan.o)
                0x000000000400964c                atan
 .text          0x0000000004009bd4        0x0 e:/intelfpga/16.1/nios2eds/bin/gnu/h-x86_64-mingw32/bin/../lib/gcc/nios2-elf/5.3.0/../../../../../H-x86_64-mingw32/nios2-elf/lib\libm.a(lib_a-s_fabs.o)
 .text.fabs     0x0000000004009bd4       0x14 e:/intelfpga/16.1/nios2eds/bin/gnu/h-x86_64-mingw32/bin/../lib/gcc/nios2-elf/5.3.0/../../../../../H-x86_64-mingw32/nios2-elf/lib\libm.a(lib_a-s_fabs.o)
                0x0000000004009bd4                fabs
 .text          0x0000000004009be8        0x0 e:/intelfpga/16.1/nios2eds/bin/gnu/h-x86_64-mingw32/bin/../lib/gcc/nios2-elf/5.3.0/../../../../../H-x86_64-mingw32/nios2-elf/lib\libm.a(lib_a-w_sqrt.o)
 .text.sqrt     0x0000000004009be8      0x130 e:/intelfpga/16.1/nios2eds/bin/gnu/h-x86_64-mingw32/bin/../lib/gcc/nios2-elf/5.3.0/../../../../../H-x86_64-mingw32/nios2-elf/lib\libm.a(lib_a-w_sqrt.o)
                0x0000000004009be8                sqrt
 .text          0x0000000004009d18        0x0 e:/intelfpga/16.1/nios2eds/bin/gnu/h-x86_64-mingw32/bin/../lib/gcc/nios2-elf/5.3.0/../../../../../H-x86_64-mingw32/nios2-elf/lib\libm.a(lib_a-e_sqrt.o)
 .text.__ieee754_sqrt
                0x0000000004009d18      0x288 e:/intelfpga/16.1/nios2eds/bin/gnu/h-x86_64-mingw32/bin/../lib/gcc/nios2-elf/5.3.0/../../../../../H-x86_64-mingw32/nios2-elf/lib\libm.a(lib_a-e_sqrt.o)
                0x0000000004009d18                __ieee754_sqrt
 .text          0x0000000004009fa0        0x0 e:/intelfpga/16.1/nios2eds/bin/gnu/h-x86_64-mingw32/bin/../lib/gcc/nios2-elf/5.3.0/../../../../../H-x86_64-mingw32/nios2-elf/lib\libm.a(lib_a-s_fpclassify.o)
 .text.__fpclassifyd
                0x0000000004009fa0       0x74 e:/intelfpga/16.1/nios2eds/bin/gnu/h-x86_64-mingw32/bin/../lib/gcc/nios2-elf/5.3.0/../../../../../H-x86_64-mingw32/nios2-elf/lib\libm.a(lib_a-s_fpclassify.o)
                0x0000000004009fa0                __fpclassifyd
 .text          0x000000000400a014        0x0 e:/intelfpga/16.1/nios2eds/bin/gnu/h-x86_64-mingw32/bin/../lib/gcc/nios2-elf/5.3.0/../../../../../H-x86_64-mingw32/nios2-elf/lib\libm.a(lib_a-s_lib_ver.o)
 .text          0x000000000400a014        0x0 e:/intelfpga/16.1/nios2eds/bin/gnu/h-x86_64-mingw32/bin/../lib/gcc/nios2-elf/5.3.0/../../../../../H-x86_64-mingw32/nios2-elf/lib\libm.a(lib_a-s_matherr.o)
 .text.matherr  0x000000000400a014        0x8 e:/intelfpga/16.1/nios2eds/bin/gnu/h-x86_64-mingw32/bin/../lib/gcc/nios2-elf/5.3.0/../../../../../H-x86_64-mingw32/nios2-elf/lib\libm.a(lib_a-s_matherr.o)
                0x000000000400a014                matherr
 .text          0x000000000400a01c      0x1b4 e:/intelfpga/16.1/nios2eds/bin/gnu/h-x86_64-mingw32/bin/../lib/gcc/nios2-elf/5.3.0\libgcc.a(lib2-divmod.o)
                0x000000000400a01c                __divsi3
                0x000000000400a0a0                __modsi3
                0x000000000400a114                __udivsi3
                0x000000000400a178                __umodsi3
 .text          0x000000000400a1d0      0x4c8 e:/intelfpga/16.1/nios2eds/bin/gnu/h-x86_64-mingw32/bin/../lib/gcc/nios2-elf/5.3.0\libgcc.a(addsf3.o)
                0x000000000400a1d0                __addsf3
 .text          0x000000000400a698      0x440 e:/intelfpga/16.1/nios2eds/bin/gnu/h-x86_64-mingw32/bin/../lib/gcc/nios2-elf/5.3.0\libgcc.a(divsf3.o)
                0x000000000400a698                __divsf3
 .text          0x000000000400aad8       0x78 e:/intelfpga/16.1/nios2eds/bin/gnu/h-x86_64-mingw32/bin/../lib/gcc/nios2-elf/5.3.0\libgcc.a(eqsf2.o)
                0x000000000400aad8                __eqsf2
                0x000000000400aad8                __nesf2
 .text          0x000000000400ab50      0x3fc e:/intelfpga/16.1/nios2eds/bin/gnu/h-x86_64-mingw32/bin/../lib/gcc/nios2-elf/5.3.0\libgcc.a(mulsf3.o)
                0x000000000400ab50                __mulsf3
 .text          0x000000000400af4c      0x4e4 e:/intelfpga/16.1/nios2eds/bin/gnu/h-x86_64-mingw32/bin/../lib/gcc/nios2-elf/5.3.0\libgcc.a(subsf3.o)
                0x000000000400af4c                __subsf3
 .text          0x000000000400b430       0x70 e:/intelfpga/16.1/nios2eds/bin/gnu/h-x86_64-mingw32/bin/../lib/gcc/nios2-elf/5.3.0\libgcc.a(fixsfsi.o)
                0x000000000400b430                __fixsfsi
 .text          0x000000000400b4a0      0x124 e:/intelfpga/16.1/nios2eds/bin/gnu/h-x86_64-mingw32/bin/../lib/gcc/nios2-elf/5.3.0\libgcc.a(floatsisf.o)
                0x000000000400b4a0                __floatsisf
 .text          0x000000000400b5c4       0xf0 e:/intelfpga/16.1/nios2eds/bin/gnu/h-x86_64-mingw32/bin/../lib/gcc/nios2-elf/5.3.0\libgcc.a(floatunsisf.o)
                0x000000000400b5c4                __floatunsisf
 .text          0x000000000400b6b4      0x8ac e:/intelfpga/16.1/nios2eds/bin/gnu/h-x86_64-mingw32/bin/../lib/gcc/nios2-elf/5.3.0\libgcc.a(adddf3.o)
                0x000000000400b6b4                __adddf3
 .text          0x000000000400bf60      0x8e8 e:/intelfpga/16.1/nios2eds/bin/gnu/h-x86_64-mingw32/bin/../lib/gcc/nios2-elf/5.3.0\libgcc.a(divdf3.o)
                0x000000000400bf60                __divdf3
 .text          0x000000000400c848       0xdc e:/intelfpga/16.1/nios2eds/bin/gnu/h-x86_64-mingw32/bin/../lib/gcc/nios2-elf/5.3.0\libgcc.a(gedf2.o)
                0x000000000400c848                __gedf2
                0x000000000400c848                __gtdf2
 .text          0x000000000400c924       0xf4 e:/intelfpga/16.1/nios2eds/bin/gnu/h-x86_64-mingw32/bin/../lib/gcc/nios2-elf/5.3.0\libgcc.a(ledf2.o)
                0x000000000400c924                __ledf2
                0x000000000400c924                __ltdf2
 .text          0x000000000400ca18      0x718 e:/intelfpga/16.1/nios2eds/bin/gnu/h-x86_64-mingw32/bin/../lib/gcc/nios2-elf/5.3.0\libgcc.a(muldf3.o)
                0x000000000400ca18                __muldf3
 .text          0x000000000400d130      0x8fc e:/intelfpga/16.1/nios2eds/bin/gnu/h-x86_64-mingw32/bin/../lib/gcc/nios2-elf/5.3.0\libgcc.a(subdf3.o)
                0x000000000400d130                __subdf3
 .text          0x000000000400da2c       0x80 e:/intelfpga/16.1/nios2eds/bin/gnu/h-x86_64-mingw32/bin/../lib/gcc/nios2-elf/5.3.0\libgcc.a(fixdfsi.o)
                0x000000000400da2c                __fixdfsi
 .text          0x000000000400daac       0xdc e:/intelfpga/16.1/nios2eds/bin/gnu/h-x86_64-mingw32/bin/../lib/gcc/nios2-elf/5.3.0\libgcc.a(floatsidf.o)
                0x000000000400daac                __floatsidf
 .text          0x000000000400db88      0x110 e:/intelfpga/16.1/nios2eds/bin/gnu/h-x86_64-mingw32/bin/../lib/gcc/nios2-elf/5.3.0\libgcc.a(extendsfdf2.o)
                0x000000000400db88                __extendsfdf2
 .text          0x000000000400dc98      0x1a8 e:/intelfpga/16.1/nios2eds/bin/gnu/h-x86_64-mingw32/bin/../lib/gcc/nios2-elf/5.3.0\libgcc.a(truncdfsf2.o)
                0x000000000400dc98                __truncdfsf2
 .text          0x000000000400de40       0x64 e:/intelfpga/16.1/nios2eds/bin/gnu/h-x86_64-mingw32/bin/../lib/gcc/nios2-elf/5.3.0\libgcc.a(_clzsi2.o)
                0x000000000400de40                __clzsi2
 .text          0x000000000400dea4        0x0 e:/intelfpga/16.1/nios2eds/bin/gnu/h-x86_64-mingw32/bin/../lib/gcc/nios2-elf/5.3.0\libgcc.a(_clz.o)
 .text          0x000000000400dea4        0x0 e:/intelfpga/16.1/nios2eds/bin/gnu/h-x86_64-mingw32/bin/../lib/gcc/nios2-elf/5.3.0/../../../../../H-x86_64-mingw32/nios2-elf/lib\libc.a(lib_a-errno.o)
 .text.__errno  0x000000000400dea4       0x10 e:/intelfpga/16.1/nios2eds/bin/gnu/h-x86_64-mingw32/bin/../lib/gcc/nios2-elf/5.3.0/../../../../../H-x86_64-mingw32/nios2-elf/lib\libc.a(lib_a-errno.o)
                0x000000000400dea4                __errno
 .text          0x000000000400deb4        0x0 e:/intelfpga/16.1/nios2eds/bin/gnu/h-x86_64-mingw32/bin/../lib/gcc/nios2-elf/5.3.0/../../../../../H-x86_64-mingw32/nios2-elf/lib\libc.a(lib_a-impure.o)
 .text          0x000000000400deb4        0x0 e:/intelfpga/16.1/nios2eds/bin/gnu/h-x86_64-mingw32/bin/../lib/gcc/nios2-elf/5.3.0/../../../../../H-x86_64-mingw32/nios2-elf/lib\libc.a(lib_a-malloc.o)
 .text.malloc   0x000000000400deb4       0x14 e:/intelfpga/16.1/nios2eds/bin/gnu/h-x86_64-mingw32/bin/../lib/gcc/nios2-elf/5.3.0/../../../../../H-x86_64-mingw32/nios2-elf/lib\libc.a(lib_a-malloc.o)
                0x000000000400deb4                malloc
 .text.free     0x000000000400dec8       0x14 e:/intelfpga/16.1/nios2eds/bin/gnu/h-x86_64-mingw32/bin/../lib/gcc/nios2-elf/5.3.0/../../../../../H-x86_64-mingw32/nios2-elf/lib\libc.a(lib_a-malloc.o)
                0x000000000400dec8                free
 .text          0x000000000400dedc        0x0 e:/intelfpga/16.1/nios2eds/bin/gnu/h-x86_64-mingw32/bin/../lib/gcc/nios2-elf/5.3.0/../../../../../H-x86_64-mingw32/nios2-elf/lib\libc.a(lib_a-mallocr.o)
 .text._malloc_r
                0x000000000400dedc      0x80c e:/intelfpga/16.1/nios2eds/bin/gnu/h-x86_64-mingw32/bin/../lib/gcc/nios2-elf/5.3.0/../../../../../H-x86_64-mingw32/nios2-elf/lib\libc.a(lib_a-mallocr.o)
                0x000000000400dedc                _malloc_r
 .text          0x000000000400e6e8        0x0 e:/intelfpga/16.1/nios2eds/bin/gnu/h-x86_64-mingw32/bin/../lib/gcc/nios2-elf/5.3.0/../../../../../H-x86_64-mingw32/nios2-elf/lib\libc.a(lib_a-memcpy.o)
 .text.memcpy   0x000000000400e6e8      0x148 e:/intelfpga/16.1/nios2eds/bin/gnu/h-x86_64-mingw32/bin/../lib/gcc/nios2-elf/5.3.0/../../../../../H-x86_64-mingw32/nios2-elf/lib\libc.a(lib_a-memcpy.o)
                0x000000000400e6e8                memcpy
 .text          0x000000000400e830        0x0 e:/intelfpga/16.1/nios2eds/bin/gnu/h-x86_64-mingw32/bin/../lib/gcc/nios2-elf/5.3.0/../../../../../H-x86_64-mingw32/nios2-elf/lib\libc.a(lib_a-memset.o)
 .text.memset   0x000000000400e830      0x128 e:/intelfpga/16.1/nios2eds/bin/gnu/h-x86_64-mingw32/bin/../lib/gcc/nios2-elf/5.3.0/../../../../../H-x86_64-mingw32/nios2-elf/lib\libc.a(lib_a-memset.o)
                0x000000000400e830                memset
 .text          0x000000000400e958        0x0 e:/intelfpga/16.1/nios2eds/bin/gnu/h-x86_64-mingw32/bin/../lib/gcc/nios2-elf/5.3.0/../../../../../H-x86_64-mingw32/nios2-elf/lib\libc.a(lib_a-printf.o)
 .text._printf_r
                0x000000000400e958       0x30 e:/intelfpga/16.1/nios2eds/bin/gnu/h-x86_64-mingw32/bin/../lib/gcc/nios2-elf/5.3.0/../../../../../H-x86_64-mingw32/nios2-elf/lib\libc.a(lib_a-printf.o)
                0x000000000400e958                _printf_r
 .text.printf   0x000000000400e988       0x3c e:/intelfpga/16.1/nios2eds/bin/gnu/h-x86_64-mingw32/bin/../lib/gcc/nios2-elf/5.3.0/../../../../../H-x86_64-mingw32/nios2-elf/lib\libc.a(lib_a-printf.o)
                0x000000000400e988                printf
 .text          0x000000000400e9c4        0x0 e:/intelfpga/16.1/nios2eds/bin/gnu/h-x86_64-mingw32/bin/../lib/gcc/nios2-elf/5.3.0/../../../../../H-x86_64-mingw32/nios2-elf/lib\libc.a(lib_a-puts.o)
 .text._puts_r  0x000000000400e9c4       0xc0 e:/intelfpga/16.1/nios2eds/bin/gnu/h-x86_64-mingw32/bin/../lib/gcc/nios2-elf/5.3.0/../../../../../H-x86_64-mingw32/nios2-elf/lib\libc.a(lib_a-puts.o)
                0x000000000400e9c4                _puts_r
 .text.puts     0x000000000400ea84       0x14 e:/intelfpga/16.1/nios2eds/bin/gnu/h-x86_64-mingw32/bin/../lib/gcc/nios2-elf/5.3.0/../../../../../H-x86_64-mingw32/nios2-elf/lib\libc.a(lib_a-puts.o)
                0x000000000400ea84                puts
 .text          0x000000000400ea98        0x0 e:/intelfpga/16.1/nios2eds/bin/gnu/h-x86_64-mingw32/bin/../lib/gcc/nios2-elf/5.3.0/../../../../../H-x86_64-mingw32/nios2-elf/lib\libc.a(lib_a-sbrkr.o)
 .text._sbrk_r  0x000000000400ea98       0x54 e:/intelfpga/16.1/nios2eds/bin/gnu/h-x86_64-mingw32/bin/../lib/gcc/nios2-elf/5.3.0/../../../../../H-x86_64-mingw32/nios2-elf/lib\libc.a(lib_a-sbrkr.o)
                0x000000000400ea98                _sbrk_r
 .text          0x000000000400eaec        0x0 e:/intelfpga/16.1/nios2eds/bin/gnu/h-x86_64-mingw32/bin/../lib/gcc/nios2-elf/5.3.0/../../../../../H-x86_64-mingw32/nios2-elf/lib\libc.a(lib_a-sprintf.o)
 .text._sprintf_r
                0x000000000400eaec       0x58 e:/intelfpga/16.1/nios2eds/bin/gnu/h-x86_64-mingw32/bin/../lib/gcc/nios2-elf/5.3.0/../../../../../H-x86_64-mingw32/nios2-elf/lib\libc.a(lib_a-sprintf.o)
                0x000000000400eaec                _sprintf_r
 .text.sprintf  0x000000000400eb44       0x6c e:/intelfpga/16.1/nios2eds/bin/gnu/h-x86_64-mingw32/bin/../lib/gcc/nios2-elf/5.3.0/../../../../../H-x86_64-mingw32/nios2-elf/lib\libc.a(lib_a-sprintf.o)
                0x000000000400eb44                sprintf
 .text          0x000000000400ebb0        0x0 e:/intelfpga/16.1/nios2eds/bin/gnu/h-x86_64-mingw32/bin/../lib/gcc/nios2-elf/5.3.0/../../../../../H-x86_64-mingw32/nios2-elf/lib\libc.a(lib_a-strcpy.o)
 .text.strcpy   0x000000000400ebb0       0x90 e:/intelfpga/16.1/nios2eds/bin/gnu/h-x86_64-mingw32/bin/../lib/gcc/nios2-elf/5.3.0/../../../../../H-x86_64-mingw32/nios2-elf/lib\libc.a(lib_a-strcpy.o)
                0x000000000400ebb0                strcpy
 .text          0x000000000400ec40        0x0 e:/intelfpga/16.1/nios2eds/bin/gnu/h-x86_64-mingw32/bin/../lib/gcc/nios2-elf/5.3.0/../../../../../H-x86_64-mingw32/nios2-elf/lib\libc.a(lib_a-strlen.o)
 .text.strlen   0x000000000400ec40       0x98 e:/intelfpga/16.1/nios2eds/bin/gnu/h-x86_64-mingw32/bin/../lib/gcc/nios2-elf/5.3.0/../../../../../H-x86_64-mingw32/nios2-elf/lib\libc.a(lib_a-strlen.o)
                0x000000000400ec40                strlen
 .text          0x000000000400ecd8        0x0 e:/intelfpga/16.1/nios2eds/bin/gnu/h-x86_64-mingw32/bin/../lib/gcc/nios2-elf/5.3.0/../../../../../H-x86_64-mingw32/nios2-elf/lib\libc.a(lib_a-svfprintf.o)
 .text.___svfprintf_internal_r
                0x000000000400ecd8     0x21d8 e:/intelfpga/16.1/nios2eds/bin/gnu/h-x86_64-mingw32/bin/../lib/gcc/nios2-elf/5.3.0/../../../../../H-x86_64-mingw32/nios2-elf/lib\libc.a(lib_a-svfprintf.o)
                0x000000000400ecd8                ___svfprintf_internal_r
 .text          0x0000000004010eb0        0x0 e:/intelfpga/16.1/nios2eds/bin/gnu/h-x86_64-mingw32/bin/../lib/gcc/nios2-elf/5.3.0/../../../../../H-x86_64-mingw32/nios2-elf/lib\libc.a(lib_a-vfprintf.o)
 .text.___vfprintf_internal_r
                0x0000000004010eb0     0x21f8 e:/intelfpga/16.1/nios2eds/bin/gnu/h-x86_64-mingw32/bin/../lib/gcc/nios2-elf/5.3.0/../../../../../H-x86_64-mingw32/nios2-elf/lib\libc.a(lib_a-vfprintf.o)
                0x0000000004010eb0                ___vfprintf_internal_r
 .text.__vfprintf_internal
                0x00000000040130a8       0x1c e:/intelfpga/16.1/nios2eds/bin/gnu/h-x86_64-mingw32/bin/../lib/gcc/nios2-elf/5.3.0/../../../../../H-x86_64-mingw32/nios2-elf/lib\libc.a(lib_a-vfprintf.o)
                0x00000000040130a8                __vfprintf_internal
 .text.__sbprintf
                0x00000000040130c4       0xbc e:/intelfpga/16.1/nios2eds/bin/gnu/h-x86_64-mingw32/bin/../lib/gcc/nios2-elf/5.3.0/../../../../../H-x86_64-mingw32/nios2-elf/lib\libc.a(lib_a-vfprintf.o)
 .text          0x0000000004013180        0x0 e:/intelfpga/16.1/nios2eds/bin/gnu/h-x86_64-mingw32/bin/../lib/gcc/nios2-elf/5.3.0/../../../../../H-x86_64-mingw32/nios2-elf/lib\libc.a(lib_a-wsetup.o)
 .text.__swsetup_r
                0x0000000004013180      0x154 e:/intelfpga/16.1/nios2eds/bin/gnu/h-x86_64-mingw32/bin/../lib/gcc/nios2-elf/5.3.0/../../../../../H-x86_64-mingw32/nios2-elf/lib\libc.a(lib_a-wsetup.o)
                0x0000000004013180                __swsetup_r
 .text          0x00000000040132d4        0x0 e:/intelfpga/16.1/nios2eds/bin/gnu/h-x86_64-mingw32/bin/../lib/gcc/nios2-elf/5.3.0/../../../../../H-x86_64-mingw32/nios2-elf/lib\libc.a(lib_a-dtoa.o)
 .text.quorem   0x00000000040132d4      0x200 e:/intelfpga/16.1/nios2eds/bin/gnu/h-x86_64-mingw32/bin/../lib/gcc/nios2-elf/5.3.0/../../../../../H-x86_64-mingw32/nios2-elf/lib\libc.a(lib_a-dtoa.o)
 .text._dtoa_r  0x00000000040134d4     0x1688 e:/intelfpga/16.1/nios2eds/bin/gnu/h-x86_64-mingw32/bin/../lib/gcc/nios2-elf/5.3.0/../../../../../H-x86_64-mingw32/nios2-elf/lib\libc.a(lib_a-dtoa.o)
                0x00000000040134d4                _dtoa_r
 .text          0x0000000004014b5c        0x0 e:/intelfpga/16.1/nios2eds/bin/gnu/h-x86_64-mingw32/bin/../lib/gcc/nios2-elf/5.3.0/../../../../../H-x86_64-mingw32/nios2-elf/lib\libc.a(lib_a-fflush.o)
 .text.__sflush_r
                0x0000000004014b5c      0x21c e:/intelfpga/16.1/nios2eds/bin/gnu/h-x86_64-mingw32/bin/../lib/gcc/nios2-elf/5.3.0/../../../../../H-x86_64-mingw32/nios2-elf/lib\libc.a(lib_a-fflush.o)
                0x0000000004014b5c                __sflush_r
 .text._fflush_r
                0x0000000004014d78       0x5c e:/intelfpga/16.1/nios2eds/bin/gnu/h-x86_64-mingw32/bin/../lib/gcc/nios2-elf/5.3.0/../../../../../H-x86_64-mingw32/nios2-elf/lib\libc.a(lib_a-fflush.o)
                0x0000000004014d78                _fflush_r
 .text.fflush   0x0000000004014dd4       0x30 e:/intelfpga/16.1/nios2eds/bin/gnu/h-x86_64-mingw32/bin/../lib/gcc/nios2-elf/5.3.0/../../../../../H-x86_64-mingw32/nios2-elf/lib\libc.a(lib_a-fflush.o)
                0x0000000004014dd4                fflush
 .text          0x0000000004014e04        0x0 e:/intelfpga/16.1/nios2eds/bin/gnu/h-x86_64-mingw32/bin/../lib/gcc/nios2-elf/5.3.0/../../../../../H-x86_64-mingw32/nios2-elf/lib\libc.a(lib_a-findfp.o)
 .text.__fp_unlock
                0x0000000004014e04        0x8 e:/intelfpga/16.1/nios2eds/bin/gnu/h-x86_64-mingw32/bin/../lib/gcc/nios2-elf/5.3.0/../../../../../H-x86_64-mingw32/nios2-elf/lib\libc.a(lib_a-findfp.o)
 .text._cleanup_r
                0x0000000004014e0c        0xc e:/intelfpga/16.1/nios2eds/bin/gnu/h-x86_64-mingw32/bin/../lib/gcc/nios2-elf/5.3.0/../../../../../H-x86_64-mingw32/nios2-elf/lib\libc.a(lib_a-findfp.o)
                0x0000000004014e0c                _cleanup_r
 .text.__sinit.part.1
                0x0000000004014e18      0x19c e:/intelfpga/16.1/nios2eds/bin/gnu/h-x86_64-mingw32/bin/../lib/gcc/nios2-elf/5.3.0/../../../../../H-x86_64-mingw32/nios2-elf/lib\libc.a(lib_a-findfp.o)
 .text.__fp_lock
                0x0000000004014fb4        0x8 e:/intelfpga/16.1/nios2eds/bin/gnu/h-x86_64-mingw32/bin/../lib/gcc/nios2-elf/5.3.0/../../../../../H-x86_64-mingw32/nios2-elf/lib\libc.a(lib_a-findfp.o)
 .text.__sfmoreglue
                0x0000000004014fbc       0x68 e:/intelfpga/16.1/nios2eds/bin/gnu/h-x86_64-mingw32/bin/../lib/gcc/nios2-elf/5.3.0/../../../../../H-x86_64-mingw32/nios2-elf/lib\libc.a(lib_a-findfp.o)
                0x0000000004014fbc                __sfmoreglue
 .text.__sfp    0x0000000004015024      0x118 e:/intelfpga/16.1/nios2eds/bin/gnu/h-x86_64-mingw32/bin/../lib/gcc/nios2-elf/5.3.0/../../../../../H-x86_64-mingw32/nios2-elf/lib\libc.a(lib_a-findfp.o)
                0x0000000004015024                __sfp
 .text._cleanup
                0x000000000401513c       0x18 e:/intelfpga/16.1/nios2eds/bin/gnu/h-x86_64-mingw32/bin/../lib/gcc/nios2-elf/5.3.0/../../../../../H-x86_64-mingw32/nios2-elf/lib\libc.a(lib_a-findfp.o)
                0x000000000401513c                _cleanup
 .text.__sinit  0x0000000004015154       0x10 e:/intelfpga/16.1/nios2eds/bin/gnu/h-x86_64-mingw32/bin/../lib/gcc/nios2-elf/5.3.0/../../../../../H-x86_64-mingw32/nios2-elf/lib\libc.a(lib_a-findfp.o)
                0x0000000004015154                __sinit
 .text.__sfp_lock_acquire
                0x0000000004015164        0x4 e:/intelfpga/16.1/nios2eds/bin/gnu/h-x86_64-mingw32/bin/../lib/gcc/nios2-elf/5.3.0/../../../../../H-x86_64-mingw32/nios2-elf/lib\libc.a(lib_a-findfp.o)
                0x0000000004015164                __sfp_lock_acquire
 .text.__sfp_lock_release
                0x0000000004015168        0x4 e:/intelfpga/16.1/nios2eds/bin/gnu/h-x86_64-mingw32/bin/../lib/gcc/nios2-elf/5.3.0/../../../../../H-x86_64-mingw32/nios2-elf/lib\libc.a(lib_a-findfp.o)
                0x0000000004015168                __sfp_lock_release
 .text.__sinit_lock_acquire
                0x000000000401516c        0x4 e:/intelfpga/16.1/nios2eds/bin/gnu/h-x86_64-mingw32/bin/../lib/gcc/nios2-elf/5.3.0/../../../../../H-x86_64-mingw32/nios2-elf/lib\libc.a(lib_a-findfp.o)
                0x000000000401516c                __sinit_lock_acquire
 .text.__sinit_lock_release
                0x0000000004015170        0x4 e:/intelfpga/16.1/nios2eds/bin/gnu/h-x86_64-mingw32/bin/../lib/gcc/nios2-elf/5.3.0/../../../../../H-x86_64-mingw32/nios2-elf/lib\libc.a(lib_a-findfp.o)
                0x0000000004015170                __sinit_lock_release
 .text.__fp_lock_all
                0x0000000004015174       0x18 e:/intelfpga/16.1/nios2eds/bin/gnu/h-x86_64-mingw32/bin/../lib/gcc/nios2-elf/5.3.0/../../../../../H-x86_64-mingw32/nios2-elf/lib\libc.a(lib_a-findfp.o)
                0x0000000004015174                __fp_lock_all
 .text.__fp_unlock_all
                0x000000000401518c       0x18 e:/intelfpga/16.1/nios2eds/bin/gnu/h-x86_64-mingw32/bin/../lib/gcc/nios2-elf/5.3.0/../../../../../H-x86_64-mingw32/nios2-elf/lib\libc.a(lib_a-findfp.o)
                0x000000000401518c                __fp_unlock_all
 .text          0x00000000040151a4        0x0 e:/intelfpga/16.1/nios2eds/bin/gnu/h-x86_64-mingw32/bin/../lib/gcc/nios2-elf/5.3.0/../../../../../H-x86_64-mingw32/nios2-elf/lib\libc.a(lib_a-freer.o)
 .text._malloc_trim_r
                0x00000000040151a4      0x124 e:/intelfpga/16.1/nios2eds/bin/gnu/h-x86_64-mingw32/bin/../lib/gcc/nios2-elf/5.3.0/../../../../../H-x86_64-mingw32/nios2-elf/lib\libc.a(lib_a-freer.o)
                0x00000000040151a4                _malloc_trim_r
 .text._free_r  0x00000000040152c8      0x310 e:/intelfpga/16.1/nios2eds/bin/gnu/h-x86_64-mingw32/bin/../lib/gcc/nios2-elf/5.3.0/../../../../../H-x86_64-mingw32/nios2-elf/lib\libc.a(lib_a-freer.o)
                0x00000000040152c8                _free_r
 .text          0x00000000040155d8        0x0 e:/intelfpga/16.1/nios2eds/bin/gnu/h-x86_64-mingw32/bin/../lib/gcc/nios2-elf/5.3.0/../../../../../H-x86_64-mingw32/nios2-elf/lib\libc.a(lib_a-fvwrite.o)
 .text.__sfvwrite_r
                0x00000000040155d8      0x4bc e:/intelfpga/16.1/nios2eds/bin/gnu/h-x86_64-mingw32/bin/../lib/gcc/nios2-elf/5.3.0/../../../../../H-x86_64-mingw32/nios2-elf/lib\libc.a(lib_a-fvwrite.o)
                0x00000000040155d8                __sfvwrite_r
 .text          0x0000000004015a94        0x0 e:/intelfpga/16.1/nios2eds/bin/gnu/h-x86_64-mingw32/bin/../lib/gcc/nios2-elf/5.3.0/../../../../../H-x86_64-mingw32/nios2-elf/lib\libc.a(lib_a-fwalk.o)
 .text._fwalk   0x0000000004015a94       0xc4 e:/intelfpga/16.1/nios2eds/bin/gnu/h-x86_64-mingw32/bin/../lib/gcc/nios2-elf/5.3.0/../../../../../H-x86_64-mingw32/nios2-elf/lib\libc.a(lib_a-fwalk.o)
                0x0000000004015a94                _fwalk
 .text._fwalk_reent
                0x0000000004015b58       0xc4 e:/intelfpga/16.1/nios2eds/bin/gnu/h-x86_64-mingw32/bin/../lib/gcc/nios2-elf/5.3.0/../../../../../H-x86_64-mingw32/nios2-elf/lib\libc.a(lib_a-fwalk.o)
                0x0000000004015b58                _fwalk_reent
 .text          0x0000000004015c1c        0x0 e:/intelfpga/16.1/nios2eds/bin/gnu/h-x86_64-mingw32/bin/../lib/gcc/nios2-elf/5.3.0/../../../../../H-x86_64-mingw32/nios2-elf/lib\libc.a(lib_a-int_errno.o)
 .text          0x0000000004015c1c        0x0 e:/intelfpga/16.1/nios2eds/bin/gnu/h-x86_64-mingw32/bin/../lib/gcc/nios2-elf/5.3.0/../../../../../H-x86_64-mingw32/nios2-elf/lib\libc.a(lib_a-locale.o)
 .text._setlocale_r
                0x0000000004015c1c       0x7c e:/intelfpga/16.1/nios2eds/bin/gnu/h-x86_64-mingw32/bin/../lib/gcc/nios2-elf/5.3.0/../../../../../H-x86_64-mingw32/nios2-elf/lib\libc.a(lib_a-locale.o)
                0x0000000004015c1c                _setlocale_r
 .text.__locale_charset
                0x0000000004015c98        0xc e:/intelfpga/16.1/nios2eds/bin/gnu/h-x86_64-mingw32/bin/../lib/gcc/nios2-elf/5.3.0/../../../../../H-x86_64-mingw32/nios2-elf/lib\libc.a(lib_a-locale.o)
                0x0000000004015c98                __locale_charset
 .text.__locale_mb_cur_max
                0x0000000004015ca4       0x10 e:/intelfpga/16.1/nios2eds/bin/gnu/h-x86_64-mingw32/bin/../lib/gcc/nios2-elf/5.3.0/../../../../../H-x86_64-mingw32/nios2-elf/lib\libc.a(lib_a-locale.o)
                0x0000000004015ca4                __locale_mb_cur_max
 .text.__locale_msgcharset
                0x0000000004015cb4        0xc e:/intelfpga/16.1/nios2eds/bin/gnu/h-x86_64-mingw32/bin/../lib/gcc/nios2-elf/5.3.0/../../../../../H-x86_64-mingw32/nios2-elf/lib\libc.a(lib_a-locale.o)
                0x0000000004015cb4                __locale_msgcharset
 .text.__locale_cjk_lang
                0x0000000004015cc0        0x8 e:/intelfpga/16.1/nios2eds/bin/gnu/h-x86_64-mingw32/bin/../lib/gcc/nios2-elf/5.3.0/../../../../../H-x86_64-mingw32/nios2-elf/lib\libc.a(lib_a-locale.o)
                0x0000000004015cc0                __locale_cjk_lang
 .text._localeconv_r
                0x0000000004015cc8        0xc e:/intelfpga/16.1/nios2eds/bin/gnu/h-x86_64-mingw32/bin/../lib/gcc/nios2-elf/5.3.0/../../../../../H-x86_64-mingw32/nios2-elf/lib\libc.a(lib_a-locale.o)
                0x0000000004015cc8                _localeconv_r
 .text.setlocale
                0x0000000004015cd4       0x18 e:/intelfpga/16.1/nios2eds/bin/gnu/h-x86_64-mingw32/bin/../lib/gcc/nios2-elf/5.3.0/../../../../../H-x86_64-mingw32/nios2-elf/lib\libc.a(lib_a-locale.o)
                0x0000000004015cd4                setlocale
 .text.localeconv
                0x0000000004015cec        0xc e:/intelfpga/16.1/nios2eds/bin/gnu/h-x86_64-mingw32/bin/../lib/gcc/nios2-elf/5.3.0/../../../../../H-x86_64-mingw32/nios2-elf/lib\libc.a(lib_a-locale.o)
                0x0000000004015cec                localeconv
 .text          0x0000000004015cf8        0x0 e:/intelfpga/16.1/nios2eds/bin/gnu/h-x86_64-mingw32/bin/../lib/gcc/nios2-elf/5.3.0/../../../../../H-x86_64-mingw32/nios2-elf/lib\libc.a(lib_a-makebuf.o)
 .text.__smakebuf_r
                0x0000000004015cf8      0x1bc e:/intelfpga/16.1/nios2eds/bin/gnu/h-x86_64-mingw32/bin/../lib/gcc/nios2-elf/5.3.0/../../../../../H-x86_64-mingw32/nios2-elf/lib\libc.a(lib_a-makebuf.o)
                0x0000000004015cf8                __smakebuf_r
 .text          0x0000000004015eb4        0x0 e:/intelfpga/16.1/nios2eds/bin/gnu/h-x86_64-mingw32/bin/../lib/gcc/nios2-elf/5.3.0/../../../../../H-x86_64-mingw32/nios2-elf/lib\libc.a(lib_a-memchr.o)
 .text.memchr   0x0000000004015eb4       0xe4 e:/intelfpga/16.1/nios2eds/bin/gnu/h-x86_64-mingw32/bin/../lib/gcc/nios2-elf/5.3.0/../../../../../H-x86_64-mingw32/nios2-elf/lib\libc.a(lib_a-memchr.o)
                0x0000000004015eb4                memchr
 .text          0x0000000004015f98        0x0 e:/intelfpga/16.1/nios2eds/bin/gnu/h-x86_64-mingw32/bin/../lib/gcc/nios2-elf/5.3.0/../../../../../H-x86_64-mingw32/nios2-elf/lib\libc.a(lib_a-memmove.o)
 .text.memmove  0x0000000004015f98      0x15c e:/intelfpga/16.1/nios2eds/bin/gnu/h-x86_64-mingw32/bin/../lib/gcc/nios2-elf/5.3.0/../../../../../H-x86_64-mingw32/nios2-elf/lib\libc.a(lib_a-memmove.o)
                0x0000000004015f98                memmove
 .text          0x00000000040160f4        0x0 e:/intelfpga/16.1/nios2eds/bin/gnu/h-x86_64-mingw32/bin/../lib/gcc/nios2-elf/5.3.0/../../../../../H-x86_64-mingw32/nios2-elf/lib\libc.a(lib_a-mprec.o)
 .text._Balloc  0x00000000040160f4       0xa8 e:/intelfpga/16.1/nios2eds/bin/gnu/h-x86_64-mingw32/bin/../lib/gcc/nios2-elf/5.3.0/../../../../../H-x86_64-mingw32/nios2-elf/lib\libc.a(lib_a-mprec.o)
                0x00000000040160f4                _Balloc
 .text._Bfree   0x000000000401619c       0x28 e:/intelfpga/16.1/nios2eds/bin/gnu/h-x86_64-mingw32/bin/../lib/gcc/nios2-elf/5.3.0/../../../../../H-x86_64-mingw32/nios2-elf/lib\libc.a(lib_a-mprec.o)
                0x000000000401619c                _Bfree
 .text.__multadd
                0x00000000040161c4      0x120 e:/intelfpga/16.1/nios2eds/bin/gnu/h-x86_64-mingw32/bin/../lib/gcc/nios2-elf/5.3.0/../../../../../H-x86_64-mingw32/nios2-elf/lib\libc.a(lib_a-mprec.o)
                0x00000000040161c4                __multadd
 .text.__s2b    0x00000000040162e4      0x104 e:/intelfpga/16.1/nios2eds/bin/gnu/h-x86_64-mingw32/bin/../lib/gcc/nios2-elf/5.3.0/../../../../../H-x86_64-mingw32/nios2-elf/lib\libc.a(lib_a-mprec.o)
                0x00000000040162e4                __s2b
 .text.__hi0bits
                0x00000000040163e8       0x68 e:/intelfpga/16.1/nios2eds/bin/gnu/h-x86_64-mingw32/bin/../lib/gcc/nios2-elf/5.3.0/../../../../../H-x86_64-mingw32/nios2-elf/lib\libc.a(lib_a-mprec.o)
                0x00000000040163e8                __hi0bits
 .text.__lo0bits
                0x0000000004016450       0xb0 e:/intelfpga/16.1/nios2eds/bin/gnu/h-x86_64-mingw32/bin/../lib/gcc/nios2-elf/5.3.0/../../../../../H-x86_64-mingw32/nios2-elf/lib\libc.a(lib_a-mprec.o)
                0x0000000004016450                __lo0bits
 .text.__i2b    0x0000000004016500       0x3c e:/intelfpga/16.1/nios2eds/bin/gnu/h-x86_64-mingw32/bin/../lib/gcc/nios2-elf/5.3.0/../../../../../H-x86_64-mingw32/nios2-elf/lib\libc.a(lib_a-mprec.o)
                0x0000000004016500                __i2b
 .text.__multiply
                0x000000000401653c      0x1f8 e:/intelfpga/16.1/nios2eds/bin/gnu/h-x86_64-mingw32/bin/../lib/gcc/nios2-elf/5.3.0/../../../../../H-x86_64-mingw32/nios2-elf/lib\libc.a(lib_a-mprec.o)
                0x000000000401653c                __multiply
 .text.__pow5mult
                0x0000000004016734      0x140 e:/intelfpga/16.1/nios2eds/bin/gnu/h-x86_64-mingw32/bin/../lib/gcc/nios2-elf/5.3.0/../../../../../H-x86_64-mingw32/nios2-elf/lib\libc.a(lib_a-mprec.o)
                0x0000000004016734                __pow5mult
 .text.__lshift
                0x0000000004016874      0x148 e:/intelfpga/16.1/nios2eds/bin/gnu/h-x86_64-mingw32/bin/../lib/gcc/nios2-elf/5.3.0/../../../../../H-x86_64-mingw32/nios2-elf/lib\libc.a(lib_a-mprec.o)
                0x0000000004016874                __lshift
 .text.__mcmp   0x00000000040169bc       0x60 e:/intelfpga/16.1/nios2eds/bin/gnu/h-x86_64-mingw32/bin/../lib/gcc/nios2-elf/5.3.0/../../../../../H-x86_64-mingw32/nios2-elf/lib\libc.a(lib_a-mprec.o)
                0x00000000040169bc                __mcmp
 .text.__mdiff  0x0000000004016a1c      0x1fc e:/intelfpga/16.1/nios2eds/bin/gnu/h-x86_64-mingw32/bin/../lib/gcc/nios2-elf/5.3.0/../../../../../H-x86_64-mingw32/nios2-elf/lib\libc.a(lib_a-mprec.o)
                0x0000000004016a1c                __mdiff
 .text.__ulp    0x0000000004016c18       0x64 e:/intelfpga/16.1/nios2eds/bin/gnu/h-x86_64-mingw32/bin/../lib/gcc/nios2-elf/5.3.0/../../../../../H-x86_64-mingw32/nios2-elf/lib\libc.a(lib_a-mprec.o)
                0x0000000004016c18                __ulp
 .text.__b2d    0x0000000004016c7c      0x10c e:/intelfpga/16.1/nios2eds/bin/gnu/h-x86_64-mingw32/bin/../lib/gcc/nios2-elf/5.3.0/../../../../../H-x86_64-mingw32/nios2-elf/lib\libc.a(lib_a-mprec.o)
                0x0000000004016c7c                __b2d
 .text.__d2b    0x0000000004016d88      0x14c e:/intelfpga/16.1/nios2eds/bin/gnu/h-x86_64-mingw32/bin/../lib/gcc/nios2-elf/5.3.0/../../../../../H-x86_64-mingw32/nios2-elf/lib\libc.a(lib_a-mprec.o)
                0x0000000004016d88                __d2b
 .text.__ratio  0x0000000004016ed4       0xa4 e:/intelfpga/16.1/nios2eds/bin/gnu/h-x86_64-mingw32/bin/../lib/gcc/nios2-elf/5.3.0/../../../../../H-x86_64-mingw32/nios2-elf/lib\libc.a(lib_a-mprec.o)
                0x0000000004016ed4                __ratio
 .text._mprec_log10
                0x0000000004016f78       0x74 e:/intelfpga/16.1/nios2eds/bin/gnu/h-x86_64-mingw32/bin/../lib/gcc/nios2-elf/5.3.0/../../../../../H-x86_64-mingw32/nios2-elf/lib\libc.a(lib_a-mprec.o)
                0x0000000004016f78                _mprec_log10
 .text.__copybits
                0x0000000004016fec       0x78 e:/intelfpga/16.1/nios2eds/bin/gnu/h-x86_64-mingw32/bin/../lib/gcc/nios2-elf/5.3.0/../../../../../H-x86_64-mingw32/nios2-elf/lib\libc.a(lib_a-mprec.o)
                0x0000000004016fec                __copybits
 .text.__any_on
                0x0000000004017064       0x8c e:/intelfpga/16.1/nios2eds/bin/gnu/h-x86_64-mingw32/bin/../lib/gcc/nios2-elf/5.3.0/../../../../../H-x86_64-mingw32/nios2-elf/lib\libc.a(lib_a-mprec.o)
                0x0000000004017064                __any_on
 .text          0x00000000040170f0        0x0 e:/intelfpga/16.1/nios2eds/bin/gnu/h-x86_64-mingw32/bin/../lib/gcc/nios2-elf/5.3.0/../../../../../H-x86_64-mingw32/nios2-elf/lib\libc.a(lib_a-reallocr.o)
 .text._realloc_r
                0x00000000040170f0      0x564 e:/intelfpga/16.1/nios2eds/bin/gnu/h-x86_64-mingw32/bin/../lib/gcc/nios2-elf/5.3.0/../../../../../H-x86_64-mingw32/nios2-elf/lib\libc.a(lib_a-reallocr.o)
                0x00000000040170f0                _realloc_r
 .text          0x0000000004017654        0x0 e:/intelfpga/16.1/nios2eds/bin/gnu/h-x86_64-mingw32/bin/../lib/gcc/nios2-elf/5.3.0/../../../../../H-x86_64-mingw32/nios2-elf/lib\libc.a(lib_a-stdio.o)
 .text.__sread  0x0000000004017654       0x54 e:/intelfpga/16.1/nios2eds/bin/gnu/h-x86_64-mingw32/bin/../lib/gcc/nios2-elf/5.3.0/../../../../../H-x86_64-mingw32/nios2-elf/lib\libc.a(lib_a-stdio.o)
                0x0000000004017654                __sread
 .text.__seofread
                0x00000000040176a8        0x8 e:/intelfpga/16.1/nios2eds/bin/gnu/h-x86_64-mingw32/bin/../lib/gcc/nios2-elf/5.3.0/../../../../../H-x86_64-mingw32/nios2-elf/lib\libc.a(lib_a-stdio.o)
                0x00000000040176a8                __seofread
 .text.__swrite
                0x00000000040176b0       0x7c e:/intelfpga/16.1/nios2eds/bin/gnu/h-x86_64-mingw32/bin/../lib/gcc/nios2-elf/5.3.0/../../../../../H-x86_64-mingw32/nios2-elf/lib\libc.a(lib_a-stdio.o)
                0x00000000040176b0                __swrite
 .text.__sseek  0x000000000401772c       0x5c e:/intelfpga/16.1/nios2eds/bin/gnu/h-x86_64-mingw32/bin/../lib/gcc/nios2-elf/5.3.0/../../../../../H-x86_64-mingw32/nios2-elf/lib\libc.a(lib_a-stdio.o)
                0x000000000401772c                __sseek
 .text.__sclose
                0x0000000004017788        0x8 e:/intelfpga/16.1/nios2eds/bin/gnu/h-x86_64-mingw32/bin/../lib/gcc/nios2-elf/5.3.0/../../../../../H-x86_64-mingw32/nios2-elf/lib\libc.a(lib_a-stdio.o)
                0x0000000004017788                __sclose
 .text          0x0000000004017790        0x0 e:/intelfpga/16.1/nios2eds/bin/gnu/h-x86_64-mingw32/bin/../lib/gcc/nios2-elf/5.3.0/../../../../../H-x86_64-mingw32/nios2-elf/lib\libc.a(lib_a-strcmp.o)
 .text.strcmp   0x0000000004017790       0xdc e:/intelfpga/16.1/nios2eds/bin/gnu/h-x86_64-mingw32/bin/../lib/gcc/nios2-elf/5.3.0/../../../../../H-x86_64-mingw32/nios2-elf/lib\libc.a(lib_a-strcmp.o)
                0x0000000004017790                strcmp
 .text          0x000000000401786c        0x0 e:/intelfpga/16.1/nios2eds/bin/gnu/h-x86_64-mingw32/bin/../lib/gcc/nios2-elf/5.3.0/../../../../../H-x86_64-mingw32/nios2-elf/lib\libc.a(lib_a-svfiprintf.o)
 .text.__ssprint_r
                0x000000000401786c      0x1d0 e:/intelfpga/16.1/nios2eds/bin/gnu/h-x86_64-mingw32/bin/../lib/gcc/nios2-elf/5.3.0/../../../../../H-x86_64-mingw32/nios2-elf/lib\libc.a(lib_a-svfiprintf.o)
                0x000000000401786c                __ssprint_r
 .text.___svfiprintf_internal_r
                0x0000000004017a3c     0x123c e:/intelfpga/16.1/nios2eds/bin/gnu/h-x86_64-mingw32/bin/../lib/gcc/nios2-elf/5.3.0/../../../../../H-x86_64-mingw32/nios2-elf/lib\libc.a(lib_a-svfiprintf.o)
                0x0000000004017a3c                ___svfiprintf_internal_r
 .text          0x0000000004018c78        0x0 e:/intelfpga/16.1/nios2eds/bin/gnu/h-x86_64-mingw32/bin/../lib/gcc/nios2-elf/5.3.0/../../../../../H-x86_64-mingw32/nios2-elf/lib\libc.a(lib_a-vfiprintf.o)
 .text.__sprint_r.part.0
                0x0000000004018c78       0xfc e:/intelfpga/16.1/nios2eds/bin/gnu/h-x86_64-mingw32/bin/../lib/gcc/nios2-elf/5.3.0/../../../../../H-x86_64-mingw32/nios2-elf/lib\libc.a(lib_a-vfiprintf.o)
 .text.__sprint_r
                0x0000000004018d74       0x18 e:/intelfpga/16.1/nios2eds/bin/gnu/h-x86_64-mingw32/bin/../lib/gcc/nios2-elf/5.3.0/../../../../../H-x86_64-mingw32/nios2-elf/lib\libc.a(lib_a-vfiprintf.o)
                0x0000000004018d74                __sprint_r
 .text.___vfiprintf_internal_r
                0x0000000004018d8c     0x145c e:/intelfpga/16.1/nios2eds/bin/gnu/h-x86_64-mingw32/bin/../lib/gcc/nios2-elf/5.3.0/../../../../../H-x86_64-mingw32/nios2-elf/lib\libc.a(lib_a-vfiprintf.o)
                0x0000000004018d8c                ___vfiprintf_internal_r
 .text.__vfiprintf_internal
                0x000000000401a1e8       0x1c e:/intelfpga/16.1/nios2eds/bin/gnu/h-x86_64-mingw32/bin/../lib/gcc/nios2-elf/5.3.0/../../../../../H-x86_64-mingw32/nios2-elf/lib\libc.a(lib_a-vfiprintf.o)
                0x000000000401a1e8                __vfiprintf_internal
 .text.__sbprintf
                0x000000000401a204       0xbc e:/intelfpga/16.1/nios2eds/bin/gnu/h-x86_64-mingw32/bin/../lib/gcc/nios2-elf/5.3.0/../../../../../H-x86_64-mingw32/nios2-elf/lib\libc.a(lib_a-vfiprintf.o)
 .text          0x000000000401a2c0        0x0 e:/intelfpga/16.1/nios2eds/bin/gnu/h-x86_64-mingw32/bin/../lib/gcc/nios2-elf/5.3.0/../../../../../H-x86_64-mingw32/nios2-elf/lib\libc.a(lib_a-writer.o)
 .text._write_r
                0x000000000401a2c0       0x60 e:/intelfpga/16.1/nios2eds/bin/gnu/h-x86_64-mingw32/bin/../lib/gcc/nios2-elf/5.3.0/../../../../../H-x86_64-mingw32/nios2-elf/lib\libc.a(lib_a-writer.o)
                0x000000000401a2c0                _write_r
 .text          0x000000000401a320        0x0 e:/intelfpga/16.1/nios2eds/bin/gnu/h-x86_64-mingw32/bin/../lib/gcc/nios2-elf/5.3.0/../../../../../H-x86_64-mingw32/nios2-elf/lib\libc.a(closer.o)
 .text._close_r
                0x000000000401a320       0x54 e:/intelfpga/16.1/nios2eds/bin/gnu/h-x86_64-mingw32/bin/../lib/gcc/nios2-elf/5.3.0/../../../../../H-x86_64-mingw32/nios2-elf/lib\libc.a(closer.o)
                0x000000000401a320                _close_r
 .text          0x000000000401a374        0x0 e:/intelfpga/16.1/nios2eds/bin/gnu/h-x86_64-mingw32/bin/../lib/gcc/nios2-elf/5.3.0/../../../../../H-x86_64-mingw32/nios2-elf/lib\libc.a(lib_a-callocr.o)
 .text._calloc_r
                0x000000000401a374       0xc4 e:/intelfpga/16.1/nios2eds/bin/gnu/h-x86_64-mingw32/bin/../lib/gcc/nios2-elf/5.3.0/../../../../../H-x86_64-mingw32/nios2-elf/lib\libc.a(lib_a-callocr.o)
                0x000000000401a374                _calloc_r
 .text          0x000000000401a438        0x0 e:/intelfpga/16.1/nios2eds/bin/gnu/h-x86_64-mingw32/bin/../lib/gcc/nios2-elf/5.3.0/../../../../../H-x86_64-mingw32/nios2-elf/lib\libc.a(lib_a-fclose.o)
 .text._fclose_r
                0x000000000401a438       0xf0 e:/intelfpga/16.1/nios2eds/bin/gnu/h-x86_64-mingw32/bin/../lib/gcc/nios2-elf/5.3.0/../../../../../H-x86_64-mingw32/nios2-elf/lib\libc.a(lib_a-fclose.o)
                0x000000000401a438                _fclose_r
 .text.fclose   0x000000000401a528       0x14 e:/intelfpga/16.1/nios2eds/bin/gnu/h-x86_64-mingw32/bin/../lib/gcc/nios2-elf/5.3.0/../../../../../H-x86_64-mingw32/nios2-elf/lib\libc.a(lib_a-fclose.o)
                0x000000000401a528                fclose
 .text          0x000000000401a53c        0x0 e:/intelfpga/16.1/nios2eds/bin/gnu/h-x86_64-mingw32/bin/../lib/gcc/nios2-elf/5.3.0/../../../../../H-x86_64-mingw32/nios2-elf/lib\libc.a(lib_a-fputwc.o)
 .text.__fputwc
                0x000000000401a53c      0x164 e:/intelfpga/16.1/nios2eds/bin/gnu/h-x86_64-mingw32/bin/../lib/gcc/nios2-elf/5.3.0/../../../../../H-x86_64-mingw32/nios2-elf/lib\libc.a(lib_a-fputwc.o)
                0x000000000401a53c                __fputwc
 .text._fputwc_r
                0x000000000401a6a0       0x24 e:/intelfpga/16.1/nios2eds/bin/gnu/h-x86_64-mingw32/bin/../lib/gcc/nios2-elf/5.3.0/../../../../../H-x86_64-mingw32/nios2-elf/lib\libc.a(lib_a-fputwc.o)
                0x000000000401a6a0                _fputwc_r
 .text.fputwc   0x000000000401a6c4       0x80 e:/intelfpga/16.1/nios2eds/bin/gnu/h-x86_64-mingw32/bin/../lib/gcc/nios2-elf/5.3.0/../../../../../H-x86_64-mingw32/nios2-elf/lib\libc.a(lib_a-fputwc.o)
                0x000000000401a6c4                fputwc
 .text          0x000000000401a744        0x0 e:/intelfpga/16.1/nios2eds/bin/gnu/h-x86_64-mingw32/bin/../lib/gcc/nios2-elf/5.3.0/../../../../../H-x86_64-mingw32/nios2-elf/lib\libc.a(lib_a-fstatr.o)
 .text._fstat_r
                0x000000000401a744       0x5c e:/intelfpga/16.1/nios2eds/bin/gnu/h-x86_64-mingw32/bin/../lib/gcc/nios2-elf/5.3.0/../../../../../H-x86_64-mingw32/nios2-elf/lib\libc.a(lib_a-fstatr.o)
                0x000000000401a744                _fstat_r
 .text          0x000000000401a7a0        0x0 e:/intelfpga/16.1/nios2eds/bin/gnu/h-x86_64-mingw32/bin/../lib/gcc/nios2-elf/5.3.0/../../../../../H-x86_64-mingw32/nios2-elf/lib\libc.a(lib_a-isattyr.o)
 .text._isatty_r
                0x000000000401a7a0       0x54 e:/intelfpga/16.1/nios2eds/bin/gnu/h-x86_64-mingw32/bin/../lib/gcc/nios2-elf/5.3.0/../../../../../H-x86_64-mingw32/nios2-elf/lib\libc.a(lib_a-isattyr.o)
                0x000000000401a7a0                _isatty_r
 .text          0x000000000401a7f4        0x0 e:/intelfpga/16.1/nios2eds/bin/gnu/h-x86_64-mingw32/bin/../lib/gcc/nios2-elf/5.3.0/../../../../../H-x86_64-mingw32/nios2-elf/lib\libc.a(lib_a-lseekr.o)
 .text._lseek_r
                0x000000000401a7f4       0x60 e:/intelfpga/16.1/nios2eds/bin/gnu/h-x86_64-mingw32/bin/../lib/gcc/nios2-elf/5.3.0/../../../../../H-x86_64-mingw32/nios2-elf/lib\libc.a(lib_a-lseekr.o)
                0x000000000401a7f4                _lseek_r
 .text          0x000000000401a854        0x0 e:/intelfpga/16.1/nios2eds/bin/gnu/h-x86_64-mingw32/bin/../lib/gcc/nios2-elf/5.3.0/../../../../../H-x86_64-mingw32/nios2-elf/lib\libc.a(lib_a-readr.o)
 .text._read_r  0x000000000401a854       0x60 e:/intelfpga/16.1/nios2eds/bin/gnu/h-x86_64-mingw32/bin/../lib/gcc/nios2-elf/5.3.0/../../../../../H-x86_64-mingw32/nios2-elf/lib\libc.a(lib_a-readr.o)
                0x000000000401a854                _read_r
 .text          0x000000000401a8b4        0x0 e:/intelfpga/16.1/nios2eds/bin/gnu/h-x86_64-mingw32/bin/../lib/gcc/nios2-elf/5.3.0/../../../../../H-x86_64-mingw32/nios2-elf/lib\libc.a(lib_a-wbuf.o)
 .text.__swbuf_r
                0x000000000401a8b4      0x140 e:/intelfpga/16.1/nios2eds/bin/gnu/h-x86_64-mingw32/bin/../lib/gcc/nios2-elf/5.3.0/../../../../../H-x86_64-mingw32/nios2-elf/lib\libc.a(lib_a-wbuf.o)
                0x000000000401a8b4                __swbuf_r
 .text.__swbuf  0x000000000401a9f4       0x18 e:/intelfpga/16.1/nios2eds/bin/gnu/h-x86_64-mingw32/bin/../lib/gcc/nios2-elf/5.3.0/../../../../../H-x86_64-mingw32/nios2-elf/lib\libc.a(lib_a-wbuf.o)
                0x000000000401a9f4                __swbuf
 .text          0x000000000401aa0c        0x0 e:/intelfpga/16.1/nios2eds/bin/gnu/h-x86_64-mingw32/bin/../lib/gcc/nios2-elf/5.3.0/../../../../../H-x86_64-mingw32/nios2-elf/lib\libc.a(lib_a-wcrtomb.o)
 .text._wcrtomb_r
                0x000000000401aa0c       0x9c e:/intelfpga/16.1/nios2eds/bin/gnu/h-x86_64-mingw32/bin/../lib/gcc/nios2-elf/5.3.0/../../../../../H-x86_64-mingw32/nios2-elf/lib\libc.a(lib_a-wcrtomb.o)
                0x000000000401aa0c                _wcrtomb_r
 .text.wcrtomb  0x000000000401aaa8       0xc0 e:/intelfpga/16.1/nios2eds/bin/gnu/h-x86_64-mingw32/bin/../lib/gcc/nios2-elf/5.3.0/../../../../../H-x86_64-mingw32/nios2-elf/lib\libc.a(lib_a-wcrtomb.o)
                0x000000000401aaa8                wcrtomb
 .text          0x000000000401ab68        0x0 e:/intelfpga/16.1/nios2eds/bin/gnu/h-x86_64-mingw32/bin/../lib/gcc/nios2-elf/5.3.0/../../../../../H-x86_64-mingw32/nios2-elf/lib\libc.a(lib_a-wctomb_r.o)
 .text.__ascii_wctomb
                0x000000000401ab68       0x30 e:/intelfpga/16.1/nios2eds/bin/gnu/h-x86_64-mingw32/bin/../lib/gcc/nios2-elf/5.3.0/../../../../../H-x86_64-mingw32/nios2-elf/lib\libc.a(lib_a-wctomb_r.o)
                0x000000000401ab68                __ascii_wctomb
 .text._wctomb_r
                0x000000000401ab98       0x5c e:/intelfpga/16.1/nios2eds/bin/gnu/h-x86_64-mingw32/bin/../lib/gcc/nios2-elf/5.3.0/../../../../../H-x86_64-mingw32/nios2-elf/lib\libc.a(lib_a-wctomb_r.o)
                0x000000000401ab98                _wctomb_r
 .text          0x000000000401abf4      0x578 e:/intelfpga/16.1/nios2eds/bin/gnu/h-x86_64-mingw32/bin/../lib/gcc/nios2-elf/5.3.0\libgcc.a(_udivdi3.o)
                0x000000000401abf4                __udivdi3
 .text          0x000000000401b16c      0x538 e:/intelfpga/16.1/nios2eds/bin/gnu/h-x86_64-mingw32/bin/../lib/gcc/nios2-elf/5.3.0\libgcc.a(_umoddi3.o)
                0x000000000401b16c                __umoddi3
 .text          0x000000000401b6a4       0x88 e:/intelfpga/16.1/nios2eds/bin/gnu/h-x86_64-mingw32/bin/../lib/gcc/nios2-elf/5.3.0\libgcc.a(eqdf2.o)
                0x000000000401b6a4                __nedf2
                0x000000000401b6a4                __eqdf2
 .text          0x000000000401b72c       0xa8 e:/intelfpga/16.1/nios2eds/bin/gnu/h-x86_64-mingw32/bin/../lib/gcc/nios2-elf/5.3.0\libgcc.a(floatunsidf.o)
                0x000000000401b72c                __floatunsidf
 .text          0x000000000401b7d4      0x10c ../GUI_APP_bsp/\libhal_bsp.a(alt_close.o)
                0x000000000401b810                close
 .text          0x000000000401b8e0       0x48 ../GUI_APP_bsp/\libhal_bsp.a(alt_dcache_flush_all.o)
                0x000000000401b8e0                alt_dcache_flush_all
 .text          0x000000000401b928       0x2c ../GUI_APP_bsp/\libhal_bsp.a(alt_dev.o)
 .text          0x000000000401b954        0x0 ../GUI_APP_bsp/\libhal_bsp.a(alt_errno.o)
 .text          0x000000000401b954       0xec ../GUI_APP_bsp/\libhal_bsp.a(alt_fstat.o)
                0x000000000401b990                fstat
 .text          0x000000000401ba40      0x1b0 ../GUI_APP_bsp/\libhal_bsp.a(alt_iic.o)
                0x000000000401ba40                alt_ic_isr_register
                0x000000000401ba90                alt_ic_irq_enable
                0x000000000401bb18                alt_ic_irq_disable
                0x000000000401bba4                alt_ic_irq_enabled
 .text          0x000000000401bbf0       0xf0 ../GUI_APP_bsp/\libhal_bsp.a(alt_iic_isr_register.o)
                0x000000000401bbf0                alt_iic_isr_register
 .text          0x000000000401bce0        0x0 ../GUI_APP_bsp/\libhal_bsp.a(alt_irq_entry.o)
 .text          0x000000000401bce0        0x0 ../GUI_APP_bsp/\libhal_bsp.a(alt_irq_handler.o)
 .text          0x000000000401bce0        0x0 ../GUI_APP_bsp/\libhal_bsp.a(alt_irq_vars.o)
 .text          0x000000000401bce0       0xe0 ../GUI_APP_bsp/\libhal_bsp.a(alt_isatty.o)
                0x000000000401bd1c                isatty
 .text          0x000000000401bdc0      0x110 ../GUI_APP_bsp/\libhal_bsp.a(alt_lseek.o)
                0x000000000401bdfc                lseek
 .text          0x000000000401bed0       0x7c ../GUI_APP_bsp/\libhal_bsp.a(alt_main.o)
                0x000000000401bed0                alt_main
 .text          0x000000000401bf4c       0x48 ../GUI_APP_bsp/\libhal_bsp.a(alt_malloc_lock.o)
                0x000000000401bf4c                __malloc_lock
                0x000000000401bf70                __malloc_unlock
 .text          0x000000000401bf94      0x138 ../GUI_APP_bsp/\libhal_bsp.a(alt_read.o)
                0x000000000401bfd0                read
 .text          0x000000000401c0cc       0x64 ../GUI_APP_bsp/\libhal_bsp.a(alt_release_fd.o)
                0x000000000401c0cc                alt_release_fd
 .text          0x000000000401c130       0xb0 ../GUI_APP_bsp/\libhal_bsp.a(alt_sbrk.o)
                0x000000000401c130                sbrk
 .text          0x000000000401c1e0      0x1a4 ../GUI_APP_bsp/\libhal_bsp.a(alt_tick.o)
                0x000000000401c1e0                alt_alarm_stop
                0x000000000401c27c                alt_tick
 .text          0x000000000401c384       0x30 ../GUI_APP_bsp/\libhal_bsp.a(alt_usleep.o)
                0x000000000401c384                usleep
 .text          0x000000000401c3b4      0x134 ../GUI_APP_bsp/\libhal_bsp.a(alt_write.o)
                0x000000000401c3f0                write
 .text          0x000000000401c4e8       0xd8 ../GUI_APP_bsp/\libhal_bsp.a(alt_sys_init.o)
                0x000000000401c51c                alt_irq_init
                0x000000000401c554                alt_sys_init
 .text          0x000000000401c5c0      0xafc ../GUI_APP_bsp/\libhal_bsp.a(altera_avalon_epcs_flash_controller.o)
                0x000000000401c5f4                alt_epcs_flash_init
                0x000000000401cb2c                alt_epcs_flash_write
                0x000000000401cd8c                alt_epcs_flash_get_info
                0x000000000401ceac                alt_epcs_flash_erase_block
                0x000000000401cf24                alt_epcs_flash_write_block
                0x000000000401d024                alt_epcs_flash_read
 .text          0x000000000401d0bc      0x164 ../GUI_APP_bsp/\libhal_bsp.a(altera_avalon_jtag_uart_fd.o)
                0x000000000401d0bc                altera_avalon_jtag_uart_read_fd
                0x000000000401d11c                altera_avalon_jtag_uart_write_fd
                0x000000000401d17c                altera_avalon_jtag_uart_close_fd
                0x000000000401d1cc                altera_avalon_jtag_uart_ioctl_fd
 .text          0x000000000401d220      0x3d4 ../GUI_APP_bsp/\libhal_bsp.a(altera_avalon_jtag_uart_init.o)
                0x000000000401d220                altera_avalon_jtag_uart_init
                0x000000000401d58c                altera_avalon_jtag_uart_close
 .text          0x000000000401d5f4       0xf0 ../GUI_APP_bsp/\libhal_bsp.a(altera_avalon_jtag_uart_ioctl.o)
                0x000000000401d5f4                altera_avalon_jtag_uart_ioctl
 .text          0x000000000401d6e4      0x21c ../GUI_APP_bsp/\libhal_bsp.a(altera_avalon_jtag_uart_read.o)
                0x000000000401d6e4                altera_avalon_jtag_uart_read
 .text          0x000000000401d900      0x224 ../GUI_APP_bsp/\libhal_bsp.a(altera_avalon_jtag_uart_write.o)
                0x000000000401d900                altera_avalon_jtag_uart_write
 .text          0x000000000401db24       0xf4 ../GUI_APP_bsp/\libhal_bsp.a(altera_avalon_timer_sc.o)
                0x000000000401db9c                alt_avalon_timer_sc_init
 .text          0x000000000401dc18      0x63c ../GUI_APP_bsp/\libhal_bsp.a(epcs_commands.o)
                0x000000000401dc18                epcs_read_status_register
                0x000000000401dce8                epcs_sector_erase
                0x000000000401dde4                epcs_read_buffer
                0x000000000401ded8                epcs_write_enable
                0x000000000401df2c                epcs_write_status_register
                0x000000000401df98                epcs_write_buffer
                0x000000000401e0b4                epcs_read_electronic_signature
                0x000000000401e11c                epcs_read_device_id
                0x000000000401e19c                epcs_enter_4_bytes_mode
                0x000000000401e1f8                epcs_exit_4_bytes_mode
 .text          0x000000000401e254      0x12c ../GUI_APP_bsp/\libhal_bsp.a(alt_alarm_start.o)
                0x000000000401e254                alt_alarm_start
 .text          0x000000000401e380      0x158 ../GUI_APP_bsp/\libhal_bsp.a(alt_busy_sleep.o)
                0x000000000401e380                alt_busy_sleep
 .text          0x000000000401e4d8       0xe0 ../GUI_APP_bsp/\libhal_bsp.a(alt_dev_llist_insert.o)
                0x000000000401e514                alt_dev_llist_insert
 .text          0x000000000401e5b8       0x60 ../GUI_APP_bsp/\libhal_bsp.a(alt_do_ctors.o)
                0x000000000401e5b8                _do_ctors
 .text          0x000000000401e618       0x60 ../GUI_APP_bsp/\libhal_bsp.a(alt_do_dtors.o)
                0x000000000401e618                _do_dtors
 .text          0x000000000401e678        0x0 ../GUI_APP_bsp/\libhal_bsp.a(alt_exception_entry.o)
 .text          0x000000000401e678       0xbc ../GUI_APP_bsp/\libhal_bsp.a(alt_flash_dev.o)
                0x000000000401e678                alt_flash_open_dev
                0x000000000401e6e0                alt_flash_close_dev
 .text          0x000000000401e734       0x9c ../GUI_APP_bsp/\libhal_bsp.a(alt_instruction_exception_entry.o)
                0x000000000401e734                alt_exception_cause_generated_bad_addr
 .text          0x000000000401e7d0      0x140 ../GUI_APP_bsp/\libhal_bsp.a(alt_io_redirect.o)
                0x000000000401e894                alt_io_redirect
 .text          0x000000000401e910      0x254 ../GUI_APP_bsp/\libhal_bsp.a(alt_open.o)
                0x000000000401ea10                open
 .text          0x000000000401eb64       0x24 ../GUI_APP_bsp/\libhal_bsp.a(altera_nios2_gen2_irq.o)
                0x000000000401eb64                altera_nios2_gen2_irq_init
 .text          0x000000000401eb88      0x1fc ../GUI_APP_bsp/\libhal_bsp.a(altera_avalon_spi.o)
                0x000000000401eb88                alt_avalon_spi_command
 .text          0x000000000401ed84       0x90 ../GUI_APP_bsp/\libhal_bsp.a(alt_find_dev.o)
                0x000000000401ed84                alt_find_dev
 .text          0x000000000401ee14      0x108 ../GUI_APP_bsp/\libhal_bsp.a(alt_find_file.o)
                0x000000000401ee14                alt_find_file
 .text          0x000000000401ef1c       0xa4 ../GUI_APP_bsp/\libhal_bsp.a(alt_get_fd.o)
                0x000000000401ef1c                alt_get_fd
 .text          0x000000000401efc0        0x0 e:/intelfpga/16.1/nios2eds/bin/gnu/h-x86_64-mingw32/bin/../lib/gcc/nios2-elf/5.3.0/../../../../../H-x86_64-mingw32/nios2-elf/lib\libc.a(lib_a-atexit.o)
 .text.atexit   0x000000000401efc0       0x14 e:/intelfpga/16.1/nios2eds/bin/gnu/h-x86_64-mingw32/bin/../lib/gcc/nios2-elf/5.3.0/../../../../../H-x86_64-mingw32/nios2-elf/lib\libc.a(lib_a-atexit.o)
                0x000000000401efc0                atexit
 .text          0x000000000401efd4        0x0 e:/intelfpga/16.1/nios2eds/bin/gnu/h-x86_64-mingw32/bin/../lib/gcc/nios2-elf/5.3.0/../../../../../H-x86_64-mingw32/nios2-elf/lib\libc.a(lib_a-exit.o)
 .text.exit     0x000000000401efd4       0x38 e:/intelfpga/16.1/nios2eds/bin/gnu/h-x86_64-mingw32/bin/../lib/gcc/nios2-elf/5.3.0/../../../../../H-x86_64-mingw32/nios2-elf/lib\libc.a(lib_a-exit.o)
                0x000000000401efd4                exit
 .text          0x000000000401f00c        0x0 e:/intelfpga/16.1/nios2eds/bin/gnu/h-x86_64-mingw32/bin/../lib/gcc/nios2-elf/5.3.0/../../../../../H-x86_64-mingw32/nios2-elf/lib\libc.a(lib_a-memcmp.o)
 .text.memcmp   0x000000000401f00c       0x7c e:/intelfpga/16.1/nios2eds/bin/gnu/h-x86_64-mingw32/bin/../lib/gcc/nios2-elf/5.3.0/../../../../../H-x86_64-mingw32/nios2-elf/lib\libc.a(lib_a-memcmp.o)
                0x000000000401f00c                memcmp
 .text          0x000000000401f088        0x0 e:/intelfpga/16.1/nios2eds/bin/gnu/h-x86_64-mingw32/bin/../lib/gcc/nios2-elf/5.3.0/../../../../../H-x86_64-mingw32/nios2-elf/lib\libc.a(lib_a-__atexit.o)
 .text.__register_exitproc
                0x000000000401f088      0x118 e:/intelfpga/16.1/nios2eds/bin/gnu/h-x86_64-mingw32/bin/../lib/gcc/nios2-elf/5.3.0/../../../../../H-x86_64-mingw32/nios2-elf/lib\libc.a(lib_a-__atexit.o)
                0x000000000401f088                __register_exitproc
 .text          0x000000000401f1a0        0x0 e:/intelfpga/16.1/nios2eds/bin/gnu/h-x86_64-mingw32/bin/../lib/gcc/nios2-elf/5.3.0/../../../../../H-x86_64-mingw32/nios2-elf/lib\libc.a(lib_a-__call_atexit.o)
 .text.__call_exitprocs
                0x000000000401f1a0      0x180 e:/intelfpga/16.1/nios2eds/bin/gnu/h-x86_64-mingw32/bin/../lib/gcc/nios2-elf/5.3.0/../../../../../H-x86_64-mingw32/nios2-elf/lib\libc.a(lib_a-__call_atexit.o)
                0x000000000401f1a0                __call_exitprocs
 .text          0x000000000401f320       0x34 ../GUI_APP_bsp/\libhal_bsp.a(alt_exit.o)
                0x000000000401f320                _exit
 *(.gnu.warning.*)
 *(.fini)
                [!provide]                        PROVIDE (__etext, ABSOLUTE (.))
                [!provide]                        PROVIDE (_etext, ABSOLUTE (.))
                [!provide]                        PROVIDE (etext, ABSOLUTE (.))
 *(.eh_frame_hdr)
                0x000000000401f354                . = ALIGN (0x4)
                [!provide]                        PROVIDE (__preinit_array_start, ABSOLUTE (.))
 *(.preinit_array)
                [!provide]                        PROVIDE (__preinit_array_end, ABSOLUTE (.))
                [!provide]                        PROVIDE (__init_array_start, ABSOLUTE (.))
 *(.init_array)
                [!provide]                        PROVIDE (__init_array_end, ABSOLUTE (.))
                [!provide]                        PROVIDE (__fini_array_start, ABSOLUTE (.))
 *(.fini_array)
                [!provide]                        PROVIDE (__fini_array_end, ABSOLUTE (.))
 *(.eh_frame)
 *(.gcc_except_table .gcc_except_table.*)
 *(.dynamic)
                0x000000000401f354                PROVIDE (__CTOR_LIST__, ABSOLUTE (.))
 *(.ctors)
 *(SORT(.ctors.*))
                0x000000000401f354                PROVIDE (__CTOR_END__, ABSOLUTE (.))
                0x000000000401f354                PROVIDE (__DTOR_LIST__, ABSOLUTE (.))
 *(.dtors)
 *(SORT(.dtors.*))
                0x000000000401f354                PROVIDE (__DTOR_END__, ABSOLUTE (.))
 *(.jcr)
                0x000000000401f354                . = ALIGN (0x4)

.rodata         0x000000000401f354    0x66394
                [!provide]                        PROVIDE (__ram_rodata_start, ABSOLUTE (.))
                0x000000000401f354                . = ALIGN (0x4)
 *(.rodata .rodata.* .gnu.linkonce.r.*)
 .rodata        0x000000000401f354    0x448f0 obj/default/gesture.o
                0x000000000401f354                gesture_bmp
 .rodata        0x0000000004063c44     0x77f2 obj/default/fonts/tahomabold_20.o
 .rodata        0x000000000406b436    0x12520 obj/default/fonts/tahomabold_32.o
 *fill*         0x000000000407d956        0x2 
 .rodata        0x000000000407d958       0xf7 obj/default/gui_gsensor.o
 *fill*         0x000000000407da4f        0x1 
 .rodata        0x000000000407da50     0x75a0 obj/default/images/bar.o
 .rodata        0x0000000004084ff0       0x4d obj/default/main.o
 *fill*         0x000000000408503d        0x3 
 .rodata        0x0000000004085040      0x2cf obj/default/terasic_lib/I2C_core.o
 *fill*         0x000000000408530f        0x1 
 .rodata        0x0000000004085310       0x38 obj/default/terasic_lib/multi_touch2.o
 .rodata.atanlo
                0x0000000004085348       0x20 e:/intelfpga/16.1/nios2eds/bin/gnu/h-x86_64-mingw32/bin/../lib/gcc/nios2-elf/5.3.0/../../../../../H-x86_64-mingw32/nios2-elf/lib\libm.a(lib_a-s_atan.o)
 .rodata.atanhi
                0x0000000004085368       0x20 e:/intelfpga/16.1/nios2eds/bin/gnu/h-x86_64-mingw32/bin/../lib/gcc/nios2-elf/5.3.0/../../../../../H-x86_64-mingw32/nios2-elf/lib\libm.a(lib_a-s_atan.o)
 .rodata.str1.4
                0x0000000004085388        0x5 e:/intelfpga/16.1/nios2eds/bin/gnu/h-x86_64-mingw32/bin/../lib/gcc/nios2-elf/5.3.0/../../../../../H-x86_64-mingw32/nios2-elf/lib\libm.a(lib_a-w_sqrt.o)
 .rodata        0x000000000408538d      0x100 e:/intelfpga/16.1/nios2eds/bin/gnu/h-x86_64-mingw32/bin/../lib/gcc/nios2-elf/5.3.0\libgcc.a(_clz.o)
                0x000000000408538d                __clz_tab
 *fill*         0x000000000408548d        0x3 
 .rodata.str1.4
                0x0000000004085490        0x2 e:/intelfpga/16.1/nios2eds/bin/gnu/h-x86_64-mingw32/bin/../lib/gcc/nios2-elf/5.3.0/../../../../../H-x86_64-mingw32/nios2-elf/lib\libc.a(lib_a-impure.o)
 *fill*         0x0000000004085492        0x2 
 .rodata.str1.4
                0x0000000004085494        0x2 e:/intelfpga/16.1/nios2eds/bin/gnu/h-x86_64-mingw32/bin/../lib/gcc/nios2-elf/5.3.0/../../../../../H-x86_64-mingw32/nios2-elf/lib\libc.a(lib_a-puts.o)
 *fill*         0x0000000004085496        0x2 
 .rodata.str1.4
                0x0000000004085498       0x42 e:/intelfpga/16.1/nios2eds/bin/gnu/h-x86_64-mingw32/bin/../lib/gcc/nios2-elf/5.3.0/../../../../../H-x86_64-mingw32/nios2-elf/lib\libc.a(lib_a-svfprintf.o)
 .rodata.zeroes.4389
                0x00000000040854da       0x10 e:/intelfpga/16.1/nios2eds/bin/gnu/h-x86_64-mingw32/bin/../lib/gcc/nios2-elf/5.3.0/../../../../../H-x86_64-mingw32/nios2-elf/lib\libc.a(lib_a-svfprintf.o)
 .rodata.blanks.4388
                0x00000000040854ea       0x10 e:/intelfpga/16.1/nios2eds/bin/gnu/h-x86_64-mingw32/bin/../lib/gcc/nios2-elf/5.3.0/../../../../../H-x86_64-mingw32/nios2-elf/lib\libc.a(lib_a-svfprintf.o)
 .rodata.str1.4
                0x00000000040854fa       0x42 e:/intelfpga/16.1/nios2eds/bin/gnu/h-x86_64-mingw32/bin/../lib/gcc/nios2-elf/5.3.0/../../../../../H-x86_64-mingw32/nios2-elf/lib\libc.a(lib_a-vfprintf.o)
 .rodata.zeroes.4404
                0x00000000040854fa       0x10 e:/intelfpga/16.1/nios2eds/bin/gnu/h-x86_64-mingw32/bin/../lib/gcc/nios2-elf/5.3.0/../../../../../H-x86_64-mingw32/nios2-elf/lib\libc.a(lib_a-vfprintf.o)
 .rodata.blanks.4403
                0x000000000408550a       0x10 e:/intelfpga/16.1/nios2eds/bin/gnu/h-x86_64-mingw32/bin/../lib/gcc/nios2-elf/5.3.0/../../../../../H-x86_64-mingw32/nios2-elf/lib\libc.a(lib_a-vfprintf.o)
 *fill*         0x000000000408551a        0x2 
 .rodata.str1.4
                0x000000000408551c       0x10 e:/intelfpga/16.1/nios2eds/bin/gnu/h-x86_64-mingw32/bin/../lib/gcc/nios2-elf/5.3.0/../../../../../H-x86_64-mingw32/nios2-elf/lib\libc.a(lib_a-dtoa.o)
                                         0x12 (size before relaxing)
 .rodata.str1.4
                0x000000000408552c        0xc e:/intelfpga/16.1/nios2eds/bin/gnu/h-x86_64-mingw32/bin/../lib/gcc/nios2-elf/5.3.0/../../../../../H-x86_64-mingw32/nios2-elf/lib\libc.a(lib_a-locale.o)
                                         0x12 (size before relaxing)
 .rodata.p05.2768
                0x0000000004085538        0xc e:/intelfpga/16.1/nios2eds/bin/gnu/h-x86_64-mingw32/bin/../lib/gcc/nios2-elf/5.3.0/../../../../../H-x86_64-mingw32/nios2-elf/lib\libc.a(lib_a-mprec.o)
 .rodata.__mprec_tinytens
                0x0000000004085544       0x28 e:/intelfpga/16.1/nios2eds/bin/gnu/h-x86_64-mingw32/bin/../lib/gcc/nios2-elf/5.3.0/../../../../../H-x86_64-mingw32/nios2-elf/lib\libc.a(lib_a-mprec.o)
                0x0000000004085544                __mprec_tinytens
 .rodata.__mprec_bigtens
                0x000000000408556c       0x28 e:/intelfpga/16.1/nios2eds/bin/gnu/h-x86_64-mingw32/bin/../lib/gcc/nios2-elf/5.3.0/../../../../../H-x86_64-mingw32/nios2-elf/lib\libc.a(lib_a-mprec.o)
                0x000000000408556c                __mprec_bigtens
 .rodata.__mprec_tens
                0x0000000004085594       0xc8 e:/intelfpga/16.1/nios2eds/bin/gnu/h-x86_64-mingw32/bin/../lib/gcc/nios2-elf/5.3.0/../../../../../H-x86_64-mingw32/nios2-elf/lib\libc.a(lib_a-mprec.o)
                0x0000000004085594                __mprec_tens
 .rodata.str1.4
                0x000000000408565c       0x2f e:/intelfpga/16.1/nios2eds/bin/gnu/h-x86_64-mingw32/bin/../lib/gcc/nios2-elf/5.3.0/../../../../../H-x86_64-mingw32/nios2-elf/lib\libc.a(lib_a-svfiprintf.o)
 .rodata.zeroes.4333
                0x000000000408565c       0x10 e:/intelfpga/16.1/nios2eds/bin/gnu/h-x86_64-mingw32/bin/../lib/gcc/nios2-elf/5.3.0/../../../../../H-x86_64-mingw32/nios2-elf/lib\libc.a(lib_a-svfiprintf.o)
 .rodata.blanks.4332
                0x000000000408566c       0x10 e:/intelfpga/16.1/nios2eds/bin/gnu/h-x86_64-mingw32/bin/../lib/gcc/nios2-elf/5.3.0/../../../../../H-x86_64-mingw32/nios2-elf/lib\libc.a(lib_a-svfiprintf.o)
 .rodata.str1.4
                0x000000000408567c       0x2f e:/intelfpga/16.1/nios2eds/bin/gnu/h-x86_64-mingw32/bin/../lib/gcc/nios2-elf/5.3.0/../../../../../H-x86_64-mingw32/nios2-elf/lib\libc.a(lib_a-vfiprintf.o)
 .rodata.zeroes.4349
                0x000000000408567c       0x10 e:/intelfpga/16.1/nios2eds/bin/gnu/h-x86_64-mingw32/bin/../lib/gcc/nios2-elf/5.3.0/../../../../../H-x86_64-mingw32/nios2-elf/lib\libc.a(lib_a-vfiprintf.o)
 .rodata.blanks.4348
                0x000000000408568c       0x10 e:/intelfpga/16.1/nios2eds/bin/gnu/h-x86_64-mingw32/bin/../lib/gcc/nios2-elf/5.3.0/../../../../../H-x86_64-mingw32/nios2-elf/lib\libc.a(lib_a-vfiprintf.o)
 .rodata        0x000000000408569c        0xa ../GUI_APP_bsp/\libhal_bsp.a(alt_dev.o)
 *fill*         0x00000000040856a6        0x2 
 .rodata        0x00000000040856a8        0xf ../GUI_APP_bsp/\libhal_bsp.a(alt_main.o)
 *fill*         0x00000000040856b7        0x1 
 .rodata        0x00000000040856b8       0x2f ../GUI_APP_bsp/\libhal_bsp.a(alt_sys_init.o)
 *(.rodata1)
                0x00000000040856e8                . = ALIGN (0x4)
 *fill*         0x00000000040856e7        0x1 
                [!provide]                        PROVIDE (__ram_rodata_end, ABSOLUTE (.))
                [!provide]                        PROVIDE (__flash_rodata_start, LOADADDR (.rodata))

.rwdata         0x00000000040856e8    0x6d934
                [!provide]                        PROVIDE (__ram_rwdata_start, ABSOLUTE (.))
                0x00000000040856e8                . = ALIGN (0x4)
 *(.got.plt)
 *(.got)
 *(.data1)
 *(.data .data.* .gnu.linkonce.d.*)
 .data          0x00000000040856e8        0x0 ../GUI_APP_bsp//obj/HAL/src/crt0.o
 .data          0x00000000040856e8        0x0 obj/default/gesture.o
 .data          0x00000000040856e8      0xbc0 obj/default/fonts/tahomabold_20.o
                0x00000000040856e8                tahomabold_20
 .data          0x00000000040862a8      0xbc0 obj/default/fonts/tahomabold_32.o
                0x00000000040862a8                tahomabold_32
 .data          0x0000000004086e68        0x0 obj/default/geometry.o
 .data          0x0000000004086e68        0x0 obj/default/gimp_bmp/gimp_bmp.o
 .data          0x0000000004086e68      0x415 obj/default/graphic_lib/simple_graphics.o
                0x0000000004086e68                cour10_font_array
 .data          0x000000000408727d        0x0 obj/default/graphic_lib/simple_text.o
 .data          0x000000000408727d        0x0 obj/default/gui_gsensor.o
 *fill*         0x000000000408727d        0x3 
 .data          0x0000000004087280     0xea74 obj/default/images/H_Bar.o
                0x0000000004087280                H_Bar_Data
                0x0000000004095ce4                H_Bar
 .data          0x0000000004095cf4     0xea74 obj/default/images/V_Bar.o
                0x0000000004095cf4                V_Bar_Data
                0x00000000040a4758                V_Bar
 .data          0x00000000040a4768    0x2dc80 obj/default/images/ball.o
                0x00000000040a4768                ball_data
                0x00000000040d23d8                ball
 .data          0x00000000040d23e8      0xd38 obj/default/images/ball_water.o
                0x00000000040d23e8                ball_water_data
                0x00000000040d3110                ball_water
 .data          0x00000000040d3120        0x0 obj/default/images/bar.o
 .data          0x00000000040d3120    0x19d44 obj/default/images/bright.o
                0x00000000040d3120                bright_data
                0x00000000040ece54                bright
 .data          0x00000000040ece64      0x224 obj/default/images/dot.o
                0x00000000040ece64                dot_data
                0x00000000040ed078                dot
 .data          0x00000000040ed088      0x1c4 obj/default/images/h_Bar_Line.o
                0x00000000040ed088                h_Bar_Line_data
                0x00000000040ed23c                h_Bar_Line
 .data          0x00000000040ed24c      0xd54 obj/default/images/h_bar_water.o
                0x00000000040ed24c                h_bar_water_data
                0x00000000040edf90                h_bar_water
 .data          0x00000000040edfa0     0x2624 obj/default/images/ring.o
                0x00000000040edfa0                ring_data
                0x00000000040f05b4                ring
 .data          0x00000000040f05c4      0x1ac obj/default/images/v_Bar_Line.o
                0x00000000040f05c4                v_Bar_Line_data
                0x00000000040f0760                v_Bar_Line
 .data          0x00000000040f0770      0xce0 obj/default/images/v_bar_water.o
                0x00000000040f0770                v_bar_water_data
                0x00000000040f1440                v_bar_water
 .data          0x00000000040f1450        0x0 obj/default/main.o
 .data          0x00000000040f1450        0x0 obj/default/mpu9250.o
 .data          0x00000000040f1450        0x0 obj/default/terasic_lib/I2C_core.o
 .data          0x00000000040f1450        0x0 obj/default/terasic_lib/light_sensor.o
 .data          0x00000000040f1450        0x0 obj/default/terasic_lib/multi_touch2.o
 .data          0x00000000040f1450        0x0 obj/default/terasic_lib/queue.o
 .data          0x00000000040f1450        0x0 obj/default/vip_fr.o
 .data          0x00000000040f1450        0x0 e:/intelfpga/16.1/nios2eds/bin/gnu/h-x86_64-mingw32/bin/../lib/gcc/nios2-elf/5.3.0/../../../../../H-x86_64-mingw32/nios2-elf/lib\libm.a(lib_a-s_atan.o)
 .data          0x00000000040f1450        0x0 e:/intelfpga/16.1/nios2eds/bin/gnu/h-x86_64-mingw32/bin/../lib/gcc/nios2-elf/5.3.0/../../../../../H-x86_64-mingw32/nios2-elf/lib\libm.a(lib_a-s_fabs.o)
 .data          0x00000000040f1450        0x0 e:/intelfpga/16.1/nios2eds/bin/gnu/h-x86_64-mingw32/bin/../lib/gcc/nios2-elf/5.3.0/../../../../../H-x86_64-mingw32/nios2-elf/lib\libm.a(lib_a-w_sqrt.o)
 .data          0x00000000040f1450        0x0 e:/intelfpga/16.1/nios2eds/bin/gnu/h-x86_64-mingw32/bin/../lib/gcc/nios2-elf/5.3.0/../../../../../H-x86_64-mingw32/nios2-elf/lib\libm.a(lib_a-e_sqrt.o)
 .data          0x00000000040f1450        0x0 e:/intelfpga/16.1/nios2eds/bin/gnu/h-x86_64-mingw32/bin/../lib/gcc/nios2-elf/5.3.0/../../../../../H-x86_64-mingw32/nios2-elf/lib\libm.a(lib_a-s_fpclassify.o)
 .data          0x00000000040f1450        0x0 e:/intelfpga/16.1/nios2eds/bin/gnu/h-x86_64-mingw32/bin/../lib/gcc/nios2-elf/5.3.0/../../../../../H-x86_64-mingw32/nios2-elf/lib\libm.a(lib_a-s_lib_ver.o)
 .data          0x00000000040f1450        0x0 e:/intelfpga/16.1/nios2eds/bin/gnu/h-x86_64-mingw32/bin/../lib/gcc/nios2-elf/5.3.0/../../../../../H-x86_64-mingw32/nios2-elf/lib\libm.a(lib_a-s_matherr.o)
 .data          0x00000000040f1450        0x0 e:/intelfpga/16.1/nios2eds/bin/gnu/h-x86_64-mingw32/bin/../lib/gcc/nios2-elf/5.3.0\libgcc.a(lib2-divmod.o)
 .data          0x00000000040f1450        0x0 e:/intelfpga/16.1/nios2eds/bin/gnu/h-x86_64-mingw32/bin/../lib/gcc/nios2-elf/5.3.0\libgcc.a(addsf3.o)
 .data          0x00000000040f1450        0x0 e:/intelfpga/16.1/nios2eds/bin/gnu/h-x86_64-mingw32/bin/../lib/gcc/nios2-elf/5.3.0\libgcc.a(divsf3.o)