Archive member included to satisfy reference by file (symbol)

d:/intelfpga/16.1/nios2eds/bin/gnu/h-x86_64-mingw32/bin/../lib/gcc/nios2-elf/5.3.0\libgcc.a(lib2-divmod.o)
                              obj/default/I2C_core.o (__divsi3)
d:/intelfpga/16.1/nios2eds/bin/gnu/h-x86_64-mingw32/bin/../lib/gcc/nios2-elf/5.3.0\libgcc.a(divsf3.o)
                              obj/default/main.o (__divsf3)
d:/intelfpga/16.1/nios2eds/bin/gnu/h-x86_64-mingw32/bin/../lib/gcc/nios2-elf/5.3.0\libgcc.a(fixsfsi.o)
                              obj/default/main.o (__fixsfsi)
d:/intelfpga/16.1/nios2eds/bin/gnu/h-x86_64-mingw32/bin/../lib/gcc/nios2-elf/5.3.0\libgcc.a(floatsisf.o)
                              obj/default/main.o (__floatsisf)
d:/intelfpga/16.1/nios2eds/bin/gnu/h-x86_64-mingw32/bin/../lib/gcc/nios2-elf/5.3.0\libgcc.a(_clzsi2.o)
                              d:/intelfpga/16.1/nios2eds/bin/gnu/h-x86_64-mingw32/bin/../lib/gcc/nios2-elf/5.3.0\libgcc.a(divsf3.o) (__clzsi2)
d:/intelfpga/16.1/nios2eds/bin/gnu/h-x86_64-mingw32/bin/../lib/gcc/nios2-elf/5.3.0\libgcc.a(_clz.o)
                              d:/intelfpga/16.1/nios2eds/bin/gnu/h-x86_64-mingw32/bin/../lib/gcc/nios2-elf/5.3.0\libgcc.a(_clzsi2.o) (__clz_tab)
d:/intelfpga/16.1/nios2eds/bin/gnu/h-x86_64-mingw32/bin/../lib/gcc/nios2-elf/5.3.0/../../../../../H-x86_64-mingw32/nios2-elf/lib\libsmallc.a(lib_a-printf.o)
                              obj/default/camera.o (printf)
d:/intelfpga/16.1/nios2eds/bin/gnu/h-x86_64-mingw32/bin/../lib/gcc/nios2-elf/5.3.0/../../../../../H-x86_64-mingw32/nios2-elf/lib\libsmallc.a(lib_a-puts.o)
                              obj/default/I2C_core.o (puts)
d:/intelfpga/16.1/nios2eds/bin/gnu/h-x86_64-mingw32/bin/../lib/gcc/nios2-elf/5.3.0/../../../../../H-x86_64-mingw32/nios2-elf/lib\libsmallc.a(lib_a-strlen.o)
                              d:/intelfpga/16.1/nios2eds/bin/gnu/h-x86_64-mingw32/bin/../lib/gcc/nios2-elf/5.3.0/../../../../../H-x86_64-mingw32/nios2-elf/lib\libsmallc.a(lib_a-puts.o) (strlen)
d:/intelfpga/16.1/nios2eds/bin/gnu/h-x86_64-mingw32/bin/../lib/gcc/nios2-elf/5.3.0/../../../../../H-x86_64-mingw32/nios2-elf/lib\libsmallc.a(lib_a-vfprintf.o)
                              d:/intelfpga/16.1/nios2eds/bin/gnu/h-x86_64-mingw32/bin/../lib/gcc/nios2-elf/5.3.0/../../../../../H-x86_64-mingw32/nios2-elf/lib\libsmallc.a(lib_a-printf.o) (___vfprintf_internal_r)
d:/intelfpga/16.1/nios2eds/bin/gnu/h-x86_64-mingw32/bin/../lib/gcc/nios2-elf/5.3.0/../../../../../H-x86_64-mingw32/nios2-elf/lib\libsmallc.a(lib_a-fvwrite_small_dev.o)
                              d:/intelfpga/16.1/nios2eds/bin/gnu/h-x86_64-mingw32/bin/../lib/gcc/nios2-elf/5.3.0/../../../../../H-x86_64-mingw32/nios2-elf/lib\libsmallc.a(lib_a-printf.o) (__sfvwrite_small_dev)
d:/intelfpga/16.1/nios2eds/bin/gnu/h-x86_64-mingw32/bin/../lib/gcc/nios2-elf/5.3.0/../../../../../H-x86_64-mingw32/nios2-elf/lib\libsmallc.a(lib_a-impure.o)
                              d:/intelfpga/16.1/nios2eds/bin/gnu/h-x86_64-mingw32/bin/../lib/gcc/nios2-elf/5.3.0/../../../../../H-x86_64-mingw32/nios2-elf/lib\libsmallc.a(lib_a-printf.o) (_impure_ptr)
d:/intelfpga/16.1/nios2eds/bin/gnu/h-x86_64-mingw32/bin/../lib/gcc/nios2-elf/5.3.0/../../../../../H-x86_64-mingw32/nios2-elf/lib\libsmallc.a(lib_a-writer.o)
                              d:/intelfpga/16.1/nios2eds/bin/gnu/h-x86_64-mingw32/bin/../lib/gcc/nios2-elf/5.3.0/../../../../../H-x86_64-mingw32/nios2-elf/lib\libsmallc.a(lib_a-fvwrite_small_dev.o) (_write_r)
d:/intelfpga/16.1/nios2eds/bin/gnu/h-x86_64-mingw32/bin/../lib/gcc/nios2-elf/5.3.0/../../../../../H-x86_64-mingw32/nios2-elf/lib\libsmallc.a(lib_a-int_errno.o)
                              d:/intelfpga/16.1/nios2eds/bin/gnu/h-x86_64-mingw32/bin/../lib/gcc/nios2-elf/5.3.0/../../../../../H-x86_64-mingw32/nios2-elf/lib\libsmallc.a(lib_a-writer.o) (errno)
../NIOS_APP_bsp/\libhal_bsp.a(alt_load.o)
                              ../NIOS_APP_bsp//obj/HAL/src/crt0.o (alt_load)
../NIOS_APP_bsp/\libhal_bsp.a(alt_main.o)
                              ../NIOS_APP_bsp//obj/HAL/src/crt0.o (alt_main)
../NIOS_APP_bsp/\libhal_bsp.a(alt_usleep.o)
                              obj/default/I2C_core.o (usleep)
../NIOS_APP_bsp/\libhal_bsp.a(alt_write.o)
                              d:/intelfpga/16.1/nios2eds/bin/gnu/h-x86_64-mingw32/bin/../lib/gcc/nios2-elf/5.3.0/../../../../../H-x86_64-mingw32/nios2-elf/lib\libsmallc.a(lib_a-writer.o) (write)
../NIOS_APP_bsp/\libhal_bsp.a(alt_sys_init.o)
                              ../NIOS_APP_bsp/\libhal_bsp.a(alt_main.o) (alt_irq_init)
../NIOS_APP_bsp/\libhal_bsp.a(altera_avalon_jtag_uart_fd.o)
                              ../NIOS_APP_bsp/\libhal_bsp.a(alt_sys_init.o) (altera_avalon_jtag_uart_read_fd)
../NIOS_APP_bsp/\libhal_bsp.a(altera_avalon_jtag_uart_read.o)
                              ../NIOS_APP_bsp/\libhal_bsp.a(altera_avalon_jtag_uart_fd.o) (altera_avalon_jtag_uart_read)
../NIOS_APP_bsp/\libhal_bsp.a(altera_avalon_jtag_uart_write.o)
[...]
Memory Configuration

Name             Origin             Length             Attributes
reset            0x0000000000020000 0x0000000000000020
onchip_memory2   0x0000000000020020 0x000000000000ffe0
*default*        0x0000000000000000 0xffffffffffffffff

Linker script and memory map

LOAD ../NIOS_APP_bsp//obj/HAL/src/crt0.o
LOAD obj/default/I2C_core.o
LOAD obj/default/camera.o
LOAD obj/default/main.o
LOAD obj/default/mipi_bridge_config.o
LOAD obj/default/mipi_camera_config.o
LOAD d:/intelfpga/16.1/nios2eds/bin/gnu/h-x86_64-mingw32/bin/../lib/gcc/nios2-elf/5.3.0/../../../../../H-x86_64-mingw32/nios2-elf/lib\libstdc++.a
LOAD d:/intelfpga/16.1/nios2eds/bin/gnu/h-x86_64-mingw32/bin/../lib/gcc/nios2-elf/5.3.0/../../../../../H-x86_64-mingw32/nios2-elf/lib\libm.a
LOAD d:/intelfpga/16.1/nios2eds/bin/gnu/h-x86_64-mingw32/bin/../lib/gcc/nios2-elf/5.3.0\libgcc.a
START GROUP
LOAD d:/intelfpga/16.1/nios2eds/bin/gnu/h-x86_64-mingw32/bin/../lib/gcc/nios2-elf/5.3.0/../../../../../H-x86_64-mingw32/nios2-elf/lib\libsmallc.a
LOAD d:/intelfpga/16.1/nios2eds/bin/gnu/h-x86_64-mingw32/bin/../lib/gcc/nios2-elf/5.3.0\libgcc.a
LOAD ../NIOS_APP_bsp/\libhal_bsp.a
LOAD d:/intelfpga/16.1/nios2eds/bin/gnu/h-x86_64-mingw32/bin/../lib/gcc/nios2-elf/5.3.0/../../../../../H-x86_64-mingw32/nios2-elf/lib\libm.a
END GROUP
LOAD d:/intelfpga/16.1/nios2eds/bin/gnu/h-x86_64-mingw32/bin/../lib/gcc/nios2-elf/5.3.0\libgcc.a
                0x0000000000020000                __alt_mem_onchip_memory2 = 0x20000

.entry          0x0000000000020000       0x20
 *(.entry)
 .entry         0x0000000000020000       0x20 ../NIOS_APP_bsp//obj/HAL/src/crt0.o
                0x0000000000020000                __reset

.exceptions     0x0000000000020020      0x224
                0x0000000000020020                PROVIDE (__ram_exceptions_start, ABSOLUTE (.))
                0x0000000000020020                . = ALIGN (0x20)
 *(.irq)
 *(.exceptions.entry.label)
 .exceptions.entry.label
                0x0000000000020020        0x0 ../NIOS_APP_bsp/\libhal_bsp.a(alt_irq_entry.o)
                0x0000000000020020                alt_irq_entry
 .exceptions.entry.label
                0x0000000000020020        0x0 ../NIOS_APP_bsp/\libhal_bsp.a(alt_exception_entry.o)
                0x0000000000020020                alt_exception
 *(.exceptions.entry.user)
 *(.exceptions.entry.ecc_fatal)
 *(.exceptions.entry)
 .exceptions.entry
                0x0000000000020020       0x54 ../NIOS_APP_bsp/\libhal_bsp.a(alt_exception_entry.o)
 *(.exceptions.irqtest.user)
 *(.exceptions.irqtest)
 .exceptions.irqtest
                0x0000000000020074       0x10 ../NIOS_APP_bsp/\libhal_bsp.a(alt_irq_entry.o)
 *(.exceptions.irqhandler.user)
 *(.exceptions.irqhandler)
 .exceptions.irqhandler
                0x0000000000020084        0x4 ../NIOS_APP_bsp/\libhal_bsp.a(alt_irq_entry.o)
 *(.exceptions.irqreturn.user)
 *(.exceptions.irqreturn)
 .exceptions.irqreturn
                0x0000000000020088        0x4 ../NIOS_APP_bsp/\libhal_bsp.a(alt_irq_entry.o)
 *(.exceptions.notirq.label)
 .exceptions.notirq.label
                0x000000000002008c        0x0 ../NIOS_APP_bsp/\libhal_bsp.a(alt_irq_entry.o)
 *(.exceptions.notirq.user)
 *(.exceptions.notirq)
 .exceptions.notirq
                0x000000000002008c        0x8 ../NIOS_APP_bsp/\libhal_bsp.a(alt_exception_entry.o)
 *(.exceptions.soft.user)
 *(.exceptions.soft)
 *(.exceptions.unknown.user)
 *(.exceptions.unknown)
 .exceptions.unknown
                0x0000000000020094       0x14 ../NIOS_APP_bsp/\libhal_bsp.a(alt_exception_entry.o)
 *(.exceptions.exit.label)
 .exceptions.exit.label
                0x00000000000200a8        0x0 ../NIOS_APP_bsp/\libhal_bsp.a(alt_irq_entry.o)
 .exceptions.exit.label
                0x00000000000200a8        0x0 ../NIOS_APP_bsp/\libhal_bsp.a(alt_exception_entry.o)
 *(.exceptions.exit.user)
 *(.exceptions.exit)
 .exceptions.exit
                0x00000000000200a8       0x54 ../NIOS_APP_bsp/\libhal_bsp.a(alt_exception_entry.o)
 *(.exceptions)
 .exceptions    0x00000000000200fc       0xd4 ../NIOS_APP_bsp/\libhal_bsp.a(alt_irq_handler.o)
                0x00000000000200fc                alt_irq_handler
 .exceptions    0x00000000000201d0       0x74 ../NIOS_APP_bsp/\libhal_bsp.a(alt_instruction_exception_entry.o)
                0x00000000000201d0                alt_instruction_exception_entry
                0x0000000000020244                PROVIDE (__ram_exceptions_end, ABSOLUTE (.))
                0x0000000000020020                PROVIDE (__flash_exceptions_start, LOADADDR (.exceptions))

.text           0x0000000000020244     0x4f18
                [!provide]                        PROVIDE (stext, ABSOLUTE (.))
 *(.interp)
 *(.hash)
 *(.dynsym)
 *(.dynstr)
 *(.gnu.version)
 *(.gnu.version_d)
 *(.gnu.version_r)
 *(.rel.init)
 *(.rela.init)
 *(.rel.text .rel.text.* .rel.gnu.linkonce.t.*)
 *(.rela.text .rela.text.* .rela.gnu.linkonce.t.*)
 *(.rel.fini)
 *(.rela.fini)
 *(.rel.rodata .rel.rodata.* .rel.gnu.linkonce.r.*)
 *(.rela.rodata .rela.rodata.* .rela.gnu.linkonce.r.*)
 *(.rel.data .rel.data.* .rel.gnu.linkonce.d.*)
 *(.rela.data .rela.data.* .rela.gnu.linkonce.d.*)
 *(.rel.tdata .rel.tdata.* .rel.gnu.linkonce.td.*)
 *(.rela.tdata .rela.tdata.* .rela.gnu.linkonce.td.*)
 *(.rel.tbss .rel.tbss.* .rel.gnu.linkonce.tb.*)
 *(.rela.tbss .rela.tbss.* .rela.gnu.linkonce.tb.*)
 *(.rel.ctors)
 *(.rela.ctors)
 *(.rel.dtors)
 *(.rela.dtors)
 *(.rel.got)
 *(.rela.got)
 *(.rel.sdata .rel.sdata.* .rel.gnu.linkonce.s.*)
 *(.rela.sdata .rela.sdata.* .rela.gnu.linkonce.s.*)
 *(.rel.sbss .rel.sbss.* .rel.gnu.linkonce.sb.*)
 *(.rela.sbss .rela.sbss.* .rela.gnu.linkonce.sb.*)
 *(.rel.sdata2 .rel.sdata2.* .rel.gnu.linkonce.s2.*)
 *(.rela.sdata2 .rela.sdata2.* .rela.gnu.linkonce.s2.*)
 *(.rel.sbss2 .rel.sbss2.* .rel.gnu.linkonce.sb2.*)
 *(.rela.sbss2 .rela.sbss2.* .rela.gnu.linkonce.sb2.*)
 *(.rel.bss .rel.bss.* .rel.gnu.linkonce.b.*)
 *(.rela.bss .rela.bss.* .rela.gnu.linkonce.b.*)
 *(.rel.plt)
 *(.rela.plt)
 *(.rel.dyn)
 *(.init)
 *(.plt)
 *(.text .stub .text.* .gnu.linkonce.t.*)
 .text          0x0000000000020244       0x4c ../NIOS_APP_bsp//obj/HAL/src/crt0.o
                0x0000000000020244                _start
 .text          0x0000000000020290      0xdac obj/default/I2C_core.o
                0x0000000000020290                Write32_Data
                0x00000000000202e8                Read32_Data
                0x0000000000020340                oc_i2c_init
                0x0000000000020398                oc_i2c_init_ex
                0x00000000000204d4                oc_i2c_uninit
                0x0000000000020558                ACK_single_check
                0x00000000000205e4                ACK_check
                0x0000000000020644                OC_I2C_Write
                0x0000000000020844                ACK_judge_for_read
                0x00000000000208a8                OC_I2C_Read
                0x0000000000020a74                OC_I2C_Read_Continue
                0x0000000000020bac                OC_I2CL_Write
                0x0000000000020dbc                OC_I2CL_Read
 .text          0x000000000002103c      0x3ec obj/default/camera.o
                0x000000000002103c                mipi_clear_error
                0x00000000000210f4                mipi_show_error_info
                0x000000000002118c                mipi_show_error_info_more
                0x0000000000021304                MIPI_Init
                0x0000000000021384                Init_mipi_d8m
 .text          0x0000000000021428      0xa10 obj/default/main.o
                0x0000000000021428                MIX_Reset
                0x0000000000021524                MIX_EnableLayer
                0x0000000000021604                MIX_MoveLayer
                0x000000000002167c                config_for_linux
                0x00000000000217d4                test_camera
                0x0000000000021970                test
                0x0000000000021b6c                test_audio
                0x0000000000021d6c                led_blink
                0x0000000000021de0                main
 .text          0x0000000000021e38      0x260 obj/default/mipi_bridge_config.o
                0x0000000000021e38                nSWAP16
                0x0000000000021e84                MipiBridgeRegWrite
                0x0000000000021ef0                MipiBridgeRegRead
                0x0000000000021f68                MipiBridgeInit
 .text          0x0000000000022098      0x638 obj/default/mipi_camera_config.o
                0x0000000000022098                OV8865_read_cmos_sensor_8
                0x00000000000220fc                OV8865_write_cmos_sensor_8
                0x0000000000022168                OV8865_write_AF
                0x00000000000221d4                OV8865_read_AF
                0x0000000000022254                OV8865_FOCUS_Move_to
                0x0000000000022320                MIPI_BIN_LEVEL
                0x00000000000224c4                MipiCameraInit
 .text          0x00000000000226d0      0x1b4 d:/intelfpga/16.1/nios2eds/bin/gnu/h-x86_64-mingw32/bin/../lib/gcc/nios2-elf/5.3.0\libgcc.a(lib2-divmod.o)
                0x00000000000226d0                __divsi3
                0x0000000000022754                __modsi3
                0x00000000000227c8                __udivsi3
                0x000000000002282c                __umodsi3
 .text          0x0000000000022884      0x440 d:/intelfpga/16.1/nios2eds/bin/gnu/h-x86_64-mingw32/bin/../lib/gcc/nios2-elf/5.3.0\libgcc.a(divsf3.o)
                0x0000000000022884                __divsf3
 .text          0x0000000000022cc4       0x70 d:/intelfpga/16.1/nios2eds/bin/gnu/h-x86_64-mingw32/bin/../lib/gcc/nios2-elf/5.3.0\libgcc.a(fixsfsi.o)
                0x0000000000022cc4                __fixsfsi
 .text          0x0000000000022d34      0x124 d:/intelfpga/16.1/nios2eds/bin/gnu/h-x86_64-mingw32/bin/../lib/gcc/nios2-elf/5.3.0\libgcc.a(floatsisf.o)
                0x0000000000022d34                __floatsisf
 .text          0x0000000000022e58       0x64 d:/intelfpga/16.1/nios2eds/bin/gnu/h-x86_64-mingw32/bin/../lib/gcc/nios2-elf/5.3.0\libgcc.a(_clzsi2.o)
                0x0000000000022e58                __clzsi2
 .text          0x0000000000022ebc        0x0 d:/intelfpga/16.1/nios2eds/bin/gnu/h-x86_64-mingw32/bin/../lib/gcc/nios2-elf/5.3.0\libgcc.a(_clz.o)
 .text          0x0000000000022ebc        0x0 d:/intelfpga/16.1/nios2eds/bin/gnu/h-x86_64-mingw32/bin/../lib/gcc/nios2-elf/5.3.0/../../../../../H-x86_64-mingw32/nios2-elf/lib\libsmallc.a(lib_a-printf.o)
 .text._printf_r
                0x0000000000022ebc       0x3c d:/intelfpga/16.1/nios2eds/bin/gnu/h-x86_64-mingw32/bin/../lib/gcc/nios2-elf/5.3.0/../../../../../H-x86_64-mingw32/nios2-elf/lib\libsmallc.a(lib_a-printf.o)
                0x0000000000022ebc                _printf_r
 .text.printf   0x0000000000022ef8       0x4c d:/intelfpga/16.1/nios2eds/bin/gnu/h-x86_64-mingw32/bin/../lib/gcc/nios2-elf/5.3.0/../../../../../H-x86_64-mingw32/nios2-elf/lib\libsmallc.a(lib_a-printf.o)
                0x0000000000022ef8                printf
 .text          0x0000000000022f44        0x0 d:/intelfpga/16.1/nios2eds/bin/gnu/h-x86_64-mingw32/bin/../lib/gcc/nios2-elf/5.3.0/../../../../../H-x86_64-mingw32/nios2-elf/lib\libsmallc.a(lib_a-puts.o)
 .text._puts_r  0x0000000000022f44       0x80 d:/intelfpga/16.1/nios2eds/bin/gnu/h-x86_64-mingw32/bin/../lib/gcc/nios2-elf/5.3.0/../../../../../H-x86_64-mingw32/nios2-elf/lib\libsmallc.a(lib_a-puts.o)
                0x0000000000022f44                _puts_r
 .text.puts     0x0000000000022fc4       0x14 d:/intelfpga/16.1/nios2eds/bin/gnu/h-x86_64-mingw32/bin/../lib/gcc/nios2-elf/5.3.0/../../../../../H-x86_64-mingw32/nios2-elf/lib\libsmallc.a(lib_a-puts.o)
                0x0000000000022fc4                puts
 .text          0x0000000000022fd8        0x0 d:/intelfpga/16.1/nios2eds/bin/gnu/h-x86_64-mingw32/bin/../lib/gcc/nios2-elf/5.3.0/../../../../../H-x86_64-mingw32/nios2-elf/lib\libsmallc.a(lib_a-strlen.o)
 .text.strlen   0x0000000000022fd8       0x1c d:/intelfpga/16.1/nios2eds/bin/gnu/h-x86_64-mingw32/bin/../lib/gcc/nios2-elf/5.3.0/../../../../../H-x86_64-mingw32/nios2-elf/lib\libsmallc.a(lib_a-strlen.o)
                0x0000000000022fd8                strlen
 .text          0x0000000000022ff4        0x0 d:/intelfpga/16.1/nios2eds/bin/gnu/h-x86_64-mingw32/bin/../lib/gcc/nios2-elf/5.3.0/../../../../../H-x86_64-mingw32/nios2-elf/lib\libsmallc.a(lib_a-vfprintf.o)
 .text.print_repeat
                0x0000000000022ff4       0x6c d:/intelfpga/16.1/nios2eds/bin/gnu/h-x86_64-mingw32/bin/../lib/gcc/nios2-elf/5.3.0/../../../../../H-x86_64-mingw32/nios2-elf/lib\libsmallc.a(lib_a-vfprintf.o)
 .text.___vfprintf_internal_r
                0x0000000000023060      0x524 d:/intelfpga/16.1/nios2eds/bin/gnu/h-x86_64-mingw32/bin/../lib/gcc/nios2-elf/5.3.0/../../../../../H-x86_64-mingw32/nios2-elf/lib\libsmallc.a(lib_a-vfprintf.o)
                0x0000000000023060                ___vfprintf_internal_r
 .text.__vfprintf_internal
                0x0000000000023584       0x1c d:/intelfpga/16.1/nios2eds/bin/gnu/h-x86_64-mingw32/bin/../lib/gcc/nios2-elf/5.3.0/../../../../../H-x86_64-mingw32/nios2-elf/lib\libsmallc.a(lib_a-vfprintf.o)
                0x0000000000023584                __vfprintf_internal
 .text          0x00000000000235a0        0x0 d:/intelfpga/16.1/nios2eds/bin/gnu/h-x86_64-mingw32/bin/../lib/gcc/nios2-elf/5.3.0/../../../../../H-x86_64-mingw32/nios2-elf/lib\libsmallc.a(lib_a-fvwrite_small_dev.o)
 .text.__sfvwrite_small_dev
                0x00000000000235a0       0xb8 d:/intelfpga/16.1/nios2eds/bin/gnu/h-x86_64-mingw32/bin/../lib/gcc/nios2-elf/5.3.0/../../../../../H-x86_64-mingw32/nios2-elf/lib\libsmallc.a(lib_a-fvwrite_small_dev.o)
                0x00000000000235a0                __sfvwrite_small_dev
 .text          0x0000000000023658        0x0 d:/intelfpga/16.1/nios2eds/bin/gnu/h-x86_64-mingw32/bin/../lib/gcc/nios2-elf/5.3.0/../../../../../H-x86_64-mingw32/nios2-elf/lib\libsmallc.a(lib_a-impure.o)
 .text          0x0000000000023658        0x0 d:/intelfpga/16.1/nios2eds/bin/gnu/h-x86_64-mingw32/bin/../lib/gcc/nios2-elf/5.3.0/../../../../../H-x86_64-mingw32/nios2-elf/lib\libsmallc.a(lib_a-writer.o)
 .text._write_r
                0x0000000000023658       0x58 d:/intelfpga/16.1/nios2eds/bin/gnu/h-x86_64-mingw32/bin/../lib/gcc/nios2-elf/5.3.0/../../../../../H-x86_64-mingw32/nios2-elf/lib\libsmallc.a(lib_a-writer.o)
                0x0000000000023658                _write_r
 .text          0x00000000000236b0        0x0 d:/intelfpga/16.1/nios2eds/bin/gnu/h-x86_64-mingw32/bin/../lib/gcc/nios2-elf/5.3.0/../../../../../H-x86_64-mingw32/nios2-elf/lib\libsmallc.a(lib_a-int_errno.o)
 .text          0x00000000000236b0       0xec ../NIOS_APP_bsp/\libhal_bsp.a(alt_load.o)
                0x0000000000023718                alt_load
 .text          0x000000000002379c       0x7c ../NIOS_APP_bsp/\libhal_bsp.a(alt_main.o)
                0x000000000002379c                alt_main
 .text          0x0000000000023818       0x30 ../NIOS_APP_bsp/\libhal_bsp.a(alt_usleep.o)
                0x0000000000023818                usleep
 .text          0x0000000000023848      0x134 ../NIOS_APP_bsp/\libhal_bsp.a(alt_write.o)
                0x0000000000023884                write
 .text          0x000000000002397c       0xb8 ../NIOS_APP_bsp/\libhal_bsp.a(alt_sys_init.o)
                0x00000000000239b0                alt_irq_init
                0x00000000000239e8                alt_sys_init
 .text          0x0000000000023a34       0xc0 ../NIOS_APP_bsp/\libhal_bsp.a(altera_avalon_jtag_uart_fd.o)
                0x0000000000023a34                altera_avalon_jtag_uart_read_fd
                0x0000000000023a94                altera_avalon_jtag_uart_write_fd
 .text          0x0000000000023af4       0xec ../NIOS_APP_bsp/\libhal_bsp.a(altera_avalon_jtag_uart_read.o)
                0x0000000000023af4                altera_avalon_jtag_uart_read
 .text          0x0000000000023be0       0x94 ../NIOS_APP_bsp/\libhal_bsp.a(altera_avalon_jtag_uart_write.o)
                0x0000000000023be0                altera_avalon_jtag_uart_write
 .text          0x0000000000023c74       0xf4 ../NIOS_APP_bsp/\libhal_bsp.a(altera_avalon_timer_sc.o)
                0x0000000000023cec                alt_avalon_timer_sc_init
 .text          0x0000000000023d68      0x158 ../NIOS_APP_bsp/\libhal_bsp.a(alt_busy_sleep.o)
                0x0000000000023d68                alt_busy_sleep
 .text          0x0000000000023ec0      0x10c ../NIOS_APP_bsp/\libhal_bsp.a(alt_close.o)
                0x0000000000023efc                close
 .text          0x0000000000023fcc       0x48 ../NIOS_APP_bsp/\libhal_bsp.a(alt_dcache_flush_all.o)
                0x0000000000023fcc                alt_dcache_flush_all
 .text          0x0000000000024014       0x2c ../NIOS_APP_bsp/\libhal_bsp.a(alt_dev.o)
 .text          0x0000000000024040       0xe0 ../NIOS_APP_bsp/\libhal_bsp.a(alt_dev_llist_insert.o)
                0x000000000002407c                alt_dev_llist_insert
 .text          0x0000000000024120       0x60 ../NIOS_APP_bsp/\libhal_bsp.a(alt_do_ctors.o)
                0x0000000000024120                _do_ctors
 .text          0x0000000000024180       0x60 ../NIOS_APP_bsp/\libhal_bsp.a(alt_do_dtors.o)
                0x0000000000024180                _do_dtors
 .text          0x00000000000241e0        0x0 ../NIOS_APP_bsp/\libhal_bsp.a(alt_errno.o)
 .text          0x00000000000241e0       0x34 ../NIOS_APP_bsp/\libhal_bsp.a(alt_icache_flush_all.o)
                0x00000000000241e0                alt_icache_flush_all
 .text          0x0000000000024214      0x1b0 ../NIOS_APP_bsp/\libhal_bsp.a(alt_iic.o)
                0x0000000000024214                alt_ic_isr_register
                0x0000000000024264                alt_ic_irq_enable
                0x00000000000242ec                alt_ic_irq_disable
                0x0000000000024378                alt_ic_irq_enabled
 .text          0x00000000000243c4       0xf0 ../NIOS_APP_bsp/\libhal_bsp.a(alt_iic_isr_register.o)
                0x00000000000243c4                alt_iic_isr_register
 .text          0x00000000000244b4      0x140 ../NIOS_APP_bsp/\libhal_bsp.a(alt_io_redirect.o)
                0x0000000000024578                alt_io_redirect
 .text          0x00000000000245f4        0x0 ../NIOS_APP_bsp/\libhal_bsp.a(alt_irq_entry.o)
 .text          0x00000000000245f4        0x0 ../NIOS_APP_bsp/\libhal_bsp.a(alt_irq_handler.o)
 .text          0x00000000000245f4        0x0 ../NIOS_APP_bsp/\libhal_bsp.a(alt_irq_vars.o)
 .text          0x00000000000245f4      0x254 ../NIOS_APP_bsp/\libhal_bsp.a(alt_open.o)
                0x00000000000246f4                open
 .text          0x0000000000024848       0x64 ../NIOS_APP_bsp/\libhal_bsp.a(alt_release_fd.o)
                0x0000000000024848                alt_release_fd
 .text          0x00000000000248ac      0x1a4 ../NIOS_APP_bsp/\libhal_bsp.a(alt_tick.o)
                0x00000000000248ac                alt_alarm_stop
                0x0000000000024948                alt_tick
 .text          0x0000000000024a50       0x24 ../NIOS_APP_bsp/\libhal_bsp.a(altera_nios2_gen2_irq.o)
                0x0000000000024a50                altera_nios2_gen2_irq_init
 .text          0x0000000000024a74        0x0 ../NIOS_APP_bsp/\libhal_bsp.a(alt_exception_entry.o)
 .text          0x0000000000024a74       0x90 ../NIOS_APP_bsp/\libhal_bsp.a(alt_find_dev.o)
                0x0000000000024a74                alt_find_dev
 .text          0x0000000000024b04      0x108 ../NIOS_APP_bsp/\libhal_bsp.a(alt_find_file.o)
                0x0000000000024b04                alt_find_file
 .text          0x0000000000024c0c       0xa4 ../NIOS_APP_bsp/\libhal_bsp.a(alt_get_fd.o)
                0x0000000000024c0c                alt_get_fd
 .text          0x0000000000024cb0       0x90 ../NIOS_APP_bsp/\libhal_bsp.a(alt_icache_flush.o)
                0x0000000000024cb0                alt_icache_flush
 .text          0x0000000000024d40       0x9c ../NIOS_APP_bsp/\libhal_bsp.a(alt_instruction_exception_entry.o)
                0x0000000000024d40                alt_exception_cause_generated_bad_addr
 .text          0x0000000000024ddc        0x0 d:/intelfpga/16.1/nios2eds/bin/gnu/h-x86_64-mingw32/bin/../lib/gcc/nios2-elf/5.3.0/../../../../../H-x86_64-mingw32/nios2-elf/lib\libsmallc.a(lib_a-atexit.o)
 .text.atexit   0x0000000000024ddc       0x14 d:/intelfpga/16.1/nios2eds/bin/gnu/h-x86_64-mingw32/bin/../lib/gcc/nios2-elf/5.3.0/../../../../../H-x86_64-mingw32/nios2-elf/lib\libsmallc.a(lib_a-atexit.o)
                0x0000000000024ddc                atexit
 .text          0x0000000000024df0        0x0 d:/intelfpga/16.1/nios2eds/bin/gnu/h-x86_64-mingw32/bin/../lib/gcc/nios2-elf/5.3.0/../../../../../H-x86_64-mingw32/nios2-elf/lib\libsmallc.a(lib_a-exit.o)
 .text.exit     0x0000000000024df0       0x20 d:/intelfpga/16.1/nios2eds/bin/gnu/h-x86_64-mingw32/bin/../lib/gcc/nios2-elf/5.3.0/../../../../../H-x86_64-mingw32/nios2-elf/lib\libsmallc.a(lib_a-exit.o)
                0x0000000000024df0                exit
 .text          0x0000000000024e10        0x0 d:/intelfpga/16.1/nios2eds/bin/gnu/h-x86_64-mingw32/bin/../lib/gcc/nios2-elf/5.3.0/../../../../../H-x86_64-mingw32/nios2-elf/lib\libsmallc.a(lib_a-memcmp.o)
 .text.memcmp   0x0000000000024e10       0x30 d:/intelfpga/16.1/nios2eds/bin/gnu/h-x86_64-mingw32/bin/../lib/gcc/nios2-elf/5.3.0/../../../../../H-x86_64-mingw32/nios2-elf/lib\libsmallc.a(lib_a-memcmp.o)
                0x0000000000024e10                memcmp
 .text          0x0000000000024e40        0x0 d:/intelfpga/16.1/nios2eds/bin/gnu/h-x86_64-mingw32/bin/../lib/gcc/nios2-elf/5.3.0/../../../../../H-x86_64-mingw32/nios2-elf/lib\libsmallc.a(lib_a-__atexit.o)
 .text.__register_exitproc
                0x0000000000024e40      0x158 d:/intelfpga/16.1/nios2eds/bin/gnu/h-x86_64-mingw32/bin/../lib/gcc/nios2-elf/5.3.0/../../../../../H-x86_64-mingw32/nios2-elf/lib\libsmallc.a(lib_a-__atexit.o)
                0x0000000000024e40                __register_exitproc
 .text          0x0000000000024f98        0x0 d:/intelfpga/16.1/nios2eds/bin/gnu/h-x86_64-mingw32/bin/../lib/gcc/nios2-elf/5.3.0/../../../../../H-x86_64-mingw32/nios2-elf/lib\libsmallc.a(lib_a-__call_atexit.o)
 .text.__call_exitprocs
                0x0000000000024f98      0x190 d:/intelfpga/16.1/nios2eds/bin/gnu/h-x86_64-mingw32/bin/../lib/gcc/nios2-elf/5.3.0/../../../../../H-x86_64-mingw32/nios2-elf/lib\libsmallc.a(lib_a-__call_atexit.o)
                0x0000000000024f98                __call_exitprocs
 .text          0x0000000000025128       0x34 ../NIOS_APP_bsp/\libhal_bsp.a(alt_exit.o)
                0x0000000000025128                _exit
 *(.gnu.warning.*)
 *(.fini)
                [!provide]                        PROVIDE (__etext, ABSOLUTE (.))
                [!provide]                        PROVIDE (_etext, ABSOLUTE (.))
                [!provide]                        PROVIDE (etext, ABSOLUTE (.))
 *(.eh_frame_hdr)
                0x000000000002515c                . = ALIGN (0x4)
                [!provide]                        PROVIDE (__preinit_array_start, ABSOLUTE (.))
 *(.preinit_array)
                [!provide]                        PROVIDE (__preinit_array_end, ABSOLUTE (.))
                [!provide]                        PROVIDE (__init_array_start, ABSOLUTE (.))
 *(.init_array)
                [!provide]                        PROVIDE (__init_array_end, ABSOLUTE (.))
                [!provide]                        PROVIDE (__fini_array_start, ABSOLUTE (.))
 *(.fini_array)
                [!provide]                        PROVIDE (__fini_array_end, ABSOLUTE (.))
 *(.eh_frame)
 *(.gcc_except_table .gcc_except_table.*)
 *(.dynamic)
                0x000000000002515c                PROVIDE (__CTOR_LIST__, ABSOLUTE (.))
 *(.ctors)
 *(SORT(.ctors.*))
                0x000000000002515c                PROVIDE (__CTOR_END__, ABSOLUTE (.))
                0x000000000002515c                PROVIDE (__DTOR_LIST__, ABSOLUTE (.))
 *(.dtors)
 *(SORT(.dtors.*))
                0x000000000002515c                PROVIDE (__DTOR_END__, ABSOLUTE (.))
 *(.jcr)
                0x000000000002515c                . = ALIGN (0x4)

.rodata         0x000000000002515c      0x728
                0x000000000002515c                PROVIDE (__ram_rodata_start, ABSOLUTE (.))
                0x000000000002515c                . = ALIGN (0x4)
 *(.rodata .rodata.* .gnu.linkonce.r.*)
 .rodata        0x000000000002515c      0x277 obj/default/I2C_core.o
 *fill*         0x00000000000253d3        0x1 
 .rodata        0x00000000000253d4      0x172 obj/default/camera.o
 *fill*         0x0000000000025546        0x2 
 .rodata        0x0000000000025548      0x109 obj/default/main.o
 *fill*         0x0000000000025651        0x3 
 .rodata        0x0000000000025654       0x61 obj/default/mipi_bridge_config.o
 *fill*         0x00000000000256b5        0x3 
 .rodata        0x00000000000256b8       0x9c obj/default/mipi_camera_config.o
 .rodata        0x0000000000025754      0x100 d:/intelfpga/16.1/nios2eds/bin/gnu/h-x86_64-mingw32/bin/../lib/gcc/nios2-elf/5.3.0\libgcc.a(_clz.o)
                0x0000000000025754                __clz_tab
 .rodata.str1.4
                0x0000000000025854        0x4 d:/intelfpga/16.1/nios2eds/bin/gnu/h-x86_64-mingw32/bin/../lib/gcc/nios2-elf/5.3.0/../../../../../H-x86_64-mingw32/nios2-elf/lib\libsmallc.a(lib_a-puts.o)
                                          0x2 (size before relaxing)
 .rodata        0x0000000000025858        0xf ../NIOS_APP_bsp/\libhal_bsp.a(alt_main.o)
 *fill*         0x0000000000025867        0x1 
 .rodata        0x0000000000025868        0xf ../NIOS_APP_bsp/\libhal_bsp.a(alt_sys_init.o)
 *fill*         0x0000000000025877        0x1 
 .rodata        0x0000000000025878        0xa ../NIOS_APP_bsp/\libhal_bsp.a(alt_dev.o)
 *(.rodata1)
                0x0000000000025884                . = ALIGN (0x4)
 *fill*         0x0000000000025882        0x2 
                0x0000000000025884                PROVIDE (__ram_rodata_end, ABSOLUTE (.))
                0x000000000002515c                PROVIDE (__flash_rodata_start, LOADADDR (.rodata))

.rwdata         0x0000000000025884      0xa78 load address 0x00000000000262fc
                0x0000000000025884                PROVIDE (__ram_rwdata_start, ABSOLUTE (.))
                0x0000000000025884                . = ALIGN (0x4)
 *(.got.plt)
 *(.got)
 *(.data1)
 *(.data .data.* .gnu.linkonce.d.*)
 .data          0x0000000000025884        0x0 ../NIOS_APP_bsp//obj/HAL/src/crt0.o
 .data          0x0000000000025884        0x0 obj/default/I2C_core.o
 .data          0x0000000000025884        0x0 obj/default/camera.o
 .data          0x0000000000025884        0x0 obj/default/main.o
 .data          0x0000000000025884       0x34 obj/default/mipi_bridge_config.o
 .data          0x00000000000258b8      0x762 obj/default/mipi_camera_config.o
 .data          0x000000000002601a        0x0 d:/intelfpga/16.1/nios2eds/bin/gnu/h-x86_64-mingw32/bin/../lib/gcc/nios2-elf/5.3.0\libgcc.a(lib2-divmod.o)
 .data          0x000000000002601a        0x0 d:/intelfpga/16.1/nios2eds/bin/gnu/h-x86_64-mingw32/bin/../lib/gcc/nios2-elf/5.3.0\libgcc.a(divsf3.o)
 .data          0x000000000002601a        0x0 d:/intelfpga/16.1/nios2eds/bin/gnu/h-x86_64-mingw32/bin/../lib/gcc/nios2-elf/5.3.0\libgcc.a(fixsfsi.o)
 .data          0x000000000002601a        0x0 d:/intelfpga/16.1/nios2eds/bin/gnu/h-x86_64-mingw32/bin/../lib/gcc/nios2-elf/5.3.0\libgcc.a(floatsisf.o)
 .data          0x000000000002601a        0x0 d:/intelfpga/16.1/nios2eds/bin/gnu/h-x86_64-mingw32/bin/../lib/gcc/nios2-elf/5.3.0\libgcc.a(_clzsi2.o)
 .data          0x000000000002601a        0x0 d:/intelfpga/16.1/nios2eds/bin/gnu/h-x86_64-mingw32/bin/../lib/gcc/nios2-elf/5.3.0\libgcc.a(_clz.o)
 .data          0x000000000002601a        0x0 d:/intelfpga/16.1/nios2eds/bin/gnu/h-x86_64-mingw32/bin/../lib/gcc/nios2-elf/5.3.0/../../../../../H-x86_64-mingw32/nios2-elf/lib\libsmallc.a(lib_a-printf.o)
 .data          0x000000000002601a        0x0 d:/intelfpga/16.1/nios2eds/bin/gnu/h-x86_64-mingw32/bin/../lib/gcc/nios2-elf/5.3.0/../../../../../H-x86_64-mingw32/nios2-elf/lib\libsmallc.a(lib_a-puts.o)
 .data          0x000000000002601a        0x0 d:/intelfpga/16.1/nios2eds/bin/gnu/h-x86_64-mingw32/bin/../lib/gcc/nios2-elf/5.3.0/../../../../../H-x86_64-mingw32/nios2-elf/lib\libsmallc.a(lib_a-strlen.o)
 .data          0x000000000002601a        0x0 d:/intelfpga/16.1/nios2eds/bin/gnu/h-x86_64-mingw32/bin/../lib/gcc/nios2-elf/5.3.0/../../../../../H-x86_64-mingw32/nios2-elf/lib\libsmallc.a(lib_a-vfprintf.o)
 .data          0x000000000002601a        0x0 d:/intelfpga/16.1/nios2eds/bin/gnu/h-x86_64-mingw32/bin/../lib/gcc/nios2-elf/5.3.0/../../../../../H-x86_64-mingw32/nios2-elf/lib\libsmallc.a(lib_a-fvwrite_small_dev.o)
 .data          0x000000000002601a        0x0 d:/intelfpga/16.1/nios2eds/bin/gnu/h-x86_64-mingw32/bin/../lib/gcc/nios2-elf/5.3.0/../../../../../H-x86_64-mingw32/nios2-elf/lib\libsmallc.a(lib_a-impure.o)
 *fill*         0x000000000002601a        0x2 
 .data.impure_data
                0x000000000002601c       0xe0 d:/intelfpga/16.1/nios2eds/bin/gnu/h-x86_64-mingw32/bin/../lib/gcc/nios2-elf/5.3.0/../../../../../H-x86_64-mingw32/nios2-elf/lib\libsmallc.a(lib_a-impure.o)
 .data          0x00000000000260fc        0x0 d:/intelfpga/16.1/nios2eds/bin/gnu/h-x86_64-mingw32/bin/../lib/gcc/nios2-elf/5.3.0/../../../../../H-x86_64-mingw32/nios2-elf/lib\libsmallc.a(lib_a-writer.o)
 .data          0x00000000000260fc        0x0 d:/intelfpga/16.1/nios2eds/bin/gnu/h-x86_64-mingw32/bin/../lib/gcc/nios2-elf/5.3.0/../../../../../H-x86_64-mingw32/nios2-elf/lib\libsmallc.a(lib_a-int_errno.o)
 .data          0x00000000000260fc        0x0 ../NIOS_APP_bsp/\libhal_bsp.a(alt_load.o)
 .data          0x00000000000260fc        0x0 ../NIOS_APP_bsp/\libhal_bsp.a(alt_main.o)
 .data          0x00000000000260fc        0x0 ../NIOS_APP_bsp/\libhal_bsp.a(alt_usleep.o)
 .data          0x00000000000260fc        0x0 ../NIOS_APP_bsp/\libhal_bsp.a(alt_write.o)
 .data          0x00000000000260fc       0x2c ../NIOS_APP_bsp/\libhal_bsp.a(alt_sys_init.o)
 .data          0x0000000000026128        0x0 ../NIOS_APP_bsp/\libhal_bsp.a(altera_avalon_jtag_uart_fd.o)
 .data          0x0000000000026128        0x0 ../NIOS_APP_bsp/\libhal_bsp.a(altera_avalon_jtag_uart_read.o)
 .data          0x0000000000026128        0x0 ../NIOS_APP_bsp/\libhal_bsp.a(altera_avalon_jtag_uart_write.o)
 .data          0x0000000000026128        0x0 ../NIOS_APP_bsp/\libhal_bsp.a(altera_avalon_timer_sc.o)
 .data          0x0000000000026128        0x0 ../NIOS_APP_bsp/\libhal_bsp.a(alt_busy_sleep.o)
 .data          0x0000000000026128        0x0 ../NIOS_APP_bsp/\libhal_bsp.a(alt_close.o)
 .data          0x0000000000026128        0x0 ../NIOS_APP_bsp/\libhal_bsp.a(alt_dcache_flush_all.o)
 .data          0x0000000000026128      0x1a8 ../NIOS_APP_bsp/\libhal_bsp.a(alt_dev.o)
                0x0000000000026128                alt_dev_null
                0x0000000000026150                alt_fd_list
 .data          0x00000000000262d0        0x0 ../NIOS_APP_bsp/\libhal_bsp.a(alt_dev_llist_insert.o)
 .data          0x00000000000262d0        0x0 ../NIOS_APP_bsp/\libhal_bsp.a(alt_do_ctors.o)
 .data          0x00000000000262d0        0x0 ../NIOS_APP_bsp/\libhal_bsp.a(alt_do_dtors.o)
 .data          0x00000000000262d0        0x0 ../NIOS_APP_bsp/\libhal_bsp.a(alt_errno.o)
 .data          0x00000000000262d0        0x0 ../NIOS_APP_bsp/\libhal_bsp.a(alt_icache_flush_all.o)
 .data          0x00000000000262d0        0x0 ../NIOS_APP_bsp/\libhal_bsp.a(alt_iic.o)
 .data          0x00000000000262d0        0x0 ../NIOS_APP_bsp/\libhal_bsp.a(alt_iic_isr_register.o)
 .data          0x00000000000262d0        0x0 ../NIOS_APP_bsp/\libhal_bsp.a(alt_io_redirect.o)
 .data          0x00000000000262d0        0x0 ../NIOS_APP_bsp/\libhal_bsp.a(alt_irq_entry.o)
 .data          0x00000000000262d0        0x0 ../NIOS_APP_bsp/\libhal_bsp.a(alt_irq_handler.o)
 .data          0x00000000000262d0        0x0 ../NIOS_APP_bsp/\libhal_bsp.a(alt_irq_vars.o)
 .data          0x00000000000262d0        0x0 ../NIOS_APP_bsp/\libhal_bsp.a(alt_open.o)
 .data          0x00000000000262d0        0x0 ../NIOS_APP_bsp/\libhal_bsp.a(alt_release_fd.o)
 .data          0x00000000000262d0        0x0 ../NIOS_APP_bsp/\libhal_bsp.a(alt_tick.o)
 .data          0x00000000000262d0        0x0 ../NIOS_APP_bsp/\libhal_bsp.a(altera_nios2_gen2_irq.o)
 .data          0x00000000000262d0        0x0 ../NIOS_APP_bsp/\libhal_bsp.a(alt_exception_entry.o)
 .data          0x00000000000262d0        0x0 ../NIOS_APP_bsp/\libhal_bsp.a(alt_find_dev.o)
 .data          0x00000000000262d0        0x0 ../NIOS_APP_bsp/\libhal_bsp.a(alt_find_file.o)
 .data          0x00000000000262d0        0x0 ../NIOS_APP_bsp/\libhal_bsp.a(alt_get_fd.o)
 .data          0x00000000000262d0        0x0 ../NIOS_APP_bsp/\libhal_bsp.a(alt_icache_flush.o)
 .data          0x00000000000262d0        0x0 ../NIOS_APP_bsp/\libhal_bsp.a(alt_instruction_exception_entry.o)
 .data          0x00000000000262d0        0x0 d:/intelfpga/16.1/nios2eds/bin/gnu/h-x86_64-mingw32/bin/../lib/gcc/nios2-elf/5.3.0/../../../../../H-x86_64-mingw32/nios2-elf/lib\libsmallc.a(lib_a-atexit.o)
 .data          0x00000000000262d0        0x0 d:/intelfpga/16.1/nios2eds/bin/gnu/h-x86_64-mingw32/bin/../lib/gcc/nios2-elf/5.3.0/../../../../../H-x86_64-mingw32/nios2-elf/lib\libsmallc.a(lib_a-exit.o)
 .data          0x00000000000262d0        0x0 d:/intelfpga/16.1/nios2eds/bin/gnu/h-x86_64-mingw32/bin/../lib/gcc/nios2-elf/5.3.0/../../../../../H-x86_64-mingw32/nios2-elf/lib\libsmallc.a(lib_a-memcmp.o)
 .data          0x00000000000262d0        0x0 d:/intelfpga/16.1/nios2eds/bin/gnu/h-x86_64-mingw32/bin/../lib/gcc/nios2-elf/5.3.0/../../../../../H-x86_64-mingw32/nios2-elf/lib\libsmallc.a(lib_a-__atexit.o)
 .data          0x00000000000262d0        0x0 d:/intelfpga/16.1/nios2eds/bin/gnu/h-x86_64-mingw32/bin/../lib/gcc/nios2-elf/5.3.0/../../../../../H-x86_64-mingw32/nios2-elf/lib\libsmallc.a(lib_a-__call_atexit.o)
 .data          0x00000000000262d0        0x0 ../NIOS_APP_bsp/\libhal_bsp.a(alt_exit.o)
                0x000000000002e2d0                _gp = ABSOLUTE ((. + 0x8000))
                [!provide]                        PROVIDE (gp, _gp)
 *(.rwdata .rwdata.*)
 *(.sdata .sdata.* .gnu.linkonce.s.*)
 .sdata._global_impure_ptr
                0x00000000000262d0        0x4 d:/intelfpga/16.1/nios2eds/bin/gnu/h-x86_64-mingw32/bin/../lib/gcc/nios2-elf/5.3.0/../../../../../H-x86_64-mingw32/nios2-elf/lib\libsmallc.a(lib_a-impure.o)
                0x00000000000262d0                _global_impure_ptr
 .sdata._impure_ptr
                0x00000000000262d4        0x4 d:/intelfpga/16.1/nios2eds/bin/gnu/h-x86_64-mingw32/bin/../lib/gcc/nios2-elf/5.3.0/../../../../../H-x86_64-mingw32/nios2-elf/lib\libsmallc.a(lib_a-impure.o)
                0x00000000000262d4                _impure_ptr
 .sdata         0x00000000000262d8       0x14 ../NIOS_APP_bsp/\libhal_bsp.a(alt_dev.o)
                0x00000000000262d8                alt_fs_list
                0x00000000000262e0                alt_dev_list
                0x00000000000262e8                alt_max_fd
 .sdata         0x00000000000262ec        0x4 ../NIOS_APP_bsp/\libhal_bsp.a(alt_errno.o)
                0x00000000000262ec                alt_errno
 .sdata         0x00000000000262f0        0x4 ../NIOS_APP_bsp/\libhal_bsp.a(alt_irq_vars.o)
                0x00000000000262f0                alt_priority_mask
 .sdata         0x00000000000262f4        0x8 ../NIOS_APP_bsp/\libhal_bsp.a(alt_tick.o)
                0x00000000000262f4                alt_alarm_list
 *(.sdata2 .sdata2.* .gnu.linkonce.s2.*)
                0x00000000000262fc                . = ALIGN (0x4)
                0x00000000000262fc                _edata = ABSOLUTE (.)
                [!provide]                        PROVIDE (edata, ABSOLUTE (.))
                0x00000000000262fc                PROVIDE (__ram_rwdata_end, ABSOLUTE (.))
                0x00000000000262fc                PROVIDE (__flash_rwdata_start, LOADADDR (.rwdata))

.bss            0x0000000000026d74      0x120
                0x0000000000026d74                __bss_start = ABSOLUTE (.)
                [!provide]                        PROVIDE (__sbss_start, ABSOLUTE (.))
                [!provide]                        PROVIDE (___sbss_start, ABSOLUTE (.))
 *(.dynsbss)
 *(.sbss .sbss.* .gnu.linkonce.sb.*)
 .sbss          0x0000000000026d74        0x4 d:/intelfpga/16.1/nios2eds/bin/gnu/h-x86_64-mingw32/bin/../lib/gcc/nios2-elf/5.3.0/../../../../../H-x86_64-mingw32/nios2-elf/lib\libsmallc.a(lib_a-int_errno.o)
                0x0000000000026d74                errno
 .sbss          0x0000000000026d78        0xc ../NIOS_APP_bsp/\libhal_bsp.a(alt_main.o)
                0x0000000000026d78                alt_argc
                0x0000000000026d7c                alt_argv
                0x0000000000026d80                alt_envp
 .sbss          0x0000000000026d84        0x4 ../NIOS_APP_bsp/\libhal_bsp.a(alt_irq_vars.o)
                0x0000000000026d84                alt_irq_active
 .sbss          0x0000000000026d88        0x8 ../NIOS_APP_bsp/\libhal_bsp.a(alt_tick.o)
                0x0000000000026d88                _alt_tick_rate
                0x0000000000026d8c                _alt_nticks
 .sbss          0x0000000000026d90        0x4 ../NIOS_APP_bsp/\libhal_bsp.a(alt_instruction_exception_entry.o)
                0x0000000000026d90                alt_instruction_exception_handler
 *(.sbss2 .sbss2.* .gnu.linkonce.sb2.*)
 *(.scommon)
                [!provide]                        PROVIDE (__sbss_end, ABSOLUTE (.))
                [!provide]                        PROVIDE (___sbss_end, ABSOLUTE (.))
 *(.dynbss)
 *(.bss .bss.* .gnu.linkonce.b.*)
 .bss           0x0000000000026d94        0x0 ../NIOS_APP_bsp//obj/HAL/src/crt0.o
 .bss           0x0000000000026d94        0x0 obj/default/I2C_core.o
 .bss           0x0000000000026d94        0x0 obj/default/camera.o
 .bss           0x0000000000026d94        0x0 obj/default/main.o
 .bss           0x0000000000026d94        0x0 obj/default/mipi_bridge_config.o
 .bss           0x0000000000026d94        0x0 obj/default/mipi_camera_config.o
 .bss           0x0000000000026d94        0x0 d:/intelfpga/16.1/nios2eds/bin/gnu/h-x86_64-mingw32/bin/../lib/gcc/nios2-elf/5.3.0\libgcc.a(lib2-divmod.o)
 .bss           0x0000000000026d94        0x0 d:/intelfpga/16.1/nios2eds/bin/gnu/h-x86_64-mingw32/bin/../lib/gcc/nios2-elf/5.3.0\libgcc.a(divsf3.o)
 .bss           0x0000000000026d94        0x0 d:/intelfpga/16.1/nios2eds/bin/gnu/h-x86_64-mingw32/bin/../lib/gcc/nios2-elf/5.3.0\libgcc.a(fixsfsi.o)
 .bss           0x0000000000026d94        0x0 d:/intelfpga/16.1/nios2eds/bin/gnu/h-x86_64-mingw32/bin/../lib/gcc/nios2-elf/5.3.0\libgcc.a(floatsisf.o)
 .bss           0x0000000000026d94        0x0 d:/intelfpga/16.1/nios2eds/bin/gnu/h-x86_64-mingw32/bin/../lib/gcc/nios2-elf/5.3.0\libgcc.a(_clzsi2.o)
 .bss           0x0000000000026d94        0x0 d:/intelfpga/16.1/nios2eds/bin/gnu/h-x86_64-mingw32/bin/../lib/gcc/nios2-elf/5.3.0\libgcc.a(_clz.o)
 .bss           0x0000000000026d94        0x0 d:/intelfpga/16.1/nios2eds/bin/gnu/h-x86_64-mingw32/bin/../lib/gcc/nios2-elf/5.3.0/../../../../../H-x86_64-mingw32/nios2-elf/lib\libsmallc.a(lib_a-printf.o)
 .bss           0x0000000000026d94        0x0 d:/intelfpga/16.1/nios2eds/bin/gnu/h-x86_64-mingw32/bin/../lib/gcc/nios2-elf/5.3.0/../../../../../H-x86_64-mingw32/nios2-elf/lib\libsmallc.a(lib_a-puts.o)
 .bss           0x0000000000026d94        0x0 d:/intelfpga/16.1/nios2eds/bin/gnu/h-x86_64-mingw32/bin/../lib/gcc/nios2-elf/5.3.0/../../../../../H-x86_64-mingw32/nios2-elf/lib\libsmallc.a(lib_a-strlen.o)
 .bss           0x0000000000026d94        0x0 d:/intelfpga/16.1/nios2eds/bin/gnu/h-x86_64-mingw32/bin/../lib/gcc/nios2-elf/5.3.0/../../../../../H-x86_64-mingw32/nios2-elf/lib\libsmallc.a(lib_a-vfprintf.o)
 .bss           0x0000000000026d94        0x0 d:/intelfpga/16.1/nios2eds/bin/gnu/h-x86_64-mingw32/bin/../lib/gcc/nios2-elf/5.3.0/../../../../../H-x86_64-mingw32/nios2-elf/lib\libsmallc.a(lib_a-fvwrite_small_dev.o)
 .bss           0x0000000000026d94        0x0 d:/intelfpga/16.1/nios2eds/bin/gnu/h-x86_64-mingw32/bin/../lib/gcc/nios2-elf/5.3.0/../../../../../H-x86_64-mingw32/nios2-elf/lib\libsmallc.a(lib_a-impure.o)
 .bss           0x0000000000026d94        0x0 d:/intelfpga/16.1/nios2eds/bin/gnu/h-x86_64-mingw32/bin/../lib/gcc/nios2-elf/5.3.0/../../../../../H-x86_64-mingw32/nios2-elf/lib\libsmallc.a(lib_a-writer.o)
 .bss           0x0000000000026d94        0x0 d:/intelfpga/16.1/nios2eds/bin/gnu/h-x86_64-mingw32/bin/../lib/gcc/nios2-elf/5.3.0/../../../../../H-x86_64-mingw32/nios2-elf/lib\libsmallc.a(lib_a-int_errno.o)
 .bss           0x0000000000026d94        0x0 ../NIOS_APP_bsp/\libhal_bsp.a(alt_load.o)
 .bss           0x0000000000026d94        0x0 ../NIOS_APP_bsp/\libhal_bsp.a(alt_main.o)
 .bss           0x0000000000026d94        0x0 ../NIOS_APP_bsp/\libhal_bsp.a(alt_usleep.o)
 .bss           0x0000000000026d94        0x0 ../NIOS_APP_bsp/\libhal_bsp.a(alt_write.o)
 .bss           0x0000000000026d94        0x0 ../NIOS_APP_bsp/\libhal_bsp.a(alt_sys_init.o)
 .bss           0x0000000000026d94        0x0 ../NIOS_APP_bsp/\libhal_bsp.a(altera_avalon_jtag_uart_fd.o)
 .bss           0x0000000000026d94        0x0 ../NIOS_APP_bsp/\libhal_bsp.a(altera_avalon_jtag_uart_read.o)
 .bss           0x0000000000026d94        0x0 ../NIOS_APP_bsp/\libhal_bsp.a(altera_avalon_jtag_uart_write.o)
 .bss           0x0000000000026d94        0x0 ../NIOS_APP_bsp/\libhal_bsp.a(altera_avalon_timer_sc.o)
 .bss           0x0000000000026d94        0x0 ../NIOS_APP_bsp/\libhal_bsp.a(alt_busy_sleep.o)
 .bss           0x0000000000026d94        0x0 ../NIOS_APP_bsp/\libhal_bsp.a(alt_close.o)
 .bss           0x0000000000026d94        0x0 ../NIOS_APP_bsp/\libhal_bsp.a(alt_dcache_flush_all.o)
 .bss           0x0000000000026d94        0x0 ../NIOS_APP_bsp/\libhal_bsp.a(alt_dev.o)
 .bss           0x0000000000026d94        0x0 ../NIOS_APP_bsp/\libhal_bsp.a(alt_dev_llist_insert.o)
 .bss           0x0000000000026d94        0x0 ../NIOS_APP_bsp/\libhal_bsp.a(alt_do_ctors.o)
 .bss           0x0000000000026d94        0x0 ../NIOS_APP_bsp/\libhal_bsp.a(alt_do_dtors.o)
 .bss           0x0000000000026d94        0x0 ../NIOS_APP_bsp/\libhal_bsp.a(alt_errno.o)
 .bss           0x0000000000026d94        0x0 ../NIOS_APP_bsp/\libhal_bsp.a(alt_icache_flush_all.o)
 .bss           0x0000000000026d94        0x0 ../NIOS_APP_bsp/\libhal_bsp.a(alt_iic.o)
 .bss           0x0000000000026d94        0x0 ../NIOS_APP_bsp/\libhal_bsp.a(alt_iic_isr_register.o)
 .bss           0x0000000000026d94        0x0 ../NIOS_APP_bsp/\libhal_bsp.a(alt_io_redirect.o)
 .bss           0x0000000000026d94        0x0 ../NIOS_APP_bsp/\libhal_bsp.a(alt_irq_entry.o)
 .bss           0x0000000000026d94        0x0 ../NIOS_APP_bsp/\libhal_bsp.a(alt_irq_handler.o)
 .bss           0x0000000000026d94        0x0 ../NIOS_APP_bsp/\libhal_bsp.a(alt_irq_vars.o)
 .bss           0x0000000000026d94        0x0 ../NIOS_APP_bsp/\libhal_bsp.a(alt_open.o)
 .bss           0x0000000000026d94        0x0 ../NIOS_APP_bsp/\libhal_bsp.a(alt_release_fd.o)
 .bss           0x0000000000026d94        0x0 ../NIOS_APP_bsp/\libhal_bsp.a(alt_tick.o)
 .bss           0x0000000000026d94        0x0 ../NIOS_APP_bsp/\libhal_bsp.a(altera_nios2_gen2_irq.o)
 .bss           0x0000000000026d94        0x0 ../NIOS_APP_bsp/\libhal_bsp.a(alt_exception_entry.o)
 .bss           0x0000000000026d94        0x0 ../NIOS_APP_bsp/\libhal_bsp.a(alt_find_dev.o)
 .bss           0x0000000000026d94        0x0 ../NIOS_APP_bsp/\libhal_bsp.a(alt_find_file.o)
 .bss           0x0000000000026d94        0x0 ../NIOS_APP_bsp/\libhal_bsp.a(alt_get_fd.o)
 .bss           0x0000000000026d94        0x0 ../NIOS_APP_bsp/\libhal_bsp.a(alt_icache_flush.o)
 .bss           0x0000000000026d94        0x0 ../NIOS_APP_bsp/\libhal_bsp.a(alt_instruction_exception_entry.o)
 .bss           0x0000000000026d94        0x0 d:/intelfpga/16.1/nios2eds/bin/gnu/h-x86_64-mingw32/bin/../lib/gcc/nios2-elf/5.3.0/../../../../../H-x86_64-mingw32/nios2-elf/lib\libsmallc.a(lib_a-atexit.o)
 .bss           0x0000000000026d94        0x0 d:/intelfpga/16.1/nios2eds/bin/gnu/h-x86_64-mingw32/bin/../lib/gcc/nios2-elf/5.3.0/../../../../../H-x86_64-mingw32/nios2-elf/lib\libsmallc.a(lib_a-exit.o)
 .bss           0x0000000000026d94        0x0 d:/intelfpga/16.1/nios2eds/bin/gnu/h-x86_64-mingw32/bin/../lib/gcc/nios2-elf/5.3.0/../../../../../H-x86_64-mingw32/nios2-elf/lib\libsmallc.a(lib_a-memcmp.o)
 .bss           0x0000000000026d94        0x0 d:/intelfpga/16.1/nios2eds/bin/gnu/h-x86_64-mingw32/bin/../lib/gcc/nios2-elf/5.3.0/../../../../../H-x86_64-mingw32/nios2-elf/lib\libsmallc.a(lib_a-__atexit.o)
 .bss           0x0000000000026d94        0x0 d:/intelfpga/16.1/nios2eds/bin/gnu/h-x86_64-mingw32/bin/../lib/gcc/nios2-elf/5.3.0/../../../../../H-x86_64-mingw32/nios2-elf/lib\libsmallc.a(lib_a-__call_atexit.o)
 .bss           0x0000000000026d94        0x0 ../NIOS_APP_bsp/\libhal_bsp.a(alt_exit.o)
 *(COMMON)
 COMMON         0x0000000000026d94      0x100 ../NIOS_APP_bsp/\libhal_bsp.a(alt_irq_handler.o)
                0x0000000000026d94                alt_irq
                0x0000000000026e94                . = ALIGN (0x4)
                0x0000000000026e94                __bss_end = ABSOLUTE (.)

.onchip_memory2
                0x0000000000026e94        0x0
                [!provide]                        PROVIDE (_alt_partition_onchip_memory2_start, ABSOLUTE (.))
 *(.onchip_memory2 .onchip_memory2. onchip_memory2.*)
                0x0000000000026e94                . = ALIGN (0x4)
                [!provide]                        PROVIDE (_alt_partition_onchip_memory2_end, ABSOLUTE (.))
                0x0000000000026e94                _end = ABSOLUTE (.)
                0x0000000000026e94                end = ABSOLUTE (.)
                0x0000000000026e94                __alt_stack_base = ABSOLUTE (.)
                [!provide]                        PROVIDE (_alt_partition_onchip_memory2_load_addr, LOADADDR (.onchip_memory2))

.stab
 *(.stab)

.stabstr
 *(.stabstr)

.stab.excl
 *(.stab.excl)

.stab.exclstr
 *(.stab.exclstr)

.stab.index
 *(.stab.index)

.stab.indexstr
 *(.stab.indexstr)

.comment        0x0000000000000000       0x23
 *(.comment)
 .comment       0x0000000000000000       0x23 obj/default/I2C_core.o
                                         0x24 (size before relaxing)
 .comment       0x0000000000000023       0x24 obj/default/camera.o
 .comment       0x0000000000000023       0x24 obj/default/main.o
 .comment       0x0000000000000023       0x24 obj/default/mipi_bridge_config.o
 .comment       0x0000000000000023       0x24 obj/default/mipi_camera_config.o
 .comment       0x0000000000000023       0x24 d:/intelfpga/16.1/nios2eds/bin/gnu/h-x86_64-mingw32/bin/../lib/gcc/nios2-elf/5.3.0\libgcc.a(lib2-divmod.o)
 .comment       0x0000000000000023       0x24 d:/intelfpga/16.1/nios2eds/bin/gnu/h-x86_64-mingw32/bin/../lib/gcc/nios2-elf/5.3.0\libgcc.a(divsf3.o)
 .comment       0x0000000000000023       0x24 d:/intelfpga/16.1/nios2eds/bin/gnu/h-x86_64-mingw32/bin/../lib/gcc/nios2-elf/5.3.0\libgcc.a(fixsfsi.o)
 .comment       0x0000000000000023       0x24 d:/intelfpga/16.1/nios2eds/bin/gnu/h-x86_64-mingw32/bin/../lib/gcc/nios2-elf/5.3.0\libgcc.a(floatsisf.o)
 .comment       0x0000000000000023       0x24 d:/intelfpga/16.1/nios2eds/bin/gnu/h-x86_64-mingw32/bin/../lib/gcc/nios2-elf/5.3.0\libgcc.a(_clzsi2.o)
 .comment       0x0000000000000023       0x24 d:/intelfpga/16.1/nios2eds/bin/gnu/h-x86_64-mingw32/bin/../lib/gcc/nios2-elf/5.3.0\libgcc.a(_clz.o)
 .comment       0x0000000000000023       0x24 d:/intelfpga/16.1/nios2eds/bin/gnu/h-x86_64-mingw32/bin/../lib/gcc/nios2-elf/5.3.0/../../../../../H-x86_64-mingw32/nios2-elf/lib\libsmallc.a(lib_a-printf.o)
 .comment       0x0000000000000023       0x24 d:/intelfpga/16.1/nios2eds/bin/gnu/h-x86_64-mingw32/bin/../lib/gcc/nios2-elf/5.3.0/../../../../../H-x86_64-mingw32/nios2-elf/lib\libsmallc.a(lib_a-puts.o)
 .comment       0x0000000000000023       0x24 d:/intelfpga/16.1/nios2eds/bin/gnu/h-x86_64-mingw32/bin/../lib/gcc/nios2-elf/5.3.0/../../../../../H-x86_64-mingw32/nios2-elf/lib\libsmallc.a(lib_a-strlen.o)
 .comment       0x0000000000000023       0x24 d:/intelfpga/16.1/nios2eds/bin/gnu/h-x86_64-mingw32/bin/../lib/gcc/nios2-elf/5.3.0/../../../../../H-x86_64-mingw32/nios2-elf/lib\libsmallc.a(lib_a-vfprintf.o)
 .comment       0x0000000000000023       0x24 d:/intelfpga/16.1/nios2eds/bin/gnu/h-x86_64-mingw32/bin/../lib/gcc/nios2-elf/5.3.0/../../../../../H-x86_64-mingw32/nios2-elf/lib\libsmallc.a(lib_a-fvwrite_small_dev.o)
 .comment       0x0000000000000023       0x24 d:/intelfpga/16.1/nios2eds/bin/gnu/h-x86_64-mingw32/bin/../lib/gcc/nios2-elf/5.3.0/../../../../../H-x86_64-mingw32/nios2-elf/lib\libsmallc.a(lib_a-impure.o)
 .comment       0x0000000000000023       0x24 d:/intelfpga/16.1/nios2eds/bin/gnu/h-x86_64-mingw32/bin/../lib/gcc/nios2-elf/5.3.0/../../../../../H-x86_64-mingw32/nios2-elf/lib\libsmallc.a(lib_a-writer.o)
 .comment       0x0000000000000023       0x24 d:/intelfpga/16.1/nios2eds/bin/gnu/h-x86_64-mingw32/bin/../lib/gcc/nios2-elf/5.3.0/../../../../../H-x86_64-mingw32/nios2-elf/lib\libsmallc.a(lib_a-int_errno.o)
 .comment       0x0000000000000023       0x24 ../NIOS_APP_bsp/\libhal_bsp.a(alt_load.o)
 .comment       0x0000000000000023       0x24 ../NIOS_APP_bsp/\libhal_bsp.a(alt_main.o)
 .comment       0x0000000000000023       0x24 ../NIOS_APP_bsp/\libhal_bsp.a(alt_usleep.o)
 .comment       0x0000000000000023       0x24 ../NIOS_APP_bsp/\libhal_bsp.a(alt_write.o)
 .comment       0x0000000000000023       0x24 ../NIOS_APP_bsp/\libhal_bsp.a(alt_sys_init.o)
 .comment       0x0000000000000023       0x24 ../NIOS_APP_bsp/\libhal_bsp.a(altera_avalon_jtag_uart_fd.o)
 .comment       0x0000000000000023       0x24 ../NIOS_APP_bsp/\libhal_bsp.a(altera_avalon_jtag_uart_read.o)
 .comment       0x0000000000000023       0x24 ../NIOS_APP_bsp/\libhal_bsp.a(altera_avalon_jtag_uart_write.o)
 .comment       0x0000000000000023       0x24 ../NIOS_APP_bsp/\libhal_bsp.a(altera_avalon_timer_sc.o)
 .comment       0x0000000000000023       0x24 ../NIOS_APP_bsp/\libhal_bsp.a(alt_busy_sleep.o)
 .comment       0x0000000000000023       0x24 ../NIOS_APP_bsp/\libhal_bsp.a(alt_close.o)
 .comment       0x0000000000000023       0x24 ../NIOS_APP_bsp/\libhal_bsp.a(alt_dcache_flush_all.o)
 .comment       0x0000000000000023       0x24 ../NIOS_APP_bsp/\libhal_bsp.a(alt_dev.o)
 .comment       0x0000000000000023       0x24 ../NIOS_APP_bsp/\libhal_bsp.a(alt_dev_llist_insert.o)
 .comment       0x0000000000000023       0x24 ../NIOS_APP_bsp/\libhal_bsp.a(alt_do_ctors.o)
 .comment       0x0000000000000023       0x24 ../NIOS_APP_bsp/\libhal_bsp.a(alt_do_dtors.o)
 .comment       0x0000000000000023       0x24 ../NIOS_APP_bsp/\libhal_bsp.a(alt_errno.o)
 .comment       0x0000000000000023       0x24 ../NIOS_APP_bsp/\libhal_bsp.a(alt_icache_flush_all.o)
 .comment       0x0000000000000023       0x24 ../NIOS_APP_bsp/\libhal_bsp.a(alt_iic.o)
 .comment       0x0000000000000023       0x24 ../NIOS_APP_bsp/\libhal_bsp.a(alt_iic_isr_register.o)
 .comment       0x0000000000000023       0x24 ../NIOS_APP_bsp/\libhal_bsp.a(alt_io_redirect.o)
 .comment       0x0000000000000023       0x24 ../NIOS_APP_bsp/\libhal_bsp.a(alt_irq_handler.o)
 .comment       0x0000000000000023       0x24 ../NIOS_APP_bsp/\libhal_bsp.a(alt_irq_vars.o)
 .comment       0x0000000000000023       0x24 ../NIOS_APP_bsp/\libhal_bsp.a(alt_open.o)
 .comment       0x0000000000000023       0x24 ../NIOS_APP_bsp/\libhal_bsp.a(alt_release_fd.o)
 .comment       0x0000000000000023       0x24 ../NIOS_APP_bsp/\libhal_bsp.a(alt_tick.o)
 .comment       0x0000000000000023       0x24 ../NIOS_APP_bsp/\libhal_bsp.a(altera_nios2_gen2_irq.o)
 .comment       0x0000000000000023       0x24 ../NIOS_APP_bsp/\libhal_bsp.a(alt_find_dev.o)
 .comment       0x0000000000000023       0x24 ../NIOS_APP_bsp/\libhal_bsp.a(alt_find_file.o)
 .comment       0x0000000000000023       0x24 ../NIOS_APP_bsp/\libhal_bsp.a(alt_get_fd.o)
 .comment       0x0000000000000023       0x24 ../NIOS_APP_bsp/\libhal_bsp.a(alt_icache_flush.o)
 .comment       0x0000000000000023       0x24 ../NIOS_APP_bsp/\libhal_bsp.a(alt_instruction_exception_entry.o)
 .comment       0x0000000000000023       0x24 d:/intelfpga/16.1/nios2eds/bin/gnu/h-x86_64-mingw32/bin/../lib/gcc/nios2-elf/5.3.0/../../../../../H-x86_64-mingw32/nios2-elf/lib\libsmallc.a(lib_a-atexit.o)
 .comment       0x0000000000000023       0x24 d:/intelfpga/16.1/nios2eds/bin/gnu/h-x86_64-mingw32/bin/../lib/gcc/nios2-elf/5.3.0/../../../../../H-x86_64-mingw32/nios2-elf/lib\libsmallc.a(lib_a-exit.o)
 .comment       0x0000000000000023       0x24 d:/intelfpga/16.1/nios2eds/bin/gnu/h-x86_64-mingw32/bin/../lib/gcc/nios2-elf/5.3.0/../../../../../H-x86_64-mingw32/nios2-elf/lib\libsmallc.a(lib_a-memcmp.o)
 .comment       0x0000000000000023       0x24 d:/intelfpga/16.1/nios2eds/bin/gnu/h-x86_64-mingw32/bin/../lib/gcc/nios2-elf/5.3.0/../../../../../H-x86_64-mingw32/nios2-elf/lib\libsmallc.a(lib_a-__atexit.o)
 .comment       0x0000000000000023       0x24 d:/intelfpga/16.1/nios2eds/bin/gnu/h-x86_64-mingw32/bin/../lib/gcc/nios2-elf/5.3.0/../../../../../H-x86_64-mingw32/nios2-elf/lib\libsmallc.a(lib_a-__call_atexit.o)
 .comment       0x0000000000000023       0x24 ../NIOS_APP_bsp/\libhal_bsp.a(alt_exit.o)

.debug
 *(.debug)

.line
 *(.line)

.debug_srcinfo
 *(.debug_srcinfo)

.debug_sfnames
 *(.debug_sfnames)

.debug_aranges  0x0000000000000000      0x7b0
 *(.debug_aranges)
 .debug_aranges
                0x0000000000000000       0x28 ../NIOS_APP_bsp//obj/HAL/src/crt0.o
 .debug_aranges
                0x0000000000000028       0x20 obj/default/I2C_core.o
 .debug_aranges
                0x0000000000000048       0x20 obj/default/camera.o
 .debug_aranges
                0x0000000000000068       0x20 obj/default/main.o
 .debug_aranges
                0x0000000000000088       0x20 obj/default/mipi_bridge_config.o
 .debug_aranges
                0x00000000000000a8       0x20 obj/default/mipi_camera_config.o
 .debug_aranges
                0x00000000000000c8       0x20 d:/intelfpga/16.1/nios2eds/bin/gnu/h-x86_64-mingw32/bin/../lib/gcc/nios2-elf/5.3.0\libgcc.a(lib2-divmod.o)
 .debug_aranges
                0x00000000000000e8       0x20 d:/intelfpga/16.1/nios2eds/bin/gnu/h-x86_64-mingw32/bin/../lib/gcc/nios2-elf/5.3.0\libgcc.a(divsf3.o)
 .debug_aranges
                0x0000000000000108       0x20 d:/intelfpga/16.1/nios2eds/bin/gnu/h-x86_64-mingw32/bin/../lib/gcc/nios2-elf/5.3.0\libgcc.a(fixsfsi.o)
 .debug_aranges
                0x0000000000000128       0x20 d:/intelfpga/16.1/nios2eds/bin/gnu/h-x86_64-mingw32/bin/../lib/gcc/nios2-elf/5.3.0\libgcc.a(floatsisf.o)
 .debug_aranges
                0x0000000000000148       0x20 d:/intelfpga/16.1/nios2eds/bin/gnu/h-x86_64-mingw32/bin/../lib/gcc/nios2-elf/5.3.0\libgcc.a(_clzsi2.o)
 .debug_aranges
                0x0000000000000168       0x18 d:/intelfpga/16.1/nios2eds/bin/gnu/h-x86_64-mingw32/bin/../lib/gcc/nios2-elf/5.3.0\libgcc.a(_clz.o)
 .debug_aranges
                0x0000000000000180       0x28 d:/intelfpga/16.1/nios2eds/bin/gnu/h-x86_64-mingw32/bin/../lib/gcc/nios2-elf/5.3.0/../../../../../H-x86_64-mingw32/nios2-elf/lib\libsmallc.a(lib_a-printf.o)
 .debug_aranges
                0x00000000000001a8       0x28 d:/intelfpga/16.1/nios2eds/bin/gnu/h-x86_64-mingw32/bin/../lib/gcc/nios2-elf/5.3.0/../../../../../H-x86_64-mingw32/nios2-elf/lib\libsmallc.a(lib_a-puts.o)
 .debug_aranges
                0x00000000000001d0       0x20 d:/intelfpga/16.1/nios2eds/bin/gnu/h-x86_64-mingw32/bin/../lib/gcc/nios2-elf/5.3.0/../../../../../H-x86_64-mingw32/nios2-elf/lib\libsmallc.a(lib_a-strlen.o)
 .debug_aranges
                0x00000000000001f0       0x30 d:/intelfpga/16.1/nios2eds/bin/gnu/h-x86_64-mingw32/bin/../lib/gcc/nios2-elf/5.3.0/../../../../../H-x86_64-mingw32/nios2-elf/lib\libsmallc.a(lib_a-vfprintf.o)
 .debug_aranges
                0x0000000000000220       0x20 d:/intelfpga/16.1/nios2eds/bin/gnu/h-x86_64-mingw32/bin/../lib/gcc/nios2-elf/5.3.0/../../../../../H-x86_64-mingw32/nios2-elf/lib\libsmallc.a(lib_a-fvwrite_small_dev.o)
 .debug_aranges
                0x0000000000000240       0x18 d:/intelfpga/16.1/nios2eds/bin/gnu/h-x86_64-mingw32/bin/../lib/gcc/nios2-elf/5.3.0/../../../../../H-x86_64-mingw32/nios2-elf/lib\libsmallc.a(lib_a-impure.o)
 .debug_aranges
                0x0000000000000258       0x20 d:/intelfpga/16.1/nios2eds/bin/gnu/h-x86_64-mingw32/bin/../lib/gcc/nios2-elf/5.3.0/../../../../../H-x86_64-mingw32/nios2-elf/lib\libsmallc.a(lib_a-writer.o)
 .debug_aranges
                0x0000000000000278       0x18 d:/intelfpga/16.1/nios2eds/bin/gnu/h-x86_64-mingw32/bin/../lib/gcc/nios2-elf/5.3.0/../../../../../H-x86_64-mingw32/nios2-elf/lib\libsmallc.a(lib_a-int_errno.o)
 .debug_aranges
                0x0000000000000290       0x20 ../NIOS_APP_bsp/\libhal_bsp.a(alt_load.o)
 .debug_aranges
                0x00000000000002b0       0x20 ../NIOS_APP_bsp/\libhal_bsp.a(alt_main.o)
 .debug_aranges
                0x00000000000002d0       0x20 ../NIOS_APP_bsp/\libhal_bsp.a(alt_usleep.o)
 .debug_aranges
                0x00000000000002f0       0x20 ../NIOS_APP_bsp/\libhal_bsp.a(alt_write.o)
 .debug_aranges
                0x0000000000000310       0x20 ../NIOS_APP_bsp/\libhal_bsp.a(alt_sys_init.o)
 .debug_aranges
                0x0000000000000330       0x20 ../NIOS_APP_bsp/\libhal_bsp.a(altera_avalon_jtag_uart_fd.o)
 .debug_aranges
                0x0000000000000350       0x20 ../NIOS_APP_bsp/\libhal_bsp.a(altera_avalon_jtag_uart_read.o)
 .debug_aranges
                0x0000000000000370       0x20 ../NIOS_APP_bsp/\libhal_bsp.a(altera_avalon_jtag_uart_write.o)
 .debug_aranges
                0x0000000000000390       0x20 ../NIOS_APP_bsp/\libhal_bsp.a(altera_avalon_timer_sc.o)
 .debug_aranges
                0x00000000000003b0       0x20 ../NIOS_APP_bsp/\libhal_bsp.a(alt_busy_sleep.o)
 .debug_aranges
                0x00000000000003d0       0x20 ../NIOS_APP_bsp/\libhal_bsp.a(alt_close.o)
 .debug_aranges
                0x00000000000003f0       0x20 ../NIOS_APP_bsp/\libhal_bsp.a(alt_dcache_flush_all.o)
 .debug_aranges
                0x0000000000000410       0x20 ../NIOS_APP_bsp/\libhal_bsp.a(alt_dev.o)
 .debug_aranges
                0x0000000000000430       0x20 ../NIOS_APP_bsp/\libhal_bsp.a(alt_dev_llist_insert.o)
 .debug_aranges
                0x0000000000000450       0x20 ../NIOS_APP_bsp/\libhal_bsp.a(alt_do_ctors.o)
 .debug_aranges
                0x0000000000000470       0x20 ../NIOS_APP_bsp/\libhal_bsp.a(alt_do_dtors.o)
 .debug_aranges
                0x0000000000000490       0x18 ../NIOS_APP_bsp/\libhal_bsp.a(alt_errno.o)
 .debug_aranges
                0x00000000000004a8       0x20 ../NIOS_APP_bsp/\libhal_bsp.a(alt_icache_flush_all.o)
 .debug_aranges
                0x00000000000004c8       0x20 ../NIOS_APP_bsp/\libhal_bsp.a(alt_iic.o)
 .debug_aranges
                0x00000000000004e8       0x20 ../NIOS_APP_bsp/\libhal_bsp.a(alt_iic_isr_register.o)
 .debug_aranges
                0x0000000000000508       0x20 ../NIOS_APP_bsp/\libhal_bsp.a(alt_io_redirect.o)
 .debug_aranges
                0x0000000000000528       0x30 ../NIOS_APP_bsp/\libhal_bsp.a(alt_irq_entry.o)
 .debug_aranges
                0x0000000000000558       0x20 ../NIOS_APP_bsp/\libhal_bsp.a(alt_irq_handler.o)
 .debug_aranges
                0x0000000000000578       0x18 ../NIOS_APP_bsp/\libhal_bsp.a(alt_irq_vars.o)
 .debug_aranges
                0x0000000000000590       0x20 ../NIOS_APP_bsp/\libhal_bsp.a(alt_open.o)
 .debug_aranges
                0x00000000000005b0       0x20 ../NIOS_APP_bsp/\libhal_bsp.a(alt_release_fd.o)
 .debug_aranges
                0x00000000000005d0       0x20 ../NIOS_APP_bsp/\libhal_bsp.a(alt_tick.o)
 .debug_aranges
                0x00000000000005f0       0x20 ../NIOS_APP_bsp/\libhal_bsp.a(altera_nios2_gen2_irq.o)
 .debug_aranges
                0x0000000000000610       0x38 ../NIOS_APP_bsp/\libhal_bsp.a(alt_exception_entry.o)
 .debug_aranges
                0x0000000000000648       0x20 ../NIOS_APP_bsp/\libhal_bsp.a(alt_find_dev.o)
 .debug_aranges
                0x0000000000000668       0x20 ../NIOS_APP_bsp/\libhal_bsp.a(alt_find_file.o)
 .debug_aranges
                0x0000000000000688       0x20 ../NIOS_APP_bsp/\libhal_bsp.a(alt_get_fd.o)
 .debug_aranges
                0x00000000000006a8       0x20 ../NIOS_APP_bsp/\libhal_bsp.a(alt_icache_flush.o)
 .debug_aranges
                0x00000000000006c8       0x28 ../NIOS_APP_bsp/\libhal_bsp.a(alt_instruction_exception_entry.o)
 .debug_aranges
                0x00000000000006f0       0x20 d:/intelfpga/16.1/nios2eds/bin/gnu/h-x86_64-mingw32/bin/../lib/gcc/nios2-elf/5.3.0/../../../../../H-x86_64-mingw32/nios2-elf/lib\libsmallc.a(lib_a-atexit.o)
 .debug_aranges
                0x0000000000000710       0x20 d:/intelfpga/16.1/nios2eds/bin/gnu/h-x86_64-mingw32/bin/../lib/gcc/nios2-elf/5.3.0/../../../../../H-x86_64-mingw32/nios2-elf/lib\libsmallc.a(lib_a-exit.o)
 .debug_aranges
                0x0000000000000730       0x20 d:/intelfpga/16.1/nios2eds/bin/gnu/h-x86_64-mingw32/bin/../lib/gcc/nios2-elf/5.3.0/../../../../../H-x86_64-mingw32/nios2-elf/lib\libsmallc.a(lib_a-memcmp.o)
 .debug_aranges
                0x0000000000000750       0x20 d:/intelfpga/16.1/nios2eds/bin/gnu/h-x86_64-mingw32/bin/../lib/gcc/nios2-elf/5.3.0/../../../../../H-x86_64-mingw32/nios2-elf/lib\libsmallc.a(lib_a-__atexit.o)
 .debug_aranges
                0x0000000000000770       0x20 d:/intelfpga/16.1/nios2eds/bin/gnu/h-x86_64-mingw32/bin/../lib/gcc/nios2-elf/5.3.0/../../../../../H-x86_64-mingw32/nios2-elf/lib\libsmallc.a(lib_a-__call_atexit.o)
 .debug_aranges
                0x0000000000000790       0x20 ../NIOS_APP_bsp/\libhal_bsp.a(alt_exit.o)

.debug_pubnames
 *(.debug_pubnames)

.debug_info     0x0000000000000000     0x9d89
 *(.debug_info .gnu.linkonce.wi.*)
 .debug_info    0x0000000000000000       0x76 ../NIOS_APP_bsp//obj/HAL/src/crt0.o
 .debug_info    0x0000000000000076      0x68d obj/default/I2C_core.o
 .debug_info    0x0000000000000703      0x1ef obj/default/camera.o
 .debug_info    0x00000000000008f2      0x405 obj/default/main.o
 .debug_info    0x0000000000000cf7      0x25d obj/default/mipi_bridge_config.o
 .debug_info    0x0000000000000f54      0x361 obj/default/mipi_camera_config.o
 .debug_info    0x00000000000012b5      0x2c6 d:/intelfpga/16.1/nios2eds/bin/gnu/h-x86_64-mingw32/bin/../lib/gcc/nios2-elf/5.3.0\libgcc.a(lib2-divmod.o)
 .debug_info    0x000000000000157b      0x2b7 d:/intelfpga/16.1/nios2eds/bin/gnu/h-x86_64-mingw32/bin/../lib/gcc/nios2-elf/5.3.0\libgcc.a(divsf3.o)
 .debug_info    0x0000000000001832      0x18b d:/intelfpga/16.1/nios2eds/bin/gnu/h-x86_64-mingw32/bin/../lib/gcc/nios2-elf/5.3.0\libgcc.a(fixsfsi.o)
 .debug_info    0x00000000000019bd      0x1c7 d:/intelfpga/16.1/nios2eds/bin/gnu/h-x86_64-mingw32/bin/../lib/gcc/nios2-elf/5.3.0\libgcc.a(floatsisf.o)
 .debug_info    0x0000000000001b84      0x124 d:/intelfpga/16.1/nios2eds/bin/gnu/h-x86_64-mingw32/bin/../lib/gcc/nios2-elf/5.3.0\libgcc.a(_clzsi2.o)
 .debug_info    0x0000000000001ca8       0xb2 d:/intelfpga/16.1/nios2eds/bin/gnu/h-x86_64-mingw32/bin/../lib/gcc/nios2-elf/5.3.0\libgcc.a(_clz.o)
 .debug_info    0x0000000000001d5a      0x699 d:/intelfpga/16.1/nios2eds/bin/gnu/h-x86_64-mingw32/bin/../lib/gcc/nios2-elf/5.3.0/../../../../../H-x86_64-mingw32/nios2-elf/lib\libsmallc.a(lib_a-printf.o)
 .debug_info    0x00000000000023f3      0x66d d:/intelfpga/16.1/nios2eds/bin/gnu/h-x86_64-mingw32/bin/../lib/gcc/nios2-elf/5.3.0/../../../../../H-x86_64-mingw32/nios2-elf/lib\libsmallc.a(lib_a-puts.o)
 .debug_info    0x0000000000002a60       0xc9 d:/intelfpga/16.1/nios2eds/bin/gnu/h-x86_64-mingw32/bin/../lib/gcc/nios2-elf/5.3.0/../../../../../H-x86_64-mingw32/nios2-elf/lib\libsmallc.a(lib_a-strlen.o)
 .debug_info    0x0000000000002b29      0xb2b d:/intelfpga/16.1/nios2eds/bin/gnu/h-x86_64-mingw32/bin/../lib/gcc/nios2-elf/5.3.0/../../../../../H-x86_64-mingw32/nios2-elf/lib\libsmallc.a(lib_a-vfprintf.o)
 .debug_info    0x0000000000003654      0x62b d:/intelfpga/16.1/nios2eds/bin/gnu/h-x86_64-mingw32/bin/../lib/gcc/nios2-elf/5.3.0/../../../../../H-x86_64-mingw32/nios2-elf/lib\libsmallc.a(lib_a-fvwrite_small_dev.o)
 .debug_info    0x0000000000003c7f      0x5a9 d:/intelfpga/16.1/nios2eds/bin/gnu/h-x86_64-mingw32/bin/../lib/gcc/nios2-elf/5.3.0/../../../../../H-x86_64-mingw32/nios2-elf/lib\libsmallc.a(lib_a-impure.o)
 .debug_info    0x0000000000004228      0x630 d:/intelfpga/16.1/nios2eds/bin/gnu/h-x86_64-mingw32/bin/../lib/gcc/nios2-elf/5.3.0/../../../../../H-x86_64-mingw32/nios2-elf/lib\libsmallc.a(lib_a-writer.o)
 .debug_info    0x0000000000004858       0x8a d:/intelfpga/16.1/nios2eds/bin/gnu/h-x86_64-mingw32/bin/../lib/gcc/nios2-elf/5.3.0/../../../../../H-x86_64-mingw32/nios2-elf/lib\libsmallc.a(lib_a-int_errno.o)
 .debug_info    0x00000000000048e2      0x145 ../NIOS_APP_bsp/\libhal_bsp.a(alt_load.o)
 .debug_info    0x0000000000004a27      0x131 ../NIOS_APP_bsp/\libhal_bsp.a(alt_main.o)
 .debug_info    0x0000000000004b58       0xb0 ../NIOS_APP_bsp/\libhal_bsp.a(alt_usleep.o)
 .debug_info    0x0000000000004c08      0x4b7 ../NIOS_APP_bsp/\libhal_bsp.a(alt_write.o)
 .debug_info    0x00000000000050bf      0x3df ../NIOS_APP_bsp/\libhal_bsp.a(alt_sys_init.o)
 .debug_info    0x000000000000549e      0x3a7 ../NIOS_APP_bsp/\libhal_bsp.a(altera_avalon_jtag_uart_fd.o)
 .debug_info    0x0000000000005845      0x1b2 ../NIOS_APP_bsp/\libhal_bsp.a(altera_avalon_jtag_uart_read.o)
 .debug_info    0x00000000000059f7      0x195 ../NIOS_APP_bsp/\libhal_bsp.a(altera_avalon_jtag_uart_write.o)
 .debug_info    0x0000000000005b8c      0x226 ../NIOS_APP_bsp/\libhal_bsp.a(altera_avalon_timer_sc.o)
 .debug_info    0x0000000000005db2       0xd7 ../NIOS_APP_bsp/\libhal_bsp.a(alt_busy_sleep.o)
 .debug_info    0x0000000000005e89      0x321 ../NIOS_APP_bsp/\libhal_bsp.a(alt_close.o)
 .debug_info    0x00000000000061aa       0xa5 ../NIOS_APP_bsp/\libhal_bsp.a(alt_dcache_flush_all.o)
 .debug_info    0x000000000000624f      0x49c ../NIOS_APP_bsp/\libhal_bsp.a(alt_dev.o)
 .debug_info    0x00000000000066eb      0x1a9 ../NIOS_APP_bsp/\libhal_bsp.a(alt_dev_llist_insert.o)
 .debug_info    0x0000000000006894       0x83 ../NIOS_APP_bsp/\libhal_bsp.a(alt_do_ctors.o)
 .debug_info    0x0000000000006917       0x83 ../NIOS_APP_bsp/\libhal_bsp.a(alt_do_dtors.o)
 .debug_info    0x000000000000699a       0xa6 ../NIOS_APP_bsp/\libhal_bsp.a(alt_errno.o)
 .debug_info    0x0000000000006a40       0x92 ../NIOS_APP_bsp/\libhal_bsp.a(alt_icache_flush_all.o)
 .debug_info    0x0000000000006ad2      0x350 ../NIOS_APP_bsp/\libhal_bsp.a(alt_iic.o)
 .debug_info    0x0000000000006e22      0x1ef ../NIOS_APP_bsp/\libhal_bsp.a(alt_iic_isr_register.o)
 .debug_info    0x0000000000007011      0x4a5 ../NIOS_APP_bsp/\libhal_bsp.a(alt_io_redirect.o)
 .debug_info    0x00000000000074b6       0x7f ../NIOS_APP_bsp/\libhal_bsp.a(alt_irq_entry.o)
 .debug_info    0x0000000000007535      0x187 ../NIOS_APP_bsp/\libhal_bsp.a(alt_irq_handler.o)
 .debug_info    0x00000000000076bc       0x88 ../NIOS_APP_bsp/\libhal_bsp.a(alt_irq_vars.o)
 .debug_info    0x0000000000007744      0x3bb ../NIOS_APP_bsp/\libhal_bsp.a(alt_open.o)
 .debug_info    0x0000000000007aff      0x2b0 ../NIOS_APP_bsp/\libhal_bsp.a(alt_release_fd.o)
 .debug_info    0x0000000000007daf      0x299 ../NIOS_APP_bsp/\libhal_bsp.a(alt_tick.o)
 .debug_info    0x0000000000008048       0x92 ../NIOS_APP_bsp/\libhal_bsp.a(altera_nios2_gen2_irq.o)
 .debug_info    0x00000000000080da       0x85 ../NIOS_APP_bsp/\libhal_bsp.a(alt_exception_entry.o)
 .debug_info    0x000000000000815f      0x2e9 ../NIOS_APP_bsp/\libhal_bsp.a(alt_find_dev.o)
 .debug_info    0x0000000000008448      0x2e6 ../NIOS_APP_bsp/\libhal_bsp.a(alt_find_file.o)
 .debug_info    0x000000000000872e      0x310 ../NIOS_APP_bsp/\libhal_bsp.a(alt_get_fd.o)
 .debug_info    0x0000000000008a3e       0xdc ../NIOS_APP_bsp/\libhal_bsp.a(alt_icache_flush.o)
 .debug_info    0x0000000000008b1a      0x1e7 ../NIOS_APP_bsp/\libhal_bsp.a(alt_instruction_exception_entry.o)
 .debug_info    0x0000000000008d01       0xfe d:/intelfpga/16.1/nios2eds/bin/gnu/h-x86_64-mingw32/bin/../lib/gcc/nios2-elf/5.3.0/../../../../../H-x86_64-mingw32/nios2-elf/lib\libsmallc.a(lib_a-atexit.o)
 .debug_info    0x0000000000008dff       0xe5 d:/intelfpga/16.1/nios2eds/bin/gnu/h-x86_64-mingw32/bin/../lib/gcc/nios2-elf/5.3.0/../../../../../H-x86_64-mingw32/nios2-elf/lib\libsmallc.a(lib_a-exit.o)
 .debug_info    0x0000000000008ee4       0xf4 d:/intelfpga/16.1/nios2eds/bin/gnu/h-x86_64-mingw32/bin/../lib/gcc/nios2-elf/5.3.0/../../../../../H-x86_64-mingw32/nios2-elf/lib\libsmallc.a(lib_a-memcmp.o)
 .debug_info    0x0000000000008fd8      0x64a d:/intelfpga/16.1/nios2eds/bin/gnu/h-x86_64-mingw32/bin/../lib/gcc/nios2-elf/5.3.0/../../../../../H-x86_64-mingw32/nios2-elf/lib\libsmallc.a(lib_a-__atexit.o)
 .debug_info    0x0000000000009622      0x67b d:/intelfpga/16.1/nios2eds/bin/gnu/h-x86_64-mingw32/bin/../lib/gcc/nios2-elf/5.3.0/../../../../../H-x86_64-mingw32/nios2-elf/lib\libsmallc.a(lib_a-__call_atexit.o)
 .debug_info    0x0000000000009c9d       0xec ../NIOS_APP_bsp/\libhal_bsp.a(alt_exit.o)

.debug_abbrev   0x0000000000000000     0x38f5
 *(.debug_abbrev)
 .debug_abbrev  0x0000000000000000       0x12 ../NIOS_APP_bsp//obj/HAL/src/crt0.o
 .debug_abbrev  0x0000000000000012      0x138 obj/default/I2C_core.o
 .debug_abbrev  0x000000000000014a       0xe9 obj/default/camera.o
 .debug_abbrev  0x0000000000000233      0x185 obj/default/main.o
 .debug_abbrev  0x00000000000003b8      0x12a obj/default/mipi_bridge_config.o
 .debug_abbrev  0x00000000000004e2      0x126 obj/default/mipi_camera_config.o
 .debug_abbrev  0x0000000000000608      0x10e d:/intelfpga/16.1/nios2eds/bin/gnu/h-x86_64-mingw32/bin/../lib/gcc/nios2-elf/5.3.0\libgcc.a(lib2-divmod.o)
 .debug_abbrev  0x0000000000000716      0x120 d:/intelfpga/16.1/nios2eds/bin/gnu/h-x86_64-mingw32/bin/../lib/gcc/nios2-elf/5.3.0\libgcc.a(divsf3.o)
 .debug_abbrev  0x0000000000000836      0x135 d:/intelfpga/16.1/nios2eds/bin/gnu/h-x86_64-mingw32/bin/../lib/gcc/nios2-elf/5.3.0\libgcc.a(fixsfsi.o)
 .debug_abbrev  0x000000000000096b      0x147 d:/intelfpga/16.1/nios2eds/bin/gnu/h-x86_64-mingw32/bin/../lib/gcc/nios2-elf/5.3.0\libgcc.a(floatsisf.o)
 .debug_abbrev  0x0000000000000ab2       0xbe d:/intelfpga/16.1/nios2eds/bin/gnu/h-x86_64-mingw32/bin/../lib/gcc/nios2-elf/5.3.0\libgcc.a(_clzsi2.o)
 .debug_abbrev  0x0000000000000b70       0x5d d:/intelfpga/16.1/nios2eds/bin/gnu/h-x86_64-mingw32/bin/../lib/gcc/nios2-elf/5.3.0\libgcc.a(_clz.o)
 .debug_abbrev  0x0000000000000bcd      0x1ee d:/intelfpga/16.1/nios2eds/bin/gnu/h-x86_64-mingw32/bin/../lib/gcc/nios2-elf/5.3.0/../../../../../H-x86_64-mingw32/nios2-elf/lib\libsmallc.a(lib_a-printf.o)
 .debug_abbrev  0x0000000000000dbb      0x1d6 d:/intelfpga/16.1/nios2eds/bin/gnu/h-x86_64-mingw32/bin/../lib/gcc/nios2-elf/5.3.0/../../../../../H-x86_64-mingw32/nios2-elf/lib\libsmallc.a(lib_a-puts.o)
 .debug_abbrev  0x0000000000000f91       0x7f d:/intelfpga/16.1/nios2eds/bin/gnu/h-x86_64-mingw32/bin/../lib/gcc/nios2-elf/5.3.0/../../../../../H-x86_64-mingw32/nios2-elf/lib\libsmallc.a(lib_a-strlen.o)
 .debug_abbrev  0x0000000000001010      0x2a1 d:/intelfpga/16.1/nios2eds/bin/gnu/h-x86_64-mingw32/bin/../lib/gcc/nios2-elf/5.3.0/../../../../../H-x86_64-mingw32/nios2-elf/lib\libsmallc.a(lib_a-vfprintf.o)
 .debug_abbrev  0x00000000000012b1      0x1bc d:/intelfpga/16.1/nios2eds/bin/gnu/h-x86_64-mingw32/bin/../lib/gcc/nios2-elf/5.3.0/../../../../../H-x86_64-mingw32/nios2-elf/lib\libsmallc.a(lib_a-fvwrite_small_dev.o)
 .debug_abbrev  0x000000000000146d      0x14a d:/intelfpga/16.1/nios2eds/bin/gnu/h-x86_64-mingw32/bin/../lib/gcc/nios2-elf/5.3.0/../../../../../H-x86_64-mingw32/nios2-elf/lib\libsmallc.a(lib_a-impure.o)
 .debug_abbrev  0x00000000000015b7      0x1a6 d:/intelfpga/16.1/nios2eds/bin/gnu/h-x86_64-mingw32/bin/../lib/gcc/nios2-elf/5.3.0/../../../../../H-x86_64-mingw32/nios2-elf/lib\libsmallc.a(lib_a-writer.o)
 .debug_abbrev  0x000000000000175d       0x37 d:/intelfpga/16.1/nios2eds/bin/gnu/h-x86_64-mingw32/bin/../lib/gcc/nios2-elf/5.3.0/../../../../../H-x86_64-mingw32/nios2-elf/lib\libsmallc.a(lib_a-int_errno.o)
 .debug_abbrev  0x0000000000001794       0x9f ../NIOS_APP_bsp/\libhal_bsp.a(alt_load.o)
 .debug_abbrev  0x0000000000001833       0xba ../NIOS_APP_bsp/\libhal_bsp.a(alt_main.o)
 .debug_abbrev  0x00000000000018ed       0x60 ../NIOS_APP_bsp/\libhal_bsp.a(alt_usleep.o)
 .debug_abbrev  0x000000000000194d      0x133 ../NIOS_APP_bsp/\libhal_bsp.a(alt_write.o)
 .debug_abbrev  0x0000000000001a80      0x157 ../NIOS_APP_bsp/\libhal_bsp.a(alt_sys_init.o)
 .debug_abbrev  0x0000000000001bd7       0xf7 ../NIOS_APP_bsp/\libhal_bsp.a(altera_avalon_jtag_uart_fd.o)
 .debug_abbrev  0x0000000000001cce       0xd5 ../NIOS_APP_bsp/\libhal_bsp.a(altera_avalon_jtag_uart_read.o)
 .debug_abbrev  0x0000000000001da3       0xd5 ../NIOS_APP_bsp/\libhal_bsp.a(altera_avalon_jtag_uart_write.o)
 .debug_abbrev  0x0000000000001e78      0x155 ../NIOS_APP_bsp/\libhal_bsp.a(altera_avalon_timer_sc.o)
 .debug_abbrev  0x0000000000001fcd       0x7e ../NIOS_APP_bsp/\libhal_bsp.a(alt_busy_sleep.o)
 .debug_abbrev  0x000000000000204b      0x11f ../NIOS_APP_bsp/\libhal_bsp.a(alt_close.o)
 .debug_abbrev  0x000000000000216a       0x5a ../NIOS_APP_bsp/\libhal_bsp.a(alt_dcache_flush_all.o)
 .debug_abbrev  0x00000000000021c4       0xd9 ../NIOS_APP_bsp/\libhal_bsp.a(alt_dev.o)
 .debug_abbrev  0x000000000000229d      0x114 ../NIOS_APP_bsp/\libhal_bsp.a(alt_dev_llist_insert.o)
 .debug_abbrev  0x00000000000023b1       0x79 ../NIOS_APP_bsp/\libhal_bsp.a(alt_do_ctors.o)
 .debug_abbrev  0x000000000000242a       0x79 ../NIOS_APP_bsp/\libhal_bsp.a(alt_do_dtors.o)
 .debug_abbrev  0x00000000000024a3       0x5a ../NIOS_APP_bsp/\libhal_bsp.a(alt_errno.o)
 .debug_abbrev  0x00000000000024fd       0x42 ../NIOS_APP_bsp/\libhal_bsp.a(alt_icache_flush_all.o)
 .debug_abbrev  0x000000000000253f      0x163 ../NIOS_APP_bsp/\libhal_bsp.a(alt_iic.o)
 .debug_abbrev  0x00000000000026a2      0x169 ../NIOS_APP_bsp/\libhal_bsp.a(alt_iic_isr_register.o)
 .debug_abbrev  0x000000000000280b      0x114 ../NIOS_APP_bsp/\libhal_bsp.a(alt_io_redirect.o)
 .debug_abbrev  0x000000000000291f       0x12 ../NIOS_APP_bsp/\libhal_bsp.a(alt_irq_entry.o)
 .debug_abbrev  0x0000000000002931      0x122 ../NIOS_APP_bsp/\libhal_bsp.a(alt_irq_handler.o)
 .debug_abbrev  0x0000000000002a53       0x40 ../NIOS_APP_bsp/\libhal_bsp.a(alt_irq_vars.o)
 .debug_abbrev  0x0000000000002a93      0x148 ../NIOS_APP_bsp/\libhal_bsp.a(alt_open.o)
 .debug_abbrev  0x0000000000002bdb       0xde ../NIOS_APP_bsp/\libhal_bsp.a(alt_release_fd.o)
 .debug_abbrev  0x0000000000002cb9      0x15a ../NIOS_APP_bsp/\libhal_bsp.a(alt_tick.o)
 .debug_abbrev  0x0000000000002e13       0x42 ../NIOS_APP_bsp/\libhal_bsp.a(altera_nios2_gen2_irq.o)
 .debug_abbrev  0x0000000000002e55       0x12 ../NIOS_APP_bsp/\libhal_bsp.a(alt_exception_entry.o)
 .debug_abbrev  0x0000000000002e67       0xf0 ../NIOS_APP_bsp/\libhal_bsp.a(alt_find_dev.o)
 .debug_abbrev  0x0000000000002f57       0xf0 ../NIOS_APP_bsp/\libhal_bsp.a(alt_find_file.o)
 .debug_abbrev  0x0000000000003047      0x10d ../NIOS_APP_bsp/\libhal_bsp.a(alt_get_fd.o)
 .debug_abbrev  0x0000000000003154       0x8c ../NIOS_APP_bsp/\libhal_bsp.a(alt_icache_flush.o)
 .debug_abbrev  0x00000000000031e0       0xdc ../NIOS_APP_bsp/\libhal_bsp.a(alt_instruction_exception_entry.o)
 .debug_abbrev  0x00000000000032bc       0xaa d:/intelfpga/16.1/nios2eds/bin/gnu/h-x86_64-mingw32/bin/../lib/gcc/nios2-elf/5.3.0/../../../../../H-x86_64-mingw32/nios2-elf/lib\libsmallc.a(lib_a-atexit.o)
 .debug_abbrev  0x0000000000003366       0x8b d:/intelfpga/16.1/nios2eds/bin/gnu/h-x86_64-mingw32/bin/../lib/gcc/nios2-elf/5.3.0/../../../../../H-x86_64-mingw32/nios2-elf/lib\libsmallc.a(lib_a-exit.o)
 .debug_abbrev  0x00000000000033f1       0x7f d:/intelfpga/16.1/nios2eds/bin/gnu/h-x86_64-mingw32/bin/../lib/gcc/nios2-elf/5.3.0/../../../../../H-x86_64-mingw32/nios2-elf/lib\libsmallc.a(lib_a-memcmp.o)
 .debug_abbrev  0x0000000000003470      0x1e6 d:/intelfpga/16.1/nios2eds/bin/gnu/h-x86_64-mingw32/bin/../lib/gcc/nios2-elf/5.3.0/../../../../../H-x86_64-mingw32/nios2-elf/lib\libsmallc.a(lib_a-__atexit.o)
 .debug_abbrev  0x0000000000003656      0x1f6 d:/intelfpga/16.1/nios2eds/bin/gnu/h-x86_64-mingw32/bin/../lib/gcc/nios2-elf/5.3.0/../../../../../H-x86_64-mingw32/nios2-elf/lib\libsmallc.a(lib_a-__call_atexit.o)
 .debug_abbrev  0x000000000000384c       0xa9 ../NIOS_APP_bsp/\libhal_bsp.a(alt_exit.o)

.debug_line     0x0000000000000000     0x3ecb
 *(.debug_line)
 .debug_line    0x0000000000000000       0x72 ../NIOS_APP_bsp//obj/HAL/src/crt0.o
 .debug_line    0x0000000000000072      0x2e3 obj/default/I2C_core.o
 .debug_line    0x0000000000000355      0x142 obj/default/camera.o
 .debug_line    0x0000000000000497      0x1f6 obj/default/main.o
 .debug_line    0x000000000000068d      0x125 obj/default/mipi_bridge_config.o
 .debug_line    0x00000000000007b2      0x1c1 obj/default/mipi_camera_config.o
 .debug_line    0x0000000000000973      0x102 d:/intelfpga/16.1/nios2eds/bin/gnu/h-x86_64-mingw32/bin/../lib/gcc/nios2-elf/5.3.0\libgcc.a(lib2-divmod.o)
 .debug_line    0x0000000000000a75      0x169 d:/intelfpga/16.1/nios2eds/bin/gnu/h-x86_64-mingw32/bin/../lib/gcc/nios2-elf/5.3.0\libgcc.a(divsf3.o)
 .debug_line    0x0000000000000bde       0x97 d:/intelfpga/16.1/nios2eds/bin/gnu/h-x86_64-mingw32/bin/../lib/gcc/nios2-elf/5.3.0\libgcc.a(fixsfsi.o)
 .debug_line    0x0000000000000c75       0xb0 d:/intelfpga/16.1/nios2eds/bin/gnu/h-x86_64-mingw32/bin/../lib/gcc/nios2-elf/5.3.0\libgcc.a(floatsisf.o)
 .debug_line    0x0000000000000d25       0xb7 d:/intelfpga/16.1/nios2eds/bin/gnu/h-x86_64-mingw32/bin/../lib/gcc/nios2-elf/5.3.0\libgcc.a(_clzsi2.o)
 .debug_line    0x0000000000000ddc       0x53 d:/intelfpga/16.1/nios2eds/bin/gnu/h-x86_64-mingw32/bin/../lib/gcc/nios2-elf/5.3.0\libgcc.a(_clz.o)
 .debug_line    0x0000000000000e2f      0x200 d:/intelfpga/16.1/nios2eds/bin/gnu/h-x86_64-mingw32/bin/../lib/gcc/nios2-elf/5.3.0/../../../../../H-x86_64-mingw32/nios2-elf/lib\libsmallc.a(lib_a-printf.o)
 .debug_line    0x000000000000102f      0x203 d:/intelfpga/16.1/nios2eds/bin/gnu/h-x86_64-mingw32/bin/../lib/gcc/nios2-elf/5.3.0/../../../../../H-x86_64-mingw32/nios2-elf/lib\libsmallc.a(lib_a-puts.o)
 .debug_line    0x0000000000001232      0x159 d:/intelfpga/16.1/nios2eds/bin/gnu/h-x86_64-mingw32/bin/../lib/gcc/nios2-elf/5.3.0/../../../../../H-x86_64-mingw32/nios2-elf/lib\libsmallc.a(lib_a-strlen.o)
 .debug_line    0x000000000000138b      0x34f d:/intelfpga/16.1/nios2eds/bin/gnu/h-x86_64-mingw32/bin/../lib/gcc/nios2-elf/5.3.0/../../../../../H-x86_64-mingw32/nios2-elf/lib\libsmallc.a(lib_a-vfprintf.o)
 .debug_line    0x00000000000016da      0x1ed d:/intelfpga/16.1/nios2eds/bin/gnu/h-x86_64-mingw32/bin/../lib/gcc/nios2-elf/5.3.0/../../../../../H-x86_64-mingw32/nios2-elf/lib\libsmallc.a(lib_a-fvwrite_small_dev.o)
 .debug_line    0x00000000000018c7      0x153 d:/intelfpga/16.1/nios2eds/bin/gnu/h-x86_64-mingw32/bin/../lib/gcc/nios2-elf/5.3.0/../../../../../H-x86_64-mingw32/nios2-elf/lib\libsmallc.a(lib_a-impure.o)
 .debug_line    0x0000000000001a1a      0x1ea d:/intelfpga/16.1/nios2eds/bin/gnu/h-x86_64-mingw32/bin/../lib/gcc/nios2-elf/5.3.0/../../../../../H-x86_64-mingw32/nios2-elf/lib\libsmallc.a(lib_a-writer.o)
 .debug_line    0x0000000000001c04       0x5c d:/intelfpga/16.1/nios2eds/bin/gnu/h-x86_64-mingw32/bin/../lib/gcc/nios2-elf/5.3.0/../../../../../H-x86_64-mingw32/nios2-elf/lib\libsmallc.a(lib_a-int_errno.o)
 .debug_line    0x0000000000001c60       0x8e ../NIOS_APP_bsp/\libhal_bsp.a(alt_load.o)
 .debug_line    0x0000000000001cee       0xa4 ../NIOS_APP_bsp/\libhal_bsp.a(alt_main.o)
 .debug_line    0x0000000000001d92       0xa8 ../NIOS_APP_bsp/\libhal_bsp.a(alt_usleep.o)
 .debug_line    0x0000000000001e3a      0x1d1 ../NIOS_APP_bsp/\libhal_bsp.a(alt_write.o)
 .debug_line    0x000000000000200b      0x142 ../NIOS_APP_bsp/\libhal_bsp.a(alt_sys_init.o)
 .debug_line    0x000000000000214d      0x112 ../NIOS_APP_bsp/\libhal_bsp.a(altera_avalon_jtag_uart_fd.o)
 .debug_line    0x000000000000225f       0xfd ../NIOS_APP_bsp/\libhal_bsp.a(altera_avalon_jtag_uart_read.o)
 .debug_line    0x000000000000235c       0xf4 ../NIOS_APP_bsp/\libhal_bsp.a(altera_avalon_jtag_uart_write.o)
 .debug_line    0x0000000000002450       0xfd ../NIOS_APP_bsp/\libhal_bsp.a(altera_avalon_timer_sc.o)
 .debug_line    0x000000000000254d       0xa0 ../NIOS_APP_bsp/\libhal_bsp.a(alt_busy_sleep.o)
 .debug_line    0x00000000000025ed      0x160 ../NIOS_APP_bsp/\libhal_bsp.a(alt_close.o)
 .debug_line    0x000000000000274d       0x61 ../NIOS_APP_bsp/\libhal_bsp.a(alt_dcache_flush_all.o)
 .debug_line    0x00000000000027ae       0xf3 ../NIOS_APP_bsp/\libhal_bsp.a(alt_dev.o)
 .debug_line    0x00000000000028a1       0xcf ../NIOS_APP_bsp/\libhal_bsp.a(alt_dev_llist_insert.o)
 .debug_line    0x0000000000002970       0x59 ../NIOS_APP_bsp/\libhal_bsp.a(alt_do_ctors.o)
 .debug_line    0x00000000000029c9       0x59 ../NIOS_APP_bsp/\libhal_bsp.a(alt_do_dtors.o)
 .debug_line    0x0000000000002a22       0x51 ../NIOS_APP_bsp/\libhal_bsp.a(alt_errno.o)
 .debug_line    0x0000000000002a73       0x50 ../NIOS_APP_bsp/\libhal_bsp.a(alt_icache_flush_all.o)
 .debug_line    0x0000000000002ac3       0xeb ../NIOS_APP_bsp/\libhal_bsp.a(alt_iic.o)
 .debug_line    0x0000000000002bae       0xdb ../NIOS_APP_bsp/\libhal_bsp.a(alt_iic_isr_register.o)
 .debug_line    0x0000000000002c89      0x12e ../NIOS_APP_bsp/\libhal_bsp.a(alt_io_redirect.o)
 .debug_line    0x0000000000002db7       0x6b ../NIOS_APP_bsp/\libhal_bsp.a(alt_irq_entry.o)
 .debug_line    0x0000000000002e22       0xaa ../NIOS_APP_bsp/\libhal_bsp.a(alt_irq_handler.o)
 .debug_line    0x0000000000002ecc       0x50 ../NIOS_APP_bsp/\libhal_bsp.a(alt_irq_vars.o)
 .debug_line    0x0000000000002f1c      0x128 ../NIOS_APP_bsp/\libhal_bsp.a(alt_open.o)
 .debug_line    0x0000000000003044       0xae ../NIOS_APP_bsp/\libhal_bsp.a(alt_release_fd.o)
 .debug_line    0x00000000000030f2       0xff ../NIOS_APP_bsp/\libhal_bsp.a(alt_tick.o)
 .debug_line    0x00000000000031f1       0x51 ../NIOS_APP_bsp/\libhal_bsp.a(altera_nios2_gen2_irq.o)
 .debug_line    0x0000000000003242       0xb3 ../NIOS_APP_bsp/\libhal_bsp.a(alt_exception_entry.o)
 .debug_line    0x00000000000032f5       0xb5 ../NIOS_APP_bsp/\libhal_bsp.a(alt_find_dev.o)
 .debug_line    0x00000000000033aa       0xd1 ../NIOS_APP_bsp/\libhal_bsp.a(alt_find_file.o)
 .debug_line    0x000000000000347b       0xd4 ../NIOS_APP_bsp/\libhal_bsp.a(alt_get_fd.o)
 .debug_line    0x000000000000354f       0x81 ../NIOS_APP_bsp/\libhal_bsp.a(alt_icache_flush.o)
 .debug_line    0x00000000000035d0       0xba ../NIOS_APP_bsp/\libhal_bsp.a(alt_instruction_exception_entry.o)
 .debug_line    0x000000000000368a       0xe4 d:/intelfpga/16.1/nios2eds/bin/gnu/h-x86_64-mingw32/bin/../lib/gcc/nios2-elf/5.3.0/../../../../../H-x86_64-mingw32/nios2-elf/lib\libsmallc.a(lib_a-atexit.o)
 .debug_line    0x000000000000376e      0x156 d:/intelfpga/16.1/nios2eds/bin/gnu/h-x86_64-mingw32/bin/../lib/gcc/nios2-elf/5.3.0/../../../../../H-x86_64-mingw32/nios2-elf/lib\libsmallc.a(lib_a-exit.o)
 .debug_line    0x00000000000038c4      0x15d d:/intelfpga/16.1/nios2eds/bin/gnu/h-x86_64-mingw32/bin/../lib/gcc/nios2-elf/5.3.0/../../../../../H-x86_64-mingw32/nios2-elf/lib\libsmallc.a(lib_a-memcmp.o)
 .debug_line    0x0000000000003a21      0x20a d:/intelfpga/16.1/nios2eds/bin/gnu/h-x86_64-mingw32/bin/../lib/gcc/nios2-elf/5.3.0/../../../../../H-x86_64-mingw32/nios2-elf/lib\libsmallc.a(lib_a-__atexit.o)
 .debug_line    0x0000000000003c2b      0x22f d:/intelfpga/16.1/nios2eds/bin/gnu/h-x86_64-mingw32/bin/../lib/gcc/nios2-elf/5.3.0/../../../../../H-x86_64-mingw32/nios2-elf/lib\libsmallc.a(lib_a-__call_atexit.o)
 .debug_line    0x0000000000003e5a       0x71 ../NIOS_APP_bsp/\libhal_bsp.a(alt_exit.o)

.debug_frame    0x0000000000000000     0x12ec
 *(.debug_frame)
 .debug_frame   0x0000000000000000      0x210 obj/default/I2C_core.o
 .debug_frame   0x0000000000000210       0xd8 obj/default/camera.o
 .debug_frame   0x00000000000002e8      0x14c obj/default/main.o
 .debug_frame   0x0000000000000434       0xac obj/default/mipi_bridge_config.o
 .debug_frame   0x00000000000004e0      0x128 obj/default/mipi_camera_config.o
 .debug_frame   0x0000000000000608       0x50 d:/intelfpga/16.1/nios2eds/bin/gnu/h-x86_64-mingw32/bin/../lib/gcc/nios2-elf/5.3.0\libgcc.a(lib2-divmod.o)
 .debug_frame   0x0000000000000658       0x58 d:/intelfpga/16.1/nios2eds/bin/gnu/h-x86_64-mingw32/bin/../lib/gcc/nios2-elf/5.3.0\libgcc.a(divsf3.o)
 .debug_frame   0x00000000000006b0       0x20 d:/intelfpga/16.1/nios2eds/bin/gnu/h-x86_64-mingw32/bin/../lib/gcc/nios2-elf/5.3.0\libgcc.a(fixsfsi.o)
 .debug_frame   0x00000000000006d0       0x38 d:/intelfpga/16.1/nios2eds/bin/gnu/h-x86_64-mingw32/bin/../lib/gcc/nios2-elf/5.3.0\libgcc.a(floatsisf.o)
 .debug_frame   0x0000000000000708       0x20 d:/intelfpga/16.1/nios2eds/bin/gnu/h-x86_64-mingw32/bin/../lib/gcc/nios2-elf/5.3.0\libgcc.a(_clzsi2.o)
 .debug_frame   0x0000000000000728       0x48 d:/intelfpga/16.1/nios2eds/bin/gnu/h-x86_64-mingw32/bin/../lib/gcc/nios2-elf/5.3.0/../../../../../H-x86_64-mingw32/nios2-elf/lib\libsmallc.a(lib_a-printf.o)
 .debug_frame   0x0000000000000770       0x48 d:/intelfpga/16.1/nios2eds/bin/gnu/h-x86_64-mingw32/bin/../lib/gcc/nios2-elf/5.3.0/../../../../../H-x86_64-mingw32/nios2-elf/lib\libsmallc.a(lib_a-puts.o)
 .debug_frame   0x00000000000007b8       0x20 d:/intelfpga/16.1/nios2eds/bin/gnu/h-x86_64-mingw32/bin/../lib/gcc/nios2-elf/5.3.0/../../../../../H-x86_64-mingw32/nios2-elf/lib\libsmallc.a(lib_a-strlen.o)
 .debug_frame   0x00000000000007d8       0x8c d:/intelfpga/16.1/nios2eds/bin/gnu/h-x86_64-mingw32/bin/../lib/gcc/nios2-elf/5.3.0/../../../../../H-x86_64-mingw32/nios2-elf/lib\libsmallc.a(lib_a-vfprintf.o)
 .debug_frame   0x0000000000000864       0x58 d:/intelfpga/16.1/nios2eds/bin/gnu/h-x86_64-mingw32/bin/../lib/gcc/nios2-elf/5.3.0/../../../../../H-x86_64-mingw32/nios2-elf/lib\libsmallc.a(lib_a-fvwrite_small_dev.o)
 .debug_frame   0x00000000000008bc       0x38 d:/intelfpga/16.1/nios2eds/bin/gnu/h-x86_64-mingw32/bin/../lib/gcc/nios2-elf/5.3.0/../../../../../H-x86_64-mingw32/nios2-elf/lib\libsmallc.a(lib_a-writer.o)
 .debug_frame   0x00000000000008f4       0x5c ../NIOS_APP_bsp/\libhal_bsp.a(alt_load.o)
 .debug_frame   0x0000000000000950       0x2c ../NIOS_APP_bsp/\libhal_bsp.a(alt_main.o)
 .debug_frame   0x000000000000097c       0x38 ../NIOS_APP_bsp/\libhal_bsp.a(alt_usleep.o)
 .debug_frame   0x00000000000009b4       0x60 ../NIOS_APP_bsp/\libhal_bsp.a(alt_write.o)
 .debug_frame   0x0000000000000a14       0x88 ../NIOS_APP_bsp/\libhal_bsp.a(alt_sys_init.o)
 .debug_frame   0x0000000000000a9c       0x60 ../NIOS_APP_bsp/\libhal_bsp.a(altera_avalon_jtag_uart_fd.o)
 .debug_frame   0x0000000000000afc       0x34 ../NIOS_APP_bsp/\libhal_bsp.a(altera_avalon_jtag_uart_read.o)
 .debug_frame   0x0000000000000b30       0x34 ../NIOS_APP_bsp/\libhal_bsp.a(altera_avalon_jtag_uart_write.o)
 .debug_frame   0x0000000000000b64       0x60 ../NIOS_APP_bsp/\libhal_bsp.a(altera_avalon_timer_sc.o)
 .debug_frame   0x0000000000000bc4       0x38 ../NIOS_APP_bsp/\libhal_bsp.a(alt_busy_sleep.o)
 .debug_frame   0x0000000000000bfc       0x60 ../NIOS_APP_bsp/\libhal_bsp.a(alt_close.o)
 .debug_frame   0x0000000000000c5c       0x34 ../NIOS_APP_bsp/\libhal_bsp.a(alt_dcache_flush_all.o)
 .debug_frame   0x0000000000000c90       0x34 ../NIOS_APP_bsp/\libhal_bsp.a(alt_dev.o)
 .debug_frame   0x0000000000000cc4       0x60 ../NIOS_APP_bsp/\libhal_bsp.a(alt_dev_llist_insert.o)
 .debug_frame   0x0000000000000d24       0x38 ../NIOS_APP_bsp/\libhal_bsp.a(alt_do_ctors.o)
 .debug_frame   0x0000000000000d5c       0x38 ../NIOS_APP_bsp/\libhal_bsp.a(alt_do_dtors.o)
 .debug_frame   0x0000000000000d94       0x38 ../NIOS_APP_bsp/\libhal_bsp.a(alt_icache_flush_all.o)
 .debug_frame   0x0000000000000dcc       0xa4 ../NIOS_APP_bsp/\libhal_bsp.a(alt_iic.o)
 .debug_frame   0x0000000000000e70       0x38 ../NIOS_APP_bsp/\libhal_bsp.a(alt_iic_isr_register.o)
 .debug_frame   0x0000000000000ea8       0x60 ../NIOS_APP_bsp/\libhal_bsp.a(alt_io_redirect.o)
 .debug_frame   0x0000000000000f08       0x38 ../NIOS_APP_bsp/\libhal_bsp.a(alt_irq_handler.o)
 .debug_frame   0x0000000000000f40       0x84 ../NIOS_APP_bsp/\libhal_bsp.a(alt_open.o)
 .debug_frame   0x0000000000000fc4       0x34 ../NIOS_APP_bsp/\libhal_bsp.a(alt_release_fd.o)
 .debug_frame   0x0000000000000ff8       0x5c ../NIOS_APP_bsp/\libhal_bsp.a(alt_tick.o)
 .debug_frame   0x0000000000001054       0x34 ../NIOS_APP_bsp/\libhal_bsp.a(altera_nios2_gen2_irq.o)
 .debug_frame   0x0000000000001088       0x38 ../NIOS_APP_bsp/\libhal_bsp.a(alt_find_dev.o)
 .debug_frame   0x00000000000010c0       0x38 ../NIOS_APP_bsp/\libhal_bsp.a(alt_find_file.o)
 .debug_frame   0x00000000000010f8       0x34 ../NIOS_APP_bsp/\libhal_bsp.a(alt_get_fd.o)
 .debug_frame   0x000000000000112c       0x34 ../NIOS_APP_bsp/\libhal_bsp.a(alt_icache_flush.o)
 .debug_frame   0x0000000000001160       0x5c ../NIOS_APP_bsp/\libhal_bsp.a(alt_instruction_exception_entry.o)
 .debug_frame   0x00000000000011bc       0x20 d:/intelfpga/16.1/nios2eds/bin/gnu/h-x86_64-mingw32/bin/../lib/gcc/nios2-elf/5.3.0/../../../../../H-x86_64-mingw32/nios2-elf/lib\libsmallc.a(lib_a-atexit.o)
 .debug_frame   0x00000000000011dc       0x28 d:/intelfpga/16.1/nios2eds/bin/gnu/h-x86_64-mingw32/bin/../lib/gcc/nios2-elf/5.3.0/../../../../../H-x86_64-mingw32/nios2-elf/lib\libsmallc.a(lib_a-exit.o)
 .debug_frame   0x0000000000001204       0x20 d:/intelfpga/16.1/nios2eds/bin/gnu/h-x86_64-mingw32/bin/../lib/gcc/nios2-elf/5.3.0/../../../../../H-x86_64-mingw32/nios2-elf/lib\libsmallc.a(lib_a-memcmp.o)
 .debug_frame   0x0000000000001224       0x48 d:/intelfpga/16.1/nios2eds/bin/gnu/h-x86_64-mingw32/bin/../lib/gcc/nios2-elf/5.3.0/../../../../../H-x86_64-mingw32/nios2-elf/lib\libsmallc.a(lib_a-__atexit.o)
 .debug_frame   0x000000000000126c       0x54 d:/intelfpga/16.1/nios2eds/bin/gnu/h-x86_64-mingw32/bin/../lib/gcc/nios2-elf/5.3.0/../../../../../H-x86_64-mingw32/nios2-elf/lib\libsmallc.a(lib_a-__call_atexit.o)
 .debug_frame   0x00000000000012c0       0x2c ../NIOS_APP_bsp/\libhal_bsp.a(alt_exit.o)

.debug_str      0x0000000000000000     0x2461
 *(.debug_str)
 .debug_str     0x0000000000000000      0x31e obj/default/I2C_core.o
                                        0x368 (size before relaxing)
 .debug_str     0x000000000000031e       0x95 obj/default/camera.o
                                        0x24a (size before relaxing)
 .debug_str     0x00000000000003b3       0xc3 obj/default/main.o
                                        0x273 (size before relaxing)
 .debug_str     0x0000000000000476       0x79 obj/default/mipi_bridge_config.o
                                        0x230 (size before relaxing)
 .debug_str     0x00000000000004ef       0xda obj/default/mipi_camera_config.o
                                        0x29f (size before relaxing)
 .debug_str     0x00000000000005c9      0x16d d:/intelfpga/16.1/nios2eds/bin/gnu/h-x86_64-mingw32/bin/../lib/gcc/nios2-elf/5.3.0\libgcc.a(lib2-divmod.o)
                                        0x1b8 (size before relaxing)
 .debug_str     0x0000000000000736      0x118 d:/intelfpga/16.1/nios2eds/bin/gnu/h-x86_64-mingw32/bin/../lib/gcc/nios2-elf/5.3.0\libgcc.a(divsf3.o)
                                        0x286 (size before relaxing)
 .debug_str     0x000000000000084e       0x4b d:/intelfpga/16.1/nios2eds/bin/gnu/h-x86_64-mingw32/bin/../lib/gcc/nios2-elf/5.3.0\libgcc.a(fixsfsi.o)
                                        0x1ff (size before relaxing)
 .debug_str     0x0000000000000899       0x82 d:/intelfpga/16.1/nios2eds/bin/gnu/h-x86_64-mingw32/bin/../lib/gcc/nios2-elf/5.3.0\libgcc.a(floatsisf.o)
                                        0x234 (size before relaxing)
 .debug_str     0x000000000000091b       0x63 d:/intelfpga/16.1/nios2eds/bin/gnu/h-x86_64-mingw32/bin/../lib/gcc/nios2-elf/5.3.0\libgcc.a(_clzsi2.o)
                                        0x1e6 (size before relaxing)
 .debug_str     0x000000000000097e      0x1c9 d:/intelfpga/16.1/nios2eds/bin/gnu/h-x86_64-mingw32/bin/../lib/gcc/nios2-elf/5.3.0\libgcc.a(_clz.o)
 .debug_str     0x000000000000097e      0x407 d:/intelfpga/16.1/nios2eds/bin/gnu/h-x86_64-mingw32/bin/../lib/gcc/nios2-elf/5.3.0/../../../../../H-x86_64-mingw32/nios2-elf/lib\libsmallc.a(lib_a-printf.o)
                                        0x4ea (size before relaxing)
 .debug_str     0x0000000000000d85       0x60 d:/intelfpga/16.1/nios2eds/bin/gnu/h-x86_64-mingw32/bin/../lib/gcc/nios2-elf/5.3.0/../../../../../H-x86_64-mingw32/nios2-elf/lib\libsmallc.a(lib_a-puts.o)
                                        0x4b3 (size before relaxing)
 .debug_str     0x0000000000000de5       0xc4 d:/intelfpga/16.1/nios2eds/bin/gnu/h-x86_64-mingw32/bin/../lib/gcc/nios2-elf/5.3.0/../../../../../H-x86_64-mingw32/nios2-elf/lib\libsmallc.a(lib_a-strlen.o)
                                        0x1cb (size before relaxing)
 .debug_str     0x0000000000000ea9      0x1e3 d:/intelfpga/16.1/nios2eds/bin/gnu/h-x86_64-mingw32/bin/../lib/gcc/nios2-elf/5.3.0/../../../../../H-x86_64-mingw32/nios2-elf/lib\libsmallc.a(lib_a-vfprintf.o)
                                        0x665 (size before relaxing)
 .debug_str     0x000000000000108c       0x60 d:/intelfpga/16.1/nios2eds/bin/gnu/h-x86_64-mingw32/bin/../lib/gcc/nios2-elf/5.3.0/../../../../../H-x86_64-mingw32/nios2-elf/lib\libsmallc.a(lib_a-fvwrite_small_dev.o)
                                        0x4ba (size before relaxing)
 .debug_str     0x00000000000010ec       0xe1 d:/intelfpga/16.1/nios2eds/bin/gnu/h-x86_64-mingw32/bin/../lib/gcc/nios2-elf/5.3.0/../../../../../H-x86_64-mingw32/nios2-elf/lib\libsmallc.a(lib_a-impure.o)
                                        0x4a4 (size before relaxing)
 .debug_str     0x00000000000011cd       0x42 d:/intelfpga/16.1/nios2eds/bin/gnu/h-x86_64-mingw32/bin/../lib/gcc/nios2-elf/5.3.0/../../../../../H-x86_64-mingw32/nios2-elf/lib\libsmallc.a(lib_a-writer.o)
                                        0x49e (size before relaxing)
 .debug_str     0x000000000000120f       0x3c d:/intelfpga/16.1/nios2eds/bin/gnu/h-x86_64-mingw32/bin/../lib/gcc/nios2-elf/5.3.0/../../../../../H-x86_64-mingw32/nios2-elf/lib\libsmallc.a(lib_a-int_errno.o)
                                        0x1be (size before relaxing)